<html>
<body>
<pre>
<h1>µVision Build Log</h1>
<h2>Tool Versions:</h2>
IDE-Version: µVision V5.29.0.0
Copyright (C) 2019 ARM Ltd and ARM Germany GmbH. All rights reserved.
License Information: w blzm9, e, LIC=H7GU5-GG7Q0-IWXJA-EJPKQ-3FT8E-5DIH8
 
Tool Versions:
Toolchain:       MDK-ARM Cortex-M0/M0+ for ST  Version: 5.29.0.0
Toolchain Path:  C:\Keil_v5\ARM\ARMCC\Bin
C Compiler:      Armcc.exe V5.06 update 6 (build 750)
Assembler:       Armasm.exe V5.06 update 6 (build 750)
Linker/Locator:  ArmLink.exe V5.06 update 6 (build 750)
Library Manager: ArmAr.exe V5.06 update 6 (build 750)
Hex Converter:   FromElf.exe V5.06 update 6 (build 750)
CPU DLL:         SARMCM3.DLL V5.29.0.0
Dialog DLL:      DARMCM1.DLL V1.19.2.0
Target DLL:      STLink\ST-LINKIII-KEIL_SWO.dll V3.0.7.0
Dialog DLL:      TARMCM1.DLL V1.14.1.0
 
<h2>Project:</h2>
C:\Users\blzm9\ST\BlueNRG-1_2 DK 3.1.0\Project\BLE_Examples\BLE_SensorDemo\MDK-ARM\BlueNRG-2\BLE_SensorDemo.uvprojx
Project File Date:  03/04/2020

<h2>Output:</h2>
*** Using Compiler 'V5.06 update 6 (build 750)', folder: 'C:\Keil_v5\ARM\ARMCC\Bin'
Rebuild target 'HigherApp_OTA'
assembling context_switch.s...
compiling osal.c...
compiling clock.c...
compiling miscutil.c...
compiling BlueNRG1_dma.c...
compiling BlueNRG1_adc.c...
compiling sleep.c...
compiling BlueNRG1_flash.c...
compiling BlueNRG1_gpio.c...
compiling BlueNRG1_mft.c...
compiling BlueNRG1_i2c.c...
compiling BlueNRG1_pka.c...
compiling BlueNRG1_sysCtrl.c...
compiling BlueNRG1_rtc.c...
compiling BlueNRG1_spi.c...
compiling BlueNRG1_wdg.c...
compiling misc.c...
compiling BlueNRG1_uart.c...
compiling LPS25HB.c...
compiling OTA_btl.c...
compiling LSM6DS3.c...
compiling SDK_EVAL_Button.c...
compiling SDK_EVAL_Config.c...
compiling SDK_EVAL_Com.c...
compiling SDK_EVAL_I2C.c...
compiling SDK_EVAL_Led.c...
compiling SDK_EVAL_SPI.c...
compiling stack_user_cfg.c...
compiling system_bluenrg1.c...
compiling BlueNRG1_it.c...
compiling gatt_db.c...
compiling sensor.c...
compiling SensorDemo_main.c...
linking...
Program Size: Code=76556 RO-data=840 RW-data=916 ZI-data=20548  
FromELF: creating hex file...
After Build - User command #1: fromelf.exe --bin HigherApp_OTA\Objects\BLE_SensorDemo_HigherApp_OTA.axf --output HigherApp_OTA\Objects\BLE_SensorDemo_HigherApp_OTA.bin
".\HigherApp_OTA\Objects\BLE_SensorDemo_HigherApp_OTA.axf" - 0 Error(s), 0 Warning(s).

<h2>Software Packages used:</h2>

Package Vendor: Keil
                http://www.keil.com/pack/Keil.STBlueNRG-2_DFP.1.0.1.pack
                Keil.STBlueNRG-2_DFP.1.0.1
                STMicroelectronics BlueNRG-2 Series Device Support

<h2>Collection of Component include folders:</h2>
  .\RTE\_HigherApp_OTA

<h2>Collection of Component Files used:</h2>
Build Time Elapsed:  00:00:04
</pre>
</body>
</html>
