Component: ARM Compiler 5.06 update 6 (build 750) Tool: armlink [4d35ed]

==============================================================================

Section Cross References

    clock.o(i.Clock_Time) refers to clock.o(.data) for .data
    clock.o(i.Clock_Wait) refers to clock.o(.data) for .data
    clock.o(i.SysCount_Handler) refers to clock.o(.data) for .data
    context_switch.o(. text) refers to system_bluenrg1.o(.savedMSP) for savedMSP
    context_switch.o(. text) refers to system_bluenrg1.o(.data) for savedICSR
    context_switch.o(. text) refers to system_bluenrg1.o(.data) for savedSHCSR
    context_switch.o(. text) refers to system_bluenrg1.o(.data) for savedNVIC_ISPR
    miscutil.o(i.BLEPLAT_get_part_info) refers to miscutil.o(i.HAL_GetPartInfo) for HAL_GetPartInfo
    miscutil.o(i.HAL_CrashHandler) refers to uwrite4.o(.text) for __aeabi_uwrite4
    miscutil.o(i.HAL_CrashHandler) refers to miscutil.o(.__crash_RAM) for .__crash_RAM
    miscutil.o(i.HAL_GetCrashInfo) refers to memmove.o(.text) for __aeabi_memcpy
    miscutil.o(i.HAL_GetCrashInfo) refers to uwrite4.o(.text) for __aeabi_uwrite4
    miscutil.o(i.HAL_GetCrashInfo) refers to miscutil.o(.__crash_RAM) for .__crash_RAM
    osal.o(i.Osal_MemCmp) refers to memcmp.o(.text) for memcmp
    osal.o(i.Osal_MemCpy) refers to memmove.o(.text) for memcpy
    osal.o(i.Osal_MemSet) refers to memseta.o(.text) for memset
    sleep.o(i.BlueNRG_InternalSleep) refers to miscutil.o(i.HAL_GetPartInfo) for HAL_GetPartInfo
    sleep.o(i.BlueNRG_InternalSleep) refers to system_bluenrg1.o(i.SET_BORconfigStatus) for SET_BORconfigStatus
    sleep.o(i.BlueNRG_InternalSleep) refers to misc.o(i.SystemSleepCmd) for SystemSleepCmd
    sleep.o(i.BlueNRG_InternalSleep) refers to context_switch.o(. text) for CS_contextSave
    sleep.o(i.BlueNRG_InternalSleep) refers to system_bluenrg1.o(.intvec) for __vector_table
    sleep.o(i.BlueNRG_InternalSleep) refers to sleep.o(.data) for .data
    sleep.o(i.BlueNRG_InternalSleep) refers to sleep.o(.bss) for .bss
    sleep.o(i.BlueNRG_InternalSleep) refers to system_bluenrg1.o(.flash_sw_lock) for flash_sw_lock
    sleep.o(i.BlueNRG_InternalSleep) refers to system_bluenrg1.o(.rfTimeout) for rfTimeout
    sleep.o(i.BlueNRG_InternalSleep) refers to system_bluenrg1.o(.wakeupFromSleepFlag) for wakeupFromSleepFlag
    sleep.o(i.BlueNRG_InternalSleep) refers to system_bluenrg1.o(i.DeviceConfiguration) for DeviceConfiguration
    sleep.o(i.BlueNRG_InternalSleep) refers to bluenrg1_sysctrl.o(i.SysCtrl_GetWakeupResetReason) for SysCtrl_GetWakeupResetReason
    sleep.o(i.BlueNRG_InternalSleep) refers to system_bluenrg1.o(.data) for savedNVIC_ISPR
    sleep.o(i.BlueNRG_InternalSleep) refers to system_bluenrg1.o(.data) for savedSHCSR
    sleep.o(i.BlueNRG_InternalSleep) refers to system_bluenrg1.o(.data) for savedICSR
    sleep.o(i.BlueNRG_InternalSleep) refers to system_bluenrg1.o(.bss.__blue_RAM) for __blue_RAM
    sleep.o(i.BlueNRG_Sleep) refers to bluenrg_main_func_speed.o(i.BlueNRG_Stack_Perform_Deep_Sleep_Check) for BlueNRG_Stack_Perform_Deep_Sleep_Check
    sleep.o(i.BlueNRG_Sleep) refers to sensordemo_main.o(i.App_SleepMode_Check) for App_SleepMode_Check
    sleep.o(i.BlueNRG_Sleep) refers to sleep.o(i.BlueNRG_InternalSleep) for BlueNRG_InternalSleep
    sleep.o(i.BlueNRG_Sleep) refers to system_bluenrg1.o(.wakeupFromSleepFlag) for wakeupFromSleepFlag
    sleep.o(i.BlueNRG_Sleep) refers to sleep.o(.bss) for .bss
    bluenrg1_adc.o(i.ADC_ConvertBatterySensor) refers to bluenrg1_adc.o(i.ADC_ConvertSingleEndedVoltage) for ADC_ConvertSingleEndedVoltage
    bluenrg1_adc.o(i.ADC_ConvertBatterySensor) refers to fmul.o(.text) for __aeabi_fmul
    bluenrg1_adc.o(i.ADC_ConvertDifferentialVoltage) refers to ffltui.o(.text) for __aeabi_ui2f
    bluenrg1_adc.o(i.ADC_ConvertDifferentialVoltage) refers to fflti.o(.text) for __aeabi_i2f
    bluenrg1_adc.o(i.ADC_ConvertDifferentialVoltage) refers to fdiv.o(.text) for __aeabi_fdiv
    bluenrg1_adc.o(i.ADC_ConvertDifferentialVoltage) refers to fadd.o(.text) for __aeabi_fadd
    bluenrg1_adc.o(i.ADC_ConvertDifferentialVoltage) refers to fmul.o(.text) for __aeabi_fmul
    bluenrg1_adc.o(i.ADC_ConvertSingleEndedVoltage) refers to fflti.o(.text) for __aeabi_i2f
    bluenrg1_adc.o(i.ADC_ConvertSingleEndedVoltage) refers to ffltui.o(.text) for __aeabi_ui2f
    bluenrg1_adc.o(i.ADC_ConvertSingleEndedVoltage) refers to fadd.o(.text) for __aeabi_fadd
    bluenrg1_adc.o(i.ADC_ConvertSingleEndedVoltage) refers to f2d.o(.text) for __aeabi_f2d
    bluenrg1_adc.o(i.ADC_ConvertSingleEndedVoltage) refers to fdiv.o(.text) for __aeabi_fdiv
    bluenrg1_adc.o(i.ADC_ConvertSingleEndedVoltage) refers to fmul.o(.text) for __aeabi_fmul
    bluenrg1_adc.o(i.ADC_ConvertSingleEndedVoltage) refers to dadd.o(.text) for __aeabi_drsub
    bluenrg1_adc.o(i.ADC_ConvertSingleEndedVoltage) refers to dmul.o(.text) for __aeabi_dmul
    bluenrg1_adc.o(i.ADC_ConvertSingleEndedVoltage) refers to d2f.o(.text) for __aeabi_d2f
[...]
    0x10065a94   0x10065a94   0x00000184   Code   RO         3962    i.LL_Init           libbluenrg1_stack.a(rom_ll_ll_routines.o)
    0x10065c18   0x10065c18   0x00000028   Code   RO         3751    i.LL_LE_Clear_White_List  libbluenrg1_stack.a(ll_privacy.o)
    0x10065c40   0x10065c40   0x00000050   Code   RO         3964    i.LL_Send_ACL_Data  libbluenrg1_stack.a(rom_ll_ll_routines.o)
    0x10065c90   0x10065c90   0x000000a4   Code   RO         3380    i.LL_Send_Disconnection_Req  libbluenrg1_stack.a(ll_routines.o)
    0x10065d34   0x10065d34   0x000000d0   Code   RO         3381    i.LL_Send_Length_Req  libbluenrg1_stack.a(ll_routines.o)
    0x10065e04   0x10065e04   0x000000b4   Code   RO         3382    i.LL_Send_Length_Resp  libbluenrg1_stack.a(ll_routines.o)
    0x10065eb8   0x10065eb8   0x00000008   Code   RO         2524    i.LL_Send_Length_Resp_ucfg  stack_user_cfg.o
    0x10065ec0   0x10065ec0   0x00000078   Code   RO         3966    i.LL_Set_Adv_Data   libbluenrg1_stack.a(rom_ll_ll_routines.o)
    0x10065f38   0x10065f38   0x000000d0   Code   RO         3967    i.LL_Set_Adv_PDU_Format  libbluenrg1_stack.a(rom_ll_ll_routines.o)
    0x10066008   0x10066008   0x0000014c   Code   RO         3968    i.LL_Set_Adv_Params  libbluenrg1_stack.a(rom_ll_ll_routines.o)
    0x10066154   0x10066154   0x00000088   Code   RO         3969    i.LL_Set_Advertising_Buffers  libbluenrg1_stack.a(rom_ll_ll_routines.o)
    0x100661dc   0x100661dc   0x000000b0   Code   RO         3384    i.LL_Set_Data_Length  libbluenrg1_stack.a(ll_routines.o)
    0x1006628c   0x1006628c   0x00000038   Code   RO         3970    i.LL_Set_DirectAddress  libbluenrg1_stack.a(rom_ll_ll_routines.o)
    0x100662c4   0x100662c4   0x0000009c   Code   RO         3808    i.LL_Set_LTK        libbluenrg1_stack.a(ll_routines_support.o)
    0x10066360   0x10066360   0x00000024   Code   RO         3971    i.LL_Set_OwnAddress  libbluenrg1_stack.a(rom_ll_ll_routines.o)
    0x10066384   0x10066384   0x0000005c   Code   RO         3972    i.LL_Set_Scan_Resp_Data  libbluenrg1_stack.a(rom_ll_ll_routines.o)
    0x100663e0   0x100663e0   0x00000058   Code   RO         4209    i.LL_Sleep_Req      libbluenrg1_stack.a(bluenrg_main_func_speed.o)
    0x10066438   0x10066438   0x0000004c   Code   RO         3973    i.LL_Update_Advertising_Buffers  libbluenrg1_stack.a(rom_ll_ll_routines.o)
    0x10066484   0x10066484   0x00000048   Code   RO         3974    i.LL_Update_Scanning_Initiating_Buffers  libbluenrg1_stack.a(rom_ll_ll_routines.o)
    0x100664cc   0x100664cc   0x00000094   Code   RO         3721    i.LL_receive_data   libbluenrg1_stack.a(isr_routines.o)
    0x10066560   0x10066560   0x00000098   Code   RO         3938    i.LL_update_proc    libbluenrg1_stack.a(rom_ll_isr_routines.o)
    0x100665f8   0x100665f8   0x00000054   Code   RO         1884    i.LPS25HB_GetPressure  lps25hb.o
    0x1006664c   0x1006664c   0x0000004c   Code   RO         1885    i.LPS25HB_GetTemperature  lps25hb.o
    0x10066698   0x10066698   0x000000cc   Code   RO         1886    i.LPS25HB_Init      lps25hb.o
    0x10066764   0x10066764   0x00000038   Code   RO         1887    i.LPS25HB_PowerOff  lps25hb.o
    0x1006679c   0x1006679c   0x0000001c   Code   RO         1888    i.LPS25HB_ReadID    lps25hb.o
    0x100667b8   0x100667b8   0x00000038   Code   RO         1889    i.LPS25HB_RebootCmd  lps25hb.o
    0x100667f0   0x100667f0   0x00000014   Code   RO         1890    i.LPS25HB_SlaveAddrRemap  lps25hb.o
    0x10066804   0x10066804   0x00000064   Code   RO         1943    i.LSM6DS3_Common_Sensor_Enable  lsm6ds3.o
    0x10066868   0x10066868   0x00000054   Code   RO         1944    i.LSM6DS3_Disable_Free_Fall_Detection  lsm6ds3.o
    0x100668bc   0x100668bc   0x000000bc   Code   RO         1945    i.LSM6DS3_Enable_Free_Fall_Detection  lsm6ds3.o
    0x10066978   0x10066978   0x00000068   Code   RO         1946    i.LSM6DS3_G_GetAxes  lsm6ds3.o
    0x100669e0   0x100669e0   0x0000005e   Code   RO         1947    i.LSM6DS3_G_GetAxesRaw  lsm6ds3.o
    0x10066a3e   0x10066a3e   0x00000002   PAD
    0x10066a40   0x10066a40   0x00000084   Code   RO         1948    i.LSM6DS3_G_GetSensitivity  lsm6ds3.o
    0x10066ac4   0x10066ac4   0x00000084   Code   RO         1949    i.LSM6DS3_G_Get_FS  lsm6ds3.o
    0x10066b48   0x10066b48   0x00000088   Code   RO         1950    i.LSM6DS3_G_Get_ODR  lsm6ds3.o
    0x10066bd0   0x10066bd0   0x00000062   Code   RO         1951    i.LSM6DS3_G_Set_Axes_Status  lsm6ds3.o
    0x10066c32   0x10066c32   0x00000002   PAD
    0x10066c34   0x10066c34   0x000000b0   Code   RO         1952    i.LSM6DS3_G_Set_FS  lsm6ds3.o
    0x10066ce4   0x10066ce4   0x000000a4   Code   RO         1953    i.LSM6DS3_G_Set_ODR  lsm6ds3.o
    0x10066d88   0x10066d88   0x00000036   Code   RO         1954    i.LSM6DS3_Get_Status_Free_Fall_Detection  lsm6ds3.o
    0x10066dbe   0x10066dbe   0x00000002   PAD
    0x10066dc0   0x10066dc0   0x00000180   Code   RO         1955    i.LSM6DS3_Init      lsm6ds3.o
    0x10066f40   0x10066f40   0x00000014   Code   RO         1956    i.LSM6DS3_Read_XG_ID  lsm6ds3.o
    0x10066f54   0x10066f54   0x00000068   Code   RO         1957    i.LSM6DS3_X_GetAxes  lsm6ds3.o
    0x10066fbc   0x10066fbc   0x0000005e   Code   RO         1958    i.LSM6DS3_X_GetAxesRaw  lsm6ds3.o
    0x1006701a   0x1006701a   0x00000002   PAD
    0x1006701c   0x1006701c   0x0000005c   Code   RO         1959    i.LSM6DS3_X_GetSensitivity  lsm6ds3.o
    0x10067078   0x10067078   0x00000054   Code   RO         1960    i.LSM6DS3_X_Get_FS  lsm6ds3.o
    0x100670cc   0x100670cc   0x00000098   Code   RO         1961    i.LSM6DS3_X_Get_ODR  lsm6ds3.o
    0x10067164   0x10067164   0x00000062   Code   RO         1962    i.LSM6DS3_X_Set_Axes_Status  lsm6ds3.o
    0x100671c6   0x100671c6   0x0000005c   Code   RO         1963    i.LSM6DS3_X_Set_FS  lsm6ds3.o
    0x10067222   0x10067222   0x00000002   PAD
    0x10067224   0x10067224   0x000000c0   Code   RO         1964    i.LSM6DS3_X_Set_ODR  lsm6ds3.o
    0x100672e4   0x100672e4   0x00000014   Code   RO         3924    i.List_Circular_Get_Size  libbluenrg1_stack.a(rom_list.o)
    0x100672f8   0x100672f8   0x0000000e   Code   RO         3927    i.List_Circular_Insert_Tail  libbluenrg1_stack.a(rom_list.o)
    0x10067306   0x10067306   0x00000016   Code   RO         3928    i.List_Circular_Node_Present  libbluenrg1_stack.a(rom_list.o)
    0x1006731c   0x1006731c   0x0000001a   Code   RO         3929    i.List_Circular_Remove_Head  libbluenrg1_stack.a(rom_list.o)
    0x10067336   0x10067336   0x00000020   Code   RO         3930    i.List_Circular_Remove_Node  libbluenrg1_stack.a(rom_list.o)
    0x10067356   0x10067356   0x00000002   Code   RO         2601    i.MFT1A_Handler     system_bluenrg1.o
    0x10067358   0x10067358   0x00000002   Code   RO         2602    i.MFT1B_Handler     system_bluenrg1.o
    0x1006735a   0x1006735a   0x00000002   Code   RO         2603    i.MFT2A_Handler     system_bluenrg1.o
    0x1006735c   0x1006735c   0x00000002   Code   RO         2604    i.MFT2B_Handler     system_bluenrg1.o
    0x1006735e   0x1006735e   0x00000008   Code   RO         3386    i.MIN_U16           libbluenrg1_stack.a(ll_routines.o)
    0x10067366   0x10067366   0x00000012   Code   RO         3820    i.Mem_Buff_Append   libbluenrg1_stack.a(mem_buff.o)
    0x10067378   0x10067378   0x00000048   Code   RO         3821    i.Mem_Buff_Block_Copy  libbluenrg1_stack.a(mem_buff.o)
    0x100673c0   0x100673c0   0x00000056   Code   RO         3822    i.Mem_Buff_Block_Write  libbluenrg1_stack.a(mem_buff.o)
    0x10067416   0x10067416   0x00000032   Code   RO         3823    i.Mem_Buff_Clone    libbluenrg1_stack.a(mem_buff.o)
    0x10067448   0x10067448   0x00000078   Code   RO         3824    i.Mem_Buff_Cmp      libbluenrg1_stack.a(mem_buff.o)
    0x100674c0   0x100674c0   0x000000ba   Code   RO         3825    i.Mem_Buff_Compact  libbluenrg1_stack.a(mem_buff.o)
    0x1006757a   0x1006757a   0x0000002e   Code   RO         3826    i.Mem_Buff_Get      libbluenrg1_stack.a(mem_buff.o)
    0x100675a8   0x100675a8   0x00000014   Code   RO         3827    i.Mem_Buff_Get_Chain_Count  libbluenrg1_stack.a(mem_buff.o)
    0x100675bc   0x100675bc   0x00000014   Code   RO         3828    i.Mem_Buff_Get_Chain_Size  libbluenrg1_stack.a(mem_buff.o)
    0x100675d0   0x100675d0   0x0000006a   Code   RO         3829    i.Mem_Buff_Init     libbluenrg1_stack.a(mem_buff.o)
    0x1006763a   0x1006763a   0x00000062   Code   RO         3830    i.Mem_Buff_Read     libbluenrg1_stack.a(mem_buff.o)
    0x1006769c   0x1006769c   0x00000036   Code   RO         3831    i.Mem_Buff_Release  libbluenrg1_stack.a(mem_buff.o)
    0x100676d2   0x100676d2   0x0000008e   Code   RO         3832    i.Mem_Buff_Resize   libbluenrg1_stack.a(mem_buff.o)
    0x10067760   0x10067760   0x00000068   Code   RO         3833    i.Mem_Buff_Write    libbluenrg1_stack.a(mem_buff.o)
    0x100677c8   0x100677c8   0x00000016   Code   RO         3814    i.Mem_assign        libbluenrg1_stack.a(mem_alloc.o)
    0x100677de   0x100677de   0x00000002   Code   RO         2821    i.NMI_Handler       bluenrg1_it.o
    0x100677e0   0x100677e0   0x00000088   Code   RO         1687    i.NVIC_Init         misc.o
    0x10067868   0x10067868   0x00000044   Code   RO         2606    i.NVIC_SetPriority  system_bluenrg1.o
    0x100678ac   0x100678ac   0x00000002   Code   RO         2607    i.NVM_Handler       system_bluenrg1.o
    0x100678ae   0x100678ae   0x00000002   PAD
    0x100678b0   0x100678b0   0x000002bc   Code   RO         1723    i.OTA_Add_Btl_Service  ota_btl.o
    0x10067b6c   0x10067b6c   0x00000038   Code   RO         1724    i.OTA_Check_Update_Error_Condition  ota_btl.o
    0x10067ba4   0x10067ba4   0x00000018   Code   RO         1725    i.OTA_Jump_To_New_Application  ota_btl.o
    0x10067bbc   0x10067bbc   0x00000054   Code   RO         1727    i.OTA_Radio_Activity  ota_btl.o
    0x10067c10   0x10067c10   0x00000058   Code   RO         1728    i.OTA_Send_Ack      ota_btl.o
    0x10067c68   0x10067c68   0x0000000a   Code   RO         1729    i.OTA_Set_Application_Tag_Value  ota_btl.o
    0x10067c72   0x10067c72   0x00000002   PAD
    0x10067c74   0x10067c74   0x00000014   Code   RO         1730    i.OTA_Set_Error_Flags  ota_btl.o
    0x10067c88   0x10067c88   0x00000024   Code   RO         1731    i.OTA_Tick          ota_btl.o
    0x10067cac   0x10067cac   0x000000a8   Code   RO         1732    i.OTA_Write_Data    ota_btl.o
    0x10067d54   0x10067d54   0x000001d0   Code   RO         1733    i.OTA_Write_Request_CB  ota_btl.o
    0x10067f24   0x10067f24   0x0000000c   Code   RO         1734    i.OTA_terminate_connection  ota_btl.o
    0x10067f30   0x10067f30   0x00000008   Code   RO          167    i.Osal_MemCmp       osal.o
    0x10067f38   0x10067f38   0x00000008   Code   RO          168    i.Osal_MemCpy       osal.o
    0x10067f40   0x10067f40   0x00000008   Code   RO          169    i.Osal_MemSet       osal.o
    0x10067f48   0x10067f48   0x00000002   Code   RO         2608    i.PKA_Handler       system_bluenrg1.o
    0x10067f4a   0x10067f4a   0x00000002   Code   RO         3270    i.PKA_Offline_Processing_ucfg  libbluenrg1_stack.a(hci.o)
    0x10067f4c   0x10067f4c   0x00000014   Code   RO         1023    i.PKA_Reset         bluenrg1_pka.o
    0x10067f60   0x10067f60   0x00000050   Code   RO         3874    i.PM_Check_And_Set  libbluenrg1_stack.a(pm.o)
    0x10067fb0   0x10067fb0   0x00000022   Code   RO         3875    i.PM_Clone_Pckt     libbluenrg1_stack.a(pm.o)
    0x10067fd2   0x10067fd2   0x00000002   PAD
    0x10067fd4   0x10067fd4   0x00000054   Code   RO         3876    i.PM_Compact        libbluenrg1_stack.a(pm.o)
    0x10068028   0x10068028   0x00000012   Code   RO         3877    i.PM_Copy_Pckt_Data  libbluenrg1_stack.a(pm.o)
    0x1006803a   0x1006803a   0x00000002   PAD
    0x1006803c   0x1006803c   0x00000018   Code   RO         3878    i.PM_Eng_Config     libbluenrg1_stack.a(pm.o)
    0x10068054   0x10068054   0x0000000c   Code   RO         3879    i.PM_Extract_Pdu_MBuff  libbluenrg1_stack.a(pm.o)
    0x10068060   0x10068060   0x0000003c   Code   RO         3880    i.PM_Get_Available_Buffer  libbluenrg1_stack.a(pm.o)
    0x1006809c   0x1006809c   0x0000000a   Code   RO         3882    i.PM_Get_Mem_Buff_Count  libbluenrg1_stack.a(pm.o)
    0x100680a6   0x100680a6   0x00000002   PAD
    0x100680a8   0x100680a8   0x00000044   Code   RO         3883    i.PM_Get_Pckt       libbluenrg1_stack.a(pm.o)
    0x100680ec   0x100680ec   0x00000068   Code   RO         3884    i.PM_Init           libbluenrg1_stack.a(pm.o)
    0x10068154   0x10068154   0x0000000a   Code   RO         3885    i.PM_Pckt_Cmp       libbluenrg1_stack.a(pm.o)
    0x1006815e   0x1006815e   0x00000002   PAD
    0x10068160   0x10068160   0x0000003c   Code   RO         3886    i.PM_Release_Acl_Pckt  libbluenrg1_stack.a(pm.o)
    0x1006819c   0x1006819c   0x0000006c   Code   RO         3887    i.PM_Resize_Pckt_Pdu_Size  libbluenrg1_stack.a(pm.o)
    0x10068208   0x10068208   0x00000012   Code   RO         3889    i.PM_Write_Pckt_Data  libbluenrg1_stack.a(pm.o)
    0x1006821a   0x1006821a   0x00000002   PAD
    0x1006821c   0x1006821c   0x00000084   Code   RO         3763    i.PRIVWHIT_u8SearchAddrInList  libbluenrg1_stack.a(ll_privacy.o)
    0x100682a0   0x100682a0   0x000000b4   Code   RO         3764    i.PRIVWHIT_vInit_Struct  libbluenrg1_stack.a(ll_privacy.o)
    0x10068354   0x10068354   0x00000058   Code   RO         3767    i.PRIV_SearchAddrInWhiteList  libbluenrg1_stack.a(ll_privacy.o)
    0x100683ac   0x100683ac   0x00000004   Code   RO         3271    i.PRIV_controller_privacy_csr_ucfg  libbluenrg1_stack.a(hci.o)
    0x100683b0   0x100683b0   0x00000004   Code   RO         3769    i.PRIV_u32ProcessAdvPacket_ucfg  libbluenrg1_stack.a(ll_privacy.o)
    0x100683b4   0x100683b4   0x00000004   Code   RO         3771    i.PRIV_u8OfflineProcessing_ucfg  libbluenrg1_stack.a(ll_privacy.o)
    0x100683b8   0x100683b8   0x00000002   Code   RO         3775    i.PRIV_vGeneratePrivateAddress_ucfg  libbluenrg1_stack.a(ll_privacy.o)
    0x100683ba   0x100683ba   0x00000002   Code   RO         3779    i.PRIV_vGenerate_hci_le_enhanced_connection_complete_event_ucfg  libbluenrg1_stack.a(ll_privacy.o)
    0x100683bc   0x100683bc   0x00000002   Code   RO         2609    i.PendSV_Handler    system_bluenrg1.o
    0x100683be   0x100683be   0x0000000e   Code   RO         3708    i.Pm_Resize_Host_Acl_Pckt  libbluenrg1_stack.a(gatt_server.o)
    0x100683cc   0x100683cc   0x0000000e   Code   RO         4192    i.Pm_Resize_Host_Acl_Pckt  libbluenrg1_stack.a(att.o)
    0x100683da   0x100683da   0x00000002   PAD
    0x100683dc   0x100683dc   0x00000178   Code   RO         4193    i.Prepare_Write_Resp  libbluenrg1_stack.a(att.o)
    0x10068554   0x10068554   0x00000034   Code   RO         2896    i.Press_Update      gatt_db.o
    0x10068588   0x10068588   0x000001fc   Code   RO         3709    i.Process_Peer_Client_Data  libbluenrg1_stack.a(gatt_server.o)
    0x10068784   0x10068784   0x00000194   Code   RO         3710    i.Process_Peer_Server_Data  libbluenrg1_stack.a(gatt_server.o)
    0x10068918   0x10068918   0x0000021c   Code   RO         3351    i.RAL_Isr           libbluenrg1_stack.a(ll_isr.o)
    0x10068b34   0x10068b34   0x00000020   Code   RO         2610    i.RESET_HANDLER     system_bluenrg1.o
    0x10068b54   0x10068b54   0x00000002   Code   RO         2611    i.RTC_Handler       system_bluenrg1.o
    0x10068b56   0x10068b56   0x00000140   Code   RO         4194    i.Read_Blob_Resp    libbluenrg1_stack.a(att.o)
    0x10068c96   0x10068c96   0x00000002   PAD
    0x10068c98   0x10068c98   0x000001e4   Code   RO         4195    i.Read_By_Grp_Type_Resp  libbluenrg1_stack.a(att.o)
    0x10068e7c   0x10068e7c   0x000002d0   Code   RO         4196    i.Read_By_Type_Resp  libbluenrg1_stack.a(att.o)
    0x1006914c   0x1006914c   0x00000194   Code   RO         4197    i.Read_Multi_Resp   libbluenrg1_stack.a(att.o)
    0x100692e0   0x100692e0   0x00000098   Code   RO         2897    i.Read_Request_CB   gatt_db.o
    0x10069378   0x10069378   0x0000012a   Code   RO         4198    i.Read_Resp         libbluenrg1_stack.a(att.o)
    0x100694a2   0x100694a2   0x00000002   Code   RO         3791    i.Reclassify_All_Channels_ucfg  libbluenrg1_stack.a(ll_routines_master.o)
    0x100694a4   0x100694a4   0x00000184   Code   RO         4033    i.SDB_Add_Record    libbluenrg1_stack.a(sdb.o)
    0x10069628   0x10069628   0x000000a0   Code   RO         4035    i.SDB_Find_Matching_LTK  libbluenrg1_stack.a(sdb.o)
    0x100696c8   0x100696c8   0x000000c4   Code   RO         4036    i.SDB_Find_Record   libbluenrg1_stack.a(sdb.o)
    0x1006978c   0x1006978c   0x00000044   Code   RO         4038    i.SDB_Get_Number_Of_Valid_Records  libbluenrg1_stack.a(sdb.o)
    0x100697d0   0x100697d0   0x000000bc   Code   RO         4039    i.SDB_flash_write_client_data  libbluenrg1_stack.a(sdb.o)
    0x1006988c   0x1006988c   0x000000e2   Code   RO         4040    i.SDB_get_security_data_record  libbluenrg1_stack.a(sdb.o)
    0x1006996e   0x1006996e   0x0000003c   Code   RO         4041    i.SDB_read_peer_bonded_data  libbluenrg1_stack.a(sdb.o)
    0x100699aa   0x100699aa   0x00000002   PAD
    0x100699ac   0x100699ac   0x0000003c   Code   RO         2612    i.SET_BORconfigStatus  system_bluenrg1.o
    0x100699e8   0x100699e8   0x0000002e   Code   RO         4245    i.SMA_Diversify     libbluenrg1_stack.a(smp_algo_sap.o)
    0x10069a16   0x10069a16   0x00000002   PAD
    0x10069a18   0x10069a18   0x00000028   Code   RO         4246    i.SMA_Generate_CSRK  libbluenrg1_stack.a(smp_algo_sap.o)
    0x10069a40   0x10069a40   0x00000028   Code   RO         4247    i.SMA_Generate_IRK  libbluenrg1_stack.a(smp_algo_sap.o)
    0x10069a68   0x10069a68   0x00000028   Code   RO         4248    i.SMA_LP_s1_Generate_STK  libbluenrg1_stack.a(smp_algo_sap.o)
    0x10069a90   0x10069a90   0x0000007c   Code   RO         4253    i.SMA_generate_EDIV_recovery_DIV  libbluenrg1_stack.a(smp_algo_sap.o)
    0x10069b0c   0x10069b0c   0x00000048   Code   RO         4125    i.SMP_Check_Is_Device_Bonded  libbluenrg1_stack.a(smp_common.o)
    0x10069b54   0x10069b54   0x0000001c   Code   RO         4126    i.SMP_Forget_Device_by_ConnHandle  libbluenrg1_stack.a(smp_common.o)
    0x10069b70   0x10069b70   0x00000074   Code   RO         4128    i.SMP_Init          libbluenrg1_stack.a(smp_common.o)
    0x10069be4   0x10069be4   0x00000184   Code   RO         4057    i.SMP_Process_Q     libbluenrg1_stack.a(securitymgr.o)
    0x10069d68   0x10069d68   0x00000074   Code   RO         4129    i.SMP_Repeated_Attacks_Timer_cb  libbluenrg1_stack.a(smp_common.o)
    0x10069ddc   0x10069ddc   0x0000006c   Code   RO         4130    i.SMP_Set_Authentication_req  libbluenrg1_stack.a(smp_common.o)
    0x10069e48   0x10069e48   0x00000078   Code   RO         4133    i.SMP_Timer_cb      libbluenrg1_stack.a(smp_common.o)
    0x10069ec0   0x10069ec0   0x0000007a   Code   RO         4134    i.SMP_Validate_Signed_Packet  libbluenrg1_stack.a(smp_common.o)
    0x10069f3a   0x10069f3a   0x00000020   Code   RO         4167    i.SMP_sc_force_debug_key_usage  libbluenrg1_stack.a(smp_scv42_sap.o)
    0x10069f5a   0x10069f5a   0x00000020   Code   RO         4136    i.SM_Check_Encryption_KeySize  libbluenrg1_stack.a(smp_common.o)
    0x10069f7a   0x10069f7a   0x00000002   PAD
    0x10069f7c   0x10069f7c   0x00000080   Code   RO         4137    i.SM_Connection_Complete_Handler  libbluenrg1_stack.a(smp_common.o)
    0x10069ffc   0x10069ffc   0x0000004e   Code   RO         4254    i.SM_Generate_Resolvable_Private_Address  libbluenrg1_stack.a(smp_algo_sap.o)
    0x1006a04a   0x1006a04a   0x0000002e   Code   RO         4138    i.SM_Get_Link_Status  libbluenrg1_stack.a(smp_common.o)
    0x1006a078   0x1006a078   0x00000048   Code   RO         4139    i.SM_Get_Remote_Device_Info  libbluenrg1_stack.a(smp_common.o)
    0x1006a0c0   0x1006a0c0   0x00000114   Code   RO         4140    i.SM_L2CAP_Encryption_changed_Handler_ISR  libbluenrg1_stack.a(smp_common.o)
    0x1006a1d4   0x1006a1d4   0x000000f4   Code   RO         4141    i.SM_L2CAP_Handler  libbluenrg1_stack.a(smp_common.o)
    0x1006a2c8   0x1006a2c8   0x00000158   Code   RO         4142    i.SM_L2CAP_Handler_ISR  libbluenrg1_stack.a(smp_common.o)
    0x1006a420   0x1006a420   0x00000022   Code   RO         4255    i.SM_Resolve_Private_Address  libbluenrg1_stack.a(smp_algo_sap.o)
    0x1006a442   0x1006a442   0x00000002   PAD
    0x1006a444   0x1006a444   0x00000018   Code   RO         1204    i.SPI_ClearRXFIFO   bluenrg1_spi.o
    0x1006a45c   0x1006a45c   0x00000028   Code   RO         1205    i.SPI_ClearTXFIFO   bluenrg1_spi.o
    0x1006a484   0x1006a484   0x00000018   Code   RO         1206    i.SPI_Cmd           bluenrg1_spi.o
    0x1006a49c   0x1006a49c   0x00000014   Code   RO         1217    i.SPI_GetFlagStatus  bluenrg1_spi.o
    0x1006a4b0   0x1006a4b0   0x00000002   Code   RO         2613    i.SPI_Handler       system_bluenrg1.o
    0x1006a4b2   0x1006a4b2   0x00000002   PAD
    0x1006a4b4   0x1006a4b4   0x00000054   Code   RO         1220    i.SPI_Init          bluenrg1_spi.o
    0x1006a508   0x1006a508   0x0000000c   Code   RO         1221    i.SPI_ReceiveData   bluenrg1_spi.o
    0x1006a514   0x1006a514   0x0000000c   Code   RO         1223    i.SPI_SendData      bluenrg1_spi.o
    0x1006a520   0x1006a520   0x00000048   Code   RO         1224    i.SPI_SetBaudrate   bluenrg1_spi.o
    0x1006a568   0x1006a568   0x0000000c   Code   RO         1225    i.SPI_SetDummyCharacter  bluenrg1_spi.o
    0x1006a574   0x1006a574   0x00000018   Code   RO         1226    i.SPI_SetMasterCommunicationMode  bluenrg1_spi.o
    0x1006a58c   0x1006a58c   0x00000018   Code   RO         1231    i.SPI_StructInit    bluenrg1_spi.o
    0x1006a5a4   0x1006a5a4   0x00000002   Code   RO         2822    i.SVC_Handler       bluenrg1_it.o
    0x1006a5a6   0x1006a5a6   0x00000014   Code   RO         2139    i.SdkEvalComIOTxFifoNotEmpty  sdk_eval_com.o
    0x1006a5ba   0x1006a5ba   0x00000010   Code   RO         2141    i.SdkEvalComUARTBusy  sdk_eval_com.o
    0x1006a5ca   0x1006a5ca   0x00000002   PAD
    0x1006a5cc   0x1006a5cc   0x000000a0   Code   RO         2142    i.SdkEvalComUartInit  sdk_eval_com.o
    0x1006a66c   0x1006a66c   0x0000000c   Code   RO         2245    i.SdkEvalGetVersion  sdk_eval_config.o
    0x1006a678   0x1006a678   0x000000dc   Code   RO         2310    i.SdkEvalI2CInit    sdk_eval_i2c.o
    0x1006a754   0x1006a754   0x00000144   Code   RO         2314    i.SdkEvalI2CRead    sdk_eval_i2c.o
    0x1006a898   0x1006a898   0x000000d8   Code   RO         2315    i.SdkEvalI2CWrite   sdk_eval_i2c.o
    0x1006a970   0x1006a970   0x0000000c   Code   RO         2246    i.SdkEvalIdentification  sdk_eval_config.o
    0x1006a97c   0x1006a97c   0x0000002e   Code   RO         2391    i.SdkEvalLedInit    sdk_eval_led.o
    0x1006a9aa   0x1006a9aa   0x0000000e   Code   RO         2392    i.SdkEvalLedOff     sdk_eval_led.o
    0x1006a9b8   0x1006a9b8   0x0000000e   Code   RO         2393    i.SdkEvalLedOn      sdk_eval_led.o
    0x1006a9c6   0x1006a9c6   0x0000000c   Code   RO         2394    i.SdkEvalLedToggle  sdk_eval_led.o
    0x1006a9d2   0x1006a9d2   0x00000002   PAD
    0x1006a9d4   0x1006a9d4   0x00000110   Code   RO         2444    i.SdkEvalSpiInit    sdk_eval_spi.o
    0x1006aae4   0x1006aae4   0x00000090   Code   RO         2448    i.SdkEvalSpiRead    sdk_eval_spi.o
    0x1006ab74   0x1006ab74   0x0000005c   Code   RO         2449    i.SdkEvalSpiWrite   sdk_eval_spi.o
    0x1006abd0   0x1006abd0   0x00000050   Code   RO         3711    i.Select_Next_Notification_Client  libbluenrg1_stack.a(gatt_server.o)
    0x1006ac20   0x1006ac20   0x0000004c   Code   RO         3712    i.Send_Notif_Or_Ind  libbluenrg1_stack.a(gatt_server.o)
    0x1006ac6c   0x1006ac6c   0x000000d4   Code   RO         2989    i.Sensor_DeviceInit  sensor.o
    0x1006ad40   0x1006ad40   0x00000050   Code   RO         2990    i.Set_DeviceConnectable  sensor.o
    0x1006ad90   0x1006ad90   0x00000050   Code   RO         3337    i.Set_Host_Timer_value  libbluenrg1_stack.a(host_timer.o)
    0x1006ade0   0x1006ade0   0x00000048   Code   RO         2615    i.Set_RF_FrontEnd   system_bluenrg1.o
    0x1006ae28   0x1006ae28   0x00000024   Code   RO         3920    i.Start_Gatt_Timer  libbluenrg1_stack.a(rom_gatt_server.o)
    0x1006ae4c   0x1006ae4c   0x0000001c   Code   RO         3921    i.Stop_Gatt_Timer   libbluenrg1_stack.a(rom_gatt_server.o)
    0x1006ae68   0x1006ae68   0x00000010   Code   RO            8    i.SysCount_Handler  clock.o
    0x1006ae78   0x1006ae78   0x0000009c   Code   RO         1397    i.SysCtrl_GetWakeupResetReason  bluenrg1_sysctrl.o
    0x1006af14   0x1006af14   0x00000018   Code   RO         1398    i.SysCtrl_PeripheralClockCmd  bluenrg1_sysctrl.o
    0x1006af2c   0x1006af2c   0x00000008   Code   RO         2823    i.SysTick_Handler   bluenrg1_it.o
    0x1006af34   0x1006af34   0x000000b8   Code   RO         2617    i.SystemInit        system_bluenrg1.o
    0x1006afec   0x1006afec   0x00000018   Code   RO         1689    i.SystemSleepCmd    misc.o
    0x1006b004   0x1006b004   0x00000034   Code   RO         2898    i.Temp_Update       gatt_db.o
    0x1006b038   0x1006b038   0x0000007c   Code   RO         3338    i.TimerCallback     libbluenrg1_stack.a(host_timer.o)
    0x1006b0b4   0x1006b0b4   0x00000014   Code   RO         3339    i.Timer_ExpiryCallback  libbluenrg1_stack.a(host_timer.o)
    0x1006b0c8   0x1006b0c8   0x00000038   Code   RO         3340    i.Timer_Init        libbluenrg1_stack.a(host_timer.o)
    0x1006b100   0x1006b100   0x0000011c   Code   RO         3341    i.Timer_ProcessQ    libbluenrg1_stack.a(host_timer.o)
    0x1006b21c   0x1006b21c   0x00000022   Code   RO         3342    i.Timer_StartOneShot  libbluenrg1_stack.a(host_timer.o)
    0x1006b23e   0x1006b23e   0x00000002   PAD
    0x1006b240   0x1006b240   0x00000078   Code   RO         3343    i.Timer_StartOneShot_sysTime32  libbluenrg1_stack.a(host_timer.o)
    0x1006b2b8   0x1006b2b8   0x00000058   Code   RO         3344    i.Timer_StopOneShot  libbluenrg1_stack.a(host_timer.o)
    0x1006b310   0x1006b310   0x00000024   Code   RO         3346    i.Timer_sysTime32_convMachineTime  libbluenrg1_stack.a(host_timer.o)
    0x1006b334   0x1006b334   0x0000001c   Code   RO         1443    i.UART_Cmd          bluenrg1_uart.o
    0x1006b350   0x1006b350   0x0000001c   Code   RO         1446    i.UART_GetFlagStatus  bluenrg1_uart.o
    0x1006b36c   0x1006b36c   0x00000002   Code   RO         2824    i.UART_Handler      bluenrg1_it.o
    0x1006b36e   0x1006b36e   0x00000002   PAD
    0x1006b370   0x1006b370   0x00000138   Code   RO         1449    i.UART_Init         bluenrg1_uart.o
    0x1006b4a8   0x1006b4a8   0x00000018   Code   RO         1454    i.UART_RxFifoIrqLevelConfig  bluenrg1_uart.o
    0x1006b4c0   0x1006b4c0   0x00000002   Code   RO         2619    i.WDG_Handler       system_bluenrg1.o
    0x1006b4c2   0x1006b4c2   0x0000000a   Code   RO         4007    i.WindowWiden1      libbluenrg1_stack.a(rom_ll_timehandling.o)
    0x1006b4cc   0x1006b4cc   0x00000010   Code   RO         4008    i.WindowWiden2      libbluenrg1_stack.a(rom_ll_timehandling.o)
    0x1006b4dc   0x1006b4dc   0x000001b0   Code   RO         4044    i.Write_Client_Data  libbluenrg1_stack.a(sdb.o)
    0x1006b68c   0x1006b68c   0x0000012c   Code   RO         4199    i.Write_Cmd         libbluenrg1_stack.a(att.o)
    0x1006b7b8   0x1006b7b8   0x0000013c   Code   RO         4200    i.Write_Resp        libbluenrg1_stack.a(att.o)
    0x1006b8f4   0x1006b8f4   0x000000e8   Code   RO         3245    i._BlueNRG_Stack_Initialization  libbluenrg1_stack.a(bluenrg_main_func.o)
    0x1006b9dc   0x1006b9dc   0x00000064   Code   RO         3591    i._GAP_Parse_Advertising_Report  libbluenrg1_stack.a(gap.o)
    0x1006ba40   0x1006ba40   0x0000001a   Code   RO         3366    i.__ARM_common_memcpy1_6  libbluenrg1_stack.a(ll_isr.o)
    0x1006ba5a   0x1006ba5a   0x0000001a   Code   RO         2067    i.__ARM_common_switch8  lsm6ds3.o
    0x1006ba74   0x1006ba74   0x00000050   Code   RO         2621    i.__low_level_init  system_bluenrg1.o
    0x1006bac4   0x1006bac4   0x0000000e   Code   RO         4397    i.__scatterload_copy  mc_p.l(handlers.o)
    0x1006bad2   0x1006bad2   0x00000002   Code   RO         4398    i.__scatterload_null  mc_p.l(handlers.o)
    0x1006bad4   0x1006bad4   0x0000000e   Code   RO         4399    i.__scatterload_zeroinit  mc_p.l(handlers.o)
    0x1006bae2   0x1006bae2   0x00000002   PAD
    0x1006bae4   0x1006bae4   0x0000005c   Code   RO         3129    i._aci_gap_set_discoverable_param_check  libbluenrg1_stack.a(bluenrg_gap_aci.o)
    0x1006bb40   0x1006bb40   0x00000174   Code   RO         3592    i._gap_set_discoverable_connectable  libbluenrg1_stack.a(gap.o)
    0x1006bcb4   0x1006bcb4   0x00000026   Code   RO         3175    i._load_uuid        libbluenrg1_stack.a(bluenrg_gatt_aci.o)
    0x1006bcda   0x1006bcda   0x00000002   PAD
    0x1006bcdc   0x1006bcdc   0x00000014   Code   RO         1735    i.aci_att_exchange_mtu_resp_event  ota_btl.o
    0x1006bcf0   0x1006bcf0   0x00000002   Code   RO         3395    i.aci_att_exec_write_resp_event  libbluenrg1_stack.a(aci_events.o)
    0x1006bcf2   0x1006bcf2   0x00000002   Code   RO         3396    i.aci_att_find_by_type_value_resp_event  libbluenrg1_stack.a(aci_events.o)
    0x1006bcf4   0x1006bcf4   0x00000002   Code   RO         3397    i.aci_att_find_info_resp_event  libbluenrg1_stack.a(aci_events.o)
    0x1006bcf6   0x1006bcf6   0x00000002   Code   RO         3398    i.aci_att_prepare_write_resp_event  libbluenrg1_stack.a(aci_events.o)
    0x1006bcf8   0x1006bcf8   0x00000002   Code   RO         3399    i.aci_att_read_blob_resp_event  libbluenrg1_stack.a(aci_events.o)
    0x1006bcfa   0x1006bcfa   0x00000002   Code   RO         3400    i.aci_att_read_by_group_type_resp_event  libbluenrg1_stack.a(aci_events.o)
    0x1006bcfc   0x1006bcfc   0x00000002   Code   RO         3401    i.aci_att_read_by_type_resp_event  libbluenrg1_stack.a(aci_events.o)
    0x1006bcfe   0x1006bcfe   0x00000002   Code   RO         3402    i.aci_att_read_multiple_resp_event  libbluenrg1_stack.a(aci_events.o)
    0x1006bd00   0x1006bd00   0x00000002   Code   RO         3403    i.aci_att_read_resp_event  libbluenrg1_stack.a(aci_events.o)
    0x1006bd02   0x1006bd02   0x00000002   Code   RO         3404    i.aci_att_write_resp_event  libbluenrg1_stack.a(aci_events.o)
    0x1006bd04   0x1006bd04   0x00000028   Code   RO         3405    i.aci_event_fifo_push  libbluenrg1_stack.a(aci_events.o)
    0x1006bd2c   0x1006bd2c   0x000000bc   Code   RO         3406    i.aci_event_fifo_push_header  libbluenrg1_stack.a(aci_events.o)
    0x1006bde8   0x1006bde8   0x00000002   Code   RO         3407    i.aci_gap_addr_not_resolved_event  libbluenrg1_stack.a(aci_events.o)
    0x1006bdea   0x1006bdea   0x00000002   Code   RO         3408    i.aci_gap_authorization_req_event  libbluenrg1_stack.a(aci_events.o)
    0x1006bdec   0x1006bdec   0x00000054   Code   RO         4143    i.aci_gap_authorization_req_event_push  libbluenrg1_stack.a(smp_common.o)
    0x1006be40   0x1006be40   0x00000002   Code   RO         3409    i.aci_gap_bond_lost_event  libbluenrg1_stack.a(aci_events.o)
    0x1006be42   0x1006be42   0x00000002   Code   RO         3410    i.aci_gap_device_found_event  libbluenrg1_stack.a(aci_events.o)
    0x1006be44   0x1006be44   0x00000030   Code   RO         3139    i.aci_gap_init      libbluenrg1_stack.a(bluenrg_gap_aci.o)
    0x1006be74   0x1006be74   0x00000002   Code   RO         3411    i.aci_gap_keypress_notification_event  libbluenrg1_stack.a(aci_events.o)
    0x1006be76   0x1006be76   0x00000002   Code   RO         3412    i.aci_gap_limited_discoverable_event  libbluenrg1_stack.a(aci_events.o)
    0x1006be78   0x1006be78   0x00000050   Code   RO         3593    i.aci_gap_limited_discoverable_event_push  libbluenrg1_stack.a(gap.o)
    0x1006bec8   0x1006bec8   0x00000002   Code   RO         3413    i.aci_gap_numeric_comparison_value_event  libbluenrg1_stack.a(aci_events.o)
    0x1006beca   0x1006beca   0x00000002   Code   RO         3414    i.aci_gap_pairing_complete_event  libbluenrg1_stack.a(aci_events.o)
    0x1006becc   0x1006becc   0x0000005c   Code   RO         4144    i.aci_gap_pairing_complete_event_push  libbluenrg1_stack.a(smp_common.o)
    0x1006bf28   0x1006bf28   0x00000002   Code   RO         3415    i.aci_gap_pass_key_req_event  libbluenrg1_stack.a(aci_events.o)
    0x1006bf2a   0x1006bf2a   0x00000002   Code   RO         3416    i.aci_gap_proc_complete_event  libbluenrg1_stack.a(aci_events.o)
    0x1006bf2c   0x1006bf2c   0x00000074   Code   RO         3594    i.aci_gap_proc_complete_event_push  libbluenrg1_stack.a(gap.o)
    0x1006bfa0   0x1006bfa0   0x00000090   Code   RO         3147    i.aci_gap_set_authentication_requirement  libbluenrg1_stack.a(bluenrg_gap_aci.o)
    0x1006c030   0x1006c030   0x00000042   Code   RO         3151    i.aci_gap_set_discoverable  libbluenrg1_stack.a(bluenrg_gap_aci.o)
    0x1006c072   0x1006c072   0x00000002   Code   RO         3417    i.aci_gap_slave_security_initiated_event  libbluenrg1_stack.a(aci_events.o)
    0x1006c074   0x1006c074   0x00000008   Code   RO         3168    i.aci_gap_terminate  libbluenrg1_stack.a(bluenrg_gap_aci.o)
    0x1006c07c   0x1006c07c   0x0000003e   Code   RO         3182    i.aci_gatt_add_char  libbluenrg1_stack.a(bluenrg_gatt_aci.o)
    0x1006c0ba   0x1006c0ba   0x00000050   Code   RO         3183    i.aci_gatt_add_char_desc  libbluenrg1_stack.a(bluenrg_gatt_aci.o)
    0x1006c10a   0x1006c10a   0x00000036   Code   RO         3184    i.aci_gatt_add_service  libbluenrg1_stack.a(bluenrg_gatt_aci.o)
    0x1006c140   0x1006c140   0x0000000c   Code   RO         3185    i.aci_gatt_allow_read  libbluenrg1_stack.a(bluenrg_gatt_aci.o)
    0x1006c14c   0x1006c14c   0x0000000e   Code   RO         2991    i.aci_gatt_attribute_modified_event  sensor.o
    0x1006c15a   0x1006c15a   0x00000002   PAD
    0x1006c15c   0x1006c15c   0x00000078   Code   RO         4201    i.aci_gatt_attribute_modified_event_push  libbluenrg1_stack.a(att.o)
    0x1006c1d4   0x1006c1d4   0x00000002   Code   RO         3419    i.aci_gatt_disc_read_char_by_uuid_resp_event  libbluenrg1_stack.a(aci_events.o)
    0x1006c1d6   0x1006c1d6   0x00000002   Code   RO         3420    i.aci_gatt_error_resp_event  libbluenrg1_stack.a(aci_events.o)
    0x1006c1d8   0x1006c1d8   0x00000002   Code   RO         3421    i.aci_gatt_indication_event  libbluenrg1_stack.a(aci_events.o)
    0x1006c1da   0x1006c1da   0x00000002   PAD
    0x1006c1dc   0x1006c1dc   0x00000090   Code   RO         3713    i.aci_gatt_indication_event_push  libbluenrg1_stack.a(gatt_server.o)
    0x1006c26c   0x1006c26c   0x00000008   Code   RO         3199    i.aci_gatt_init     libbluenrg1_stack.a(bluenrg_gatt_aci.o)
    0x1006c274   0x1006c274   0x00000002   Code   RO         3422    i.aci_gatt_notification_event  libbluenrg1_stack.a(aci_events.o)
    0x1006c276   0x1006c276   0x00000002   PAD
    0x1006c278   0x1006c278   0x00000090   Code   RO         3714    i.aci_gatt_notification_event_push  libbluenrg1_stack.a(gatt_server.o)
    0x1006c308   0x1006c308   0x00000002   Code   RO         3423    i.aci_gatt_prepare_write_permit_req_event  libbluenrg1_stack.a(aci_events.o)
    0x1006c30a   0x1006c30a   0x00000002   Code   RO         3424    i.aci_gatt_proc_complete_event  libbluenrg1_stack.a(aci_events.o)
    0x1006c30c   0x1006c30c   0x00000002   Code   RO         3425    i.aci_gatt_proc_timeout_event  libbluenrg1_stack.a(aci_events.o)
    0x1006c30e   0x1006c30e   0x00000002   Code   RO         3426    i.aci_gatt_read_multi_permit_req_event  libbluenrg1_stack.a(aci_events.o)
    0x1006c310   0x1006c310   0x00000068   Code   RO         4202    i.aci_gatt_read_multi_permit_req_event_push  libbluenrg1_stack.a(att.o)
    0x1006c378   0x1006c378   0x0000000a   Code   RO         2992    i.aci_gatt_read_permit_req_event  sensor.o
    0x1006c382   0x1006c382   0x00000002   PAD
    0x1006c384   0x1006c384   0x00000050   Code   RO         4203    i.aci_gatt_read_permit_req_event_push  libbluenrg1_stack.a(att.o)
    0x1006c3d4   0x1006c3d4   0x00000002   Code   RO         3428    i.aci_gatt_server_confirmation_event  libbluenrg1_stack.a(aci_events.o)
    0x1006c3d6   0x1006c3d6   0x00000002   Code   RO         3429    i.aci_gatt_tx_pool_available_event  libbluenrg1_stack.a(aci_events.o)
    0x1006c3d8   0x1006c3d8   0x00000022   Code   RO         3213    i.aci_gatt_update_char_value_ext  libbluenrg1_stack.a(bluenrg_gatt_aci.o)
    0x1006c3fa   0x1006c3fa   0x00000002   Code   RO         3430    i.aci_gatt_write_permit_req_event  libbluenrg1_stack.a(aci_events.o)
    0x1006c3fc   0x1006c3fc   0x0000006c   Code   RO         4204    i.aci_gatt_write_permit_req_event_push  libbluenrg1_stack.a(att.o)
    0x1006c468   0x1006c468   0x0000000e   Code   RO         2993    i.aci_hal_end_of_radio_activity_event  sensor.o
    0x1006c476   0x1006c476   0x00000002   Code   RO         3431    i.aci_hal_fw_error_event  libbluenrg1_stack.a(aci_events.o)
    0x1006c478   0x1006c478   0x00000002   Code   RO         3432    i.aci_hal_scan_req_report_event  libbluenrg1_stack.a(aci_events.o)
    0x1006c47a   0x1006c47a   0x00000002   PAD
    0x1006c47c   0x1006c47c   0x00000010   Code   RO         3257    i.aci_hal_set_radio_activity_mask  libbluenrg1_stack.a(hal.o)
    0x1006c48c   0x1006c48c   0x00000008   Code   RO         3228    i.aci_hal_set_tx_power_level  libbluenrg1_stack.a(bluenrg_hal_aci.o)
    0x1006c494   0x1006c494   0x00000008   Code   RO         3231    i.aci_hal_write_config_data  libbluenrg1_stack.a(bluenrg_hal_aci.o)
    0x1006c49c   0x1006c49c   0x00000002   Code   RO         3433    i.aci_l2cap_command_reject_event  libbluenrg1_stack.a(aci_events.o)
    0x1006c49e   0x1006c49e   0x00000018   Code   RO         3234    i.aci_l2cap_connection_parameter_update_req  libbluenrg1_stack.a(bluenrg_l2cap_aci.o)
    0x1006c4b6   0x1006c4b6   0x00000002   Code   RO         3434    i.aci_l2cap_connection_update_req_event  libbluenrg1_stack.a(aci_events.o)
    0x1006c4b8   0x1006c4b8   0x00000098   Code   RO         3745    i.aci_l2cap_connection_update_req_event_push  libbluenrg1_stack.a(l2cap.o)
    0x1006c550   0x1006c550   0x00000002   Code   RO         3435    i.aci_l2cap_connection_update_resp_event  libbluenrg1_stack.a(aci_events.o)
    0x1006c552   0x1006c552   0x00000002   Code   RO         3436    i.aci_l2cap_proc_timeout_event  libbluenrg1_stack.a(aci_events.o)
    0x1006c554   0x1006c554   0x00000004   Code   RO         3541    i.acl_list_first    libbluenrg1_stack.a(acl_list.o)
    0x1006c558   0x1006c558   0x00000026   Code   RO         3542    i.acl_list_full_on_packt  libbluenrg1_stack.a(acl_list.o)
    0x1006c57e   0x1006c57e   0x00000010   Code   RO         3545    i.acl_list_init     libbluenrg1_stack.a(acl_list.o)
    0x1006c58e   0x1006c58e   0x00000026   Code   RO         3546    i.acl_list_insert_head  libbluenrg1_stack.a(acl_list.o)
    0x1006c5b4   0x1006c5b4   0x0000002c   Code   RO         3547    i.acl_list_insert_tail  libbluenrg1_stack.a(acl_list.o)
    0x1006c5e0   0x1006c5e0   0x0000000e   Code   RO         3548    i.acl_list_is_empty  libbluenrg1_stack.a(acl_list.o)
    0x1006c5ee   0x1006c5ee   0x00000044   Code   RO         3550    i.acl_list_remove   libbluenrg1_stack.a(acl_list.o)
    0x1006c632   0x1006c632   0x0000002e   Code   RO         3551    i.acl_list_remove_head  libbluenrg1_stack.a(acl_list.o)
    0x1006c660   0x1006c660   0x00000260   Code   RO         3838    i.adapt_slot        libbluenrg1_stack.a(multi_master_time.o)
    0x1006c8c0   0x1006c8c0   0x0000001e   Code   RO         3939    i.addr_u32_from_u8  libbluenrg1_stack.a(rom_ll_isr_routines.o)
    0x1006c8de   0x1006c8de   0x00000020   Code   RO         3976    i.addr_u32_from_u8  libbluenrg1_stack.a(rom_ll_ll_routines.o)
    0x1006c8fe   0x1006c8fe   0x00000002   PAD
    0x1006c900   0x1006c900   0x0000008c   Code   RO         3595    i.advParamsCheckAndSet  libbluenrg1_stack.a(gap.o)
    0x1006c98c   0x1006c98c   0x000002cc   Code   RO         3839    i.advance_slave_timing_MultiSlave  libbluenrg1_stack.a(multi_master_time.o)
    0x1006cc58   0x1006cc58   0x00000158   Code   RO         4023    i.advance_transmit  libbluenrg1_stack.a(routines_support.o)
    0x1006cdb0   0x1006cdb0   0x0000063c   Code   RO         3554    i.advance_wakeup_timer  libbluenrg1_stack.a(advance_wakeup_time.o)
    0x1006d3ec   0x1006d3ec   0x0000001c   Code   RO         3258    i.ble_HAL_Init      libbluenrg1_stack.a(hal.o)
    0x1006d408   0x1006d408   0x00000004   Code   RO         3941    i.cancel_connect_master_ucfg  libbluenrg1_stack.a(rom_ll_isr_routines.o)
    0x1006d40c   0x1006d40c   0x000001a8   Code   RO         3841    i.cancel_current_master  libbluenrg1_stack.a(multi_master_time.o)
    0x1006d5b4   0x1006d5b4   0x00000080   Code   RO         3942    i.cancel_master     libbluenrg1_stack.a(rom_ll_isr_routines.o)
    0x1006d634   0x1006d634   0x000000c4   Code   RO         3722    i.cancel_slave      libbluenrg1_stack.a(isr_routines.o)
    0x1006d6f8   0x1006d6f8   0x00000024   Code   RO         3437    i.cb_aci_att_exchange_mtu_resp_event  libbluenrg1_stack.a(aci_events.o)
    0x1006d71c   0x1006d71c   0x00000020   Code   RO         3438    i.cb_aci_att_exec_write_resp_event  libbluenrg1_stack.a(aci_events.o)
    0x1006d73c   0x1006d73c   0x00000024   Code   RO         3439    i.cb_aci_att_find_by_type_value_resp_event  libbluenrg1_stack.a(aci_events.o)
    0x1006d760   0x1006d760   0x00000028   Code   RO         3440    i.cb_aci_att_find_info_resp_event  libbluenrg1_stack.a(aci_events.o)
    0x1006d788   0x1006d788   0x0000002c   Code   RO         3441    i.cb_aci_att_prepare_write_resp_event  libbluenrg1_stack.a(aci_events.o)
    0x1006d7b4   0x1006d7b4   0x00000024   Code   RO         3442    i.cb_aci_att_read_blob_resp_event  libbluenrg1_stack.a(aci_events.o)
    0x1006d7d8   0x1006d7d8   0x00000028   Code   RO         3443    i.cb_aci_att_read_by_group_type_resp_event  libbluenrg1_stack.a(aci_events.o)
    0x1006d800   0x1006d800   0x00000028   Code   RO         3444    i.cb_aci_att_read_by_type_resp_event  libbluenrg1_stack.a(aci_events.o)
    0x1006d828   0x1006d828   0x00000024   Code   RO         3445    i.cb_aci_att_read_multiple_resp_event  libbluenrg1_stack.a(aci_events.o)
    0x1006d84c   0x1006d84c   0x00000024   Code   RO         3446    i.cb_aci_att_read_resp_event  libbluenrg1_stack.a(aci_events.o)
    0x1006d870   0x1006d870   0x00000024   Code   RO         3447    i.cb_aci_att_write_resp_event  libbluenrg1_stack.a(aci_events.o)
    0x1006d894   0x1006d894   0x00000020   Code   RO         3448    i.cb_aci_gap_addr_not_resolved_event  libbluenrg1_stack.a(aci_events.o)
    0x1006d8b4   0x1006d8b4   0x00000020   Code   RO         3449    i.cb_aci_gap_authorization_req_event  libbluenrg1_stack.a(aci_events.o)
    0x1006d8d4   0x1006d8d4   0x0000001c   Code   RO         3450    i.cb_aci_gap_bond_lost_event  libbluenrg1_stack.a(aci_events.o)
    0x1006d8f0   0x1006d8f0   0x00000020   Code   RO         3451    i.cb_aci_gap_device_found_event  libbluenrg1_stack.a(aci_events.o)
    0x1006d910   0x1006d910   0x00000024   Code   RO         3452    i.cb_aci_gap_keypress_notification_event  libbluenrg1_stack.a(aci_events.o)
    0x1006d934   0x1006d934   0x0000001c   Code   RO         3453    i.cb_aci_gap_limited_discoverable_event  libbluenrg1_stack.a(aci_events.o)
    0x1006d950   0x1006d950   0x00000024   Code   RO         3454    i.cb_aci_gap_numeric_comparison_value_event  libbluenrg1_stack.a(aci_events.o)
    0x1006d974   0x1006d974   0x00000024   Code   RO         3455    i.cb_aci_gap_pairing_complete_event  libbluenrg1_stack.a(aci_events.o)
    0x1006d998   0x1006d998   0x00000020   Code   RO         3456    i.cb_aci_gap_pass_key_req_event  libbluenrg1_stack.a(aci_events.o)
    0x1006d9b8   0x1006d9b8   0x00000028   Code   RO         3457    i.cb_aci_gap_proc_complete_event  libbluenrg1_stack.a(aci_events.o)
    0x1006d9e0   0x1006d9e0   0x0000001c   Code   RO         3458    i.cb_aci_gap_slave_security_initiated_event  libbluenrg1_stack.a(aci_events.o)
    0x1006d9fc   0x1006d9fc   0x0000002c   Code   RO         3459    i.cb_aci_gatt_attribute_modified_event  libbluenrg1_stack.a(aci_events.o)
    0x1006da28   0x1006da28   0x00000028   Code   RO         3460    i.cb_aci_gatt_disc_read_char_by_uuid_resp_event  libbluenrg1_stack.a(aci_events.o)
    0x1006da50   0x1006da50   0x00000028   Code   RO         3461    i.cb_aci_gatt_error_resp_event  libbluenrg1_stack.a(aci_events.o)
    0x1006da78   0x1006da78   0x00000028   Code   RO         3462    i.cb_aci_gatt_indication_event  libbluenrg1_stack.a(aci_events.o)
    0x1006daa0   0x1006daa0   0x00000028   Code   RO         3463    i.cb_aci_gatt_notification_event  libbluenrg1_stack.a(aci_events.o)
    0x1006dac8   0x1006dac8   0x00000016   Code   RO         3464    i.cb_aci_gatt_prepare_write_permit_req_event  libbluenrg1_stack.a(aci_events.o)
    0x1006dade   0x1006dade   0x00000002   PAD
    0x1006dae0   0x1006dae0   0x00000024   Code   RO         3465    i.cb_aci_gatt_proc_complete_event  libbluenrg1_stack.a(aci_events.o)
    0x1006db04   0x1006db04   0x00000020   Code   RO         3466    i.cb_aci_gatt_proc_timeout_event  libbluenrg1_stack.a(aci_events.o)
    0x1006db24   0x1006db24   0x00000010   Code   RO         3467    i.cb_aci_gatt_read_multi_permit_req_event  libbluenrg1_stack.a(aci_events.o)
    0x1006db34   0x1006db34   0x00000010   Code   RO         3468    i.cb_aci_gatt_read_permit_req_event  libbluenrg1_stack.a(aci_events.o)
    0x1006db44   0x1006db44   0x0000000a   Code   RO         3469    i.cb_aci_gatt_server_confirmation_event  libbluenrg1_stack.a(aci_events.o)
    0x1006db4e   0x1006db4e   0x0000000e   Code   RO         3470    i.cb_aci_gatt_tx_pool_available_event  libbluenrg1_stack.a(aci_events.o)
    0x1006db5c   0x1006db5c   0x00000012   Code   RO         3471    i.cb_aci_gatt_write_permit_req_event  libbluenrg1_stack.a(aci_events.o)
    0x1006db6e   0x1006db6e   0x00000010   Code   RO         3472    i.cb_aci_hal_fw_error_event  libbluenrg1_stack.a(aci_events.o)
    0x1006db7e   0x1006db7e   0x00000002   PAD
    0x1006db80   0x1006db80   0x00000024   Code   RO         3473    i.cb_aci_hal_scan_req_report_event  libbluenrg1_stack.a(aci_events.o)
    0x1006dba4   0x1006dba4   0x00000016   Code   RO         3474    i.cb_aci_l2cap_command_reject_event  libbluenrg1_stack.a(aci_events.o)
    0x1006dbba   0x1006dbba   0x00000002   PAD
    0x1006dbbc   0x1006dbbc   0x00000034   Code   RO         3475    i.cb_aci_l2cap_connection_update_req_event  libbluenrg1_stack.a(aci_events.o)
    0x1006dbf0   0x1006dbf0   0x00000024   Code   RO         3476    i.cb_aci_l2cap_connection_update_resp_event  libbluenrg1_stack.a(aci_events.o)
    0x1006dc14   0x1006dc14   0x00000024   Code   RO         3477    i.cb_aci_l2cap_proc_timeout_event  libbluenrg1_stack.a(aci_events.o)
    0x1006dc38   0x1006dc38   0x00000002   Code   RO         3478    i.cb_hci_data_buffer_overflow_event  libbluenrg1_stack.a(aci_events.o)
    0x1006dc3a   0x1006dc3a   0x00000002   PAD
    0x1006dc3c   0x1006dc3c   0x00000024   Code   RO         3479    i.cb_hci_disconnection_complete_event  libbluenrg1_stack.a(aci_events.o)
    0x1006dc60   0x1006dc60   0x00000024   Code   RO         3480    i.cb_hci_encryption_change_event  libbluenrg1_stack.a(aci_events.o)
    0x1006dc84   0x1006dc84   0x00000024   Code   RO         3481    i.cb_hci_encryption_key_refresh_complete_event  libbluenrg1_stack.a(aci_events.o)
    0x1006dca8   0x1006dca8   0x00000024   Code   RO         3482    i.cb_hci_le_advertising_report_event  libbluenrg1_stack.a(aci_events.o)
    0x1006dccc   0x1006dccc   0x00000044   Code   RO         3483    i.cb_hci_le_connection_complete_event  libbluenrg1_stack.a(aci_events.o)
    0x1006dd10   0x1006dd10   0x00000030   Code   RO         3484    i.cb_hci_le_connection_update_complete_event  libbluenrg1_stack.a(aci_events.o)
    0x1006dd40   0x1006dd40   0x00000030   Code   RO         3485    i.cb_hci_le_data_length_change_event  libbluenrg1_stack.a(aci_events.o)
    0x1006dd70   0x1006dd70   0x00000024   Code   RO         3486    i.cb_hci_le_direct_advertising_report_event  libbluenrg1_stack.a(aci_events.o)
    0x1006dd94   0x1006dd94   0x0000004c   Code   RO         3487    i.cb_hci_le_enhanced_connection_complete_event  libbluenrg1_stack.a(aci_events.o)
    0x1006dde0   0x1006dde0   0x00000028   Code   RO         3488    i.cb_hci_le_generate_dhkey_complete_event  libbluenrg1_stack.a(aci_events.o)
    0x1006de08   0x1006de08   0x00000028   Code   RO         3489    i.cb_hci_le_long_term_key_request_event  libbluenrg1_stack.a(aci_events.o)
    0x1006de30   0x1006de30   0x00000028   Code   RO         3490    i.cb_hci_le_read_local_p256_public_key_complete_event  libbluenrg1_stack.a(aci_events.o)
    0x1006de58   0x1006de58   0x0000002c   Code   RO         3491    i.cb_hci_le_read_remote_used_features_complete_event  libbluenrg1_stack.a(aci_events.o)
    0x1006de84   0x1006de84   0x0000000a   Code   RO         3492    i.cb_hci_number_of_completed_packets_event  libbluenrg1_stack.a(aci_events.o)
    0x1006de8e   0x1006de8e   0x00000002   PAD
    0x1006de90   0x1006de90   0x00000028   Code   RO         3493    i.cb_hci_read_remote_version_information_complete_event  libbluenrg1_stack.a(aci_events.o)
    0x1006deb8   0x1006deb8   0x00000016   Code   RO         3494    i.cb_hci_rx_acl_data_event  libbluenrg1_stack.a(aci_events.o)
    0x1006dece   0x1006dece   0x00000012   Code   RO         3259    i.char_copy         libbluenrg1_stack.a(hal.o)
    0x1006dee0   0x1006dee0   0x00000024   Code   RO         4002    i.convert_power     libbluenrg1_stack.a(rom_ll_routines_support.o)
    0x1006df04   0x1006df04   0x00000012   Code   RO         3352    i.copy_4_u32        libbluenrg1_stack.a(ll_isr.o)
    0x1006df16   0x1006df16   0x00000002   PAD
    0x1006df18   0x1006df18   0x00000084   Code   RO         3353    i.copy_tx_data_packet  libbluenrg1_stack.a(ll_isr.o)
    0x1006df9c   0x1006df9c   0x00000004   Code   RO         2525    i.data_length_extension_csr_ucfg  stack_user_cfg.o
    0x1006dfa0   0x1006dfa0   0x00000074   Code   RO         3354    i.encrypt           libbluenrg1_stack.a(ll_isr.o)
    0x1006e014   0x1006e014   0x0000006c   Code   RO         3495    i.fifoBuf_getFreeHeader  libbluenrg1_stack.a(aci_events.o)
    0x1006e080   0x1006e080   0x0000000a   Code   RO         3496    i.fifoCtrl_init     libbluenrg1_stack.a(aci_events.o)
    0x1006e08a   0x1006e08a   0x00000002   PAD
    0x1006e08c   0x1006e08c   0x00000014   Code   RO         3596    i.gapClearAllModeFlags  libbluenrg1_stack.a(gap.o)
    0x1006e0a0   0x1006e0a0   0x00000014   Code   RO         3943    i.get_adv_addr      libbluenrg1_stack.a(rom_ll_isr_routines.o)
    0x1006e0b4   0x1006e0b4   0x00000048   Code   RO         3842    i.get_advertiser    libbluenrg1_stack.a(multi_master_time.o)
    0x1006e0fc   0x1006e0fc   0x0000008c   Code   RO         3843    i.get_connection_no  libbluenrg1_stack.a(multi_master_time.o)
    0x1006e188   0x1006e188   0x00000034   Code   RO         3844    i.get_next_free_slot  libbluenrg1_stack.a(multi_master_time.o)
    0x1006e1bc   0x1006e1bc   0x00000014   Code   RO         3944    i.get_scan_addr     libbluenrg1_stack.a(rom_ll_isr_routines.o)
    0x1006e1d0   0x1006e1d0   0x00000048   Code   RO         3845    i.get_scan_connection  libbluenrg1_stack.a(multi_master_time.o)
    0x1006e218   0x1006e218   0x00000298   Code   RO         3945    i.go_to_connect     libbluenrg1_stack.a(rom_ll_isr_routines.o)
    0x1006e4b0   0x1006e4b0   0x00000034   Code   RO         3260    i.hal_radio_activity_state_callback_check  libbluenrg1_stack.a(hal.o)
    0x1006e4e4   0x1006e4e4   0x0000001c   Code   RO         3261    i.hal_radio_activity_state_init  libbluenrg1_stack.a(hal.o)
    0x1006e500   0x1006e500   0x00000040   Code   RO         3262    i.hal_read_radio_activity_state  libbluenrg1_stack.a(hal.o)
    0x1006e540   0x1006e540   0x00000070   Code   RO         3274    i.hci_acl_Process_Q  libbluenrg1_stack.a(hci.o)
    0x1006e5b0   0x1006e5b0   0x00000020   Code   RO         2994    i.hci_disconnection_complete_event  sensor.o
    0x1006e5d0   0x1006e5d0   0x00000002   Code   RO         3499    i.hci_encryption_change_event  libbluenrg1_stack.a(aci_events.o)
    0x1006e5d2   0x1006e5d2   0x00000002   PAD
    0x1006e5d4   0x1006e5d4   0x0000005c   Code   RO         3793    i.hci_encryption_change_event_push  libbluenrg1_stack.a(ll_routines_master.o)
    0x1006e630   0x1006e630   0x00000002   Code   RO         3500    i.hci_encryption_key_refresh_complete_event  libbluenrg1_stack.a(aci_events.o)
    0x1006e632   0x1006e632   0x00000002   PAD
    0x1006e634   0x1006e634   0x00000058   Code   RO         3794    i.hci_encryption_key_refresh_complete_event_push  libbluenrg1_stack.a(ll_routines_master.o)
    0x1006e68c   0x1006e68c   0x00000002   Code   RO         3501    i.hci_hardware_error_event  libbluenrg1_stack.a(aci_events.o)
    0x1006e68e   0x1006e68e   0x00000002   Code   RO         3502    i.hci_le_advertising_report_event  libbluenrg1_stack.a(aci_events.o)
    0x1006e690   0x1006e690   0x00000010   Code   RO         2995    i.hci_le_connection_complete_event  sensor.o
    0x1006e6a0   0x1006e6a0   0x00000088   Code   RO         3796    i.hci_le_connection_complete_event_push  libbluenrg1_stack.a(ll_routines_master.o)
    0x1006e728   0x1006e728   0x00000002   Code   RO         3504    i.hci_le_connection_update_complete_event  libbluenrg1_stack.a(aci_events.o)
    0x1006e72a   0x1006e72a   0x00000002   PAD
    0x1006e72c   0x1006e72c   0x0000006c   Code   RO         3797    i.hci_le_connection_update_complete_event_push  libbluenrg1_stack.a(ll_routines_master.o)
    0x1006e798   0x1006e798   0x00000060   Code   RO         1736    i.hci_le_data_length_change_event  ota_btl.o
    0x1006e7f8   0x1006e7f8   0x00000002   Code   RO         3506    i.hci_le_direct_advertising_report_event  libbluenrg1_stack.a(aci_events.o)
    0x1006e7fa   0x1006e7fa   0x00000002   Code   RO         3507    i.hci_le_enhanced_connection_complete_event  libbluenrg1_stack.a(aci_events.o)
    0x1006e7fc   0x1006e7fc   0x00000002   Code   RO         3508    i.hci_le_generate_dhkey_complete_event  libbluenrg1_stack.a(aci_events.o)
    0x1006e7fe   0x1006e7fe   0x00000002   Code   RO         3509    i.hci_le_long_term_key_request_event  libbluenrg1_stack.a(aci_events.o)
    0x1006e800   0x1006e800   0x0000000e   Code   RO         3284    i.hci_le_long_term_key_request_reply  libbluenrg1_stack.a(hci.o)
    0x1006e80e   0x1006e80e   0x0000000e   Code   RO         3285    i.hci_le_long_term_key_requested_negative_reply  libbluenrg1_stack.a(hci.o)
    0x1006e81c   0x1006e81c   0x00000002   Code   RO         3510    i.hci_le_read_local_p256_public_key_complete_event  libbluenrg1_stack.a(aci_events.o)
    0x1006e81e   0x1006e81e   0x00000002   Code   RO         3511    i.hci_le_read_remote_used_features_complete_event  libbluenrg1_stack.a(aci_events.o)
    0x1006e820   0x1006e820   0x00000016   Code   RO         3308    i.hci_le_set_scan_response_data  libbluenrg1_stack.a(hci.o)
    0x1006e836   0x1006e836   0x00000002   Code   RO         3512    i.hci_number_of_completed_packets_event  libbluenrg1_stack.a(aci_events.o)
    0x1006e838   0x1006e838   0x00000002   Code   RO         3513    i.hci_read_remote_version_information_complete_event  libbluenrg1_stack.a(aci_events.o)
    0x1006e83a   0x1006e83a   0x00000002   PAD
    0x1006e83c   0x1006e83c   0x0000006c   Code   RO         3322    i.hci_rx_acl_data   libbluenrg1_stack.a(hci.o)
    0x1006e8a8   0x1006e8a8   0x00000004   Code   RO         3514    i.hci_rx_acl_data_event  libbluenrg1_stack.a(aci_events.o)
    0x1006e8ac   0x1006e8ac   0x00000048   Code   RO         3325    i.hci_tx_acl_data_done  libbluenrg1_stack.a(hci.o)
    0x1006e8f4   0x1006e8f4   0x00000010   Code   RO         3977    i.int32ToLe4Byte    libbluenrg1_stack.a(rom_ll_ll_routines.o)
    0x1006e904   0x1006e904   0x00000010   Code   RO         4046    i.int32ToLe4Byte    libbluenrg1_stack.a(sdb.o)
    0x1006e914   0x1006e914   0x00000010   Code   RO         4060    i.int32ToLe4Byte    libbluenrg1_stack.a(securitymgr.o)
    0x1006e924   0x1006e924   0x00000040   Code   RO         3535    i.int_cb_hci_acl_data_ind_event  libbluenrg1_stack.a(acl.o)
    0x1006e964   0x1006e964   0x00000054   Code   RO         3536    i.int_cb_hci_acl_data_tx_cmpl_event  libbluenrg1_stack.a(acl.o)
    0x1006e9b8   0x1006e9b8   0x00000026   Code   RO         3515    i.int_cb_hci_disconnection_complete_event  libbluenrg1_stack.a(aci_events.o)
    0x1006e9de   0x1006e9de   0x0000001a   Code   RO         3516    i.int_cb_hci_encryption_change_event  libbluenrg1_stack.a(aci_events.o)
    0x1006e9f8   0x1006e9f8   0x0000001a   Code   RO         3517    i.int_cb_hci_encryption_key_refresh_complete_event  libbluenrg1_stack.a(aci_events.o)
    0x1006ea12   0x1006ea12   0x0000001e   Code   RO         3518    i.int_cb_hci_le_advertising_report_event  libbluenrg1_stack.a(aci_events.o)
    0x1006ea30   0x1006ea30   0x00000026   Code   RO         3519    i.int_cb_hci_le_connection_complete_event  libbluenrg1_stack.a(aci_events.o)
    0x1006ea56   0x1006ea56   0x00000010   Code   RO         3520    i.int_cb_hci_le_data_length_change_event  libbluenrg1_stack.a(aci_events.o)
    0x1006ea66   0x1006ea66   0x0000001e   Code   RO         3521    i.int_cb_hci_le_direct_advertising_report_event  libbluenrg1_stack.a(aci_events.o)
    0x1006ea84   0x1006ea84   0x00000026   Code   RO         3522    i.int_cb_hci_le_enhanced_connection_complete_event  libbluenrg1_stack.a(aci_events.o)
    0x1006eaaa   0x1006eaaa   0x0000001a   Code   RO         3523    i.int_cb_hci_le_generate_dhkey_complete_event  libbluenrg1_stack.a(aci_events.o)
    0x1006eac4   0x1006eac4   0x0000000c   Code   RO         3524    i.int_cb_hci_le_long_term_key_request_event  libbluenrg1_stack.a(aci_events.o)
    0x1006ead0   0x1006ead0   0x0000001a   Code   RO         3525    i.int_cb_hci_le_read_local_p256_public_key_complete_event  libbluenrg1_stack.a(aci_events.o)
    0x1006eaea   0x1006eaea   0x0000001e   Code   RO         4177    i.is_Buffer_All_Set_To  libbluenrg1_stack.a(utils.o)
    0x1006eb08   0x1006eb08   0x0000004c   Code   RO         3978    i.is_connected      libbluenrg1_stack.a(rom_ll_ll_routines.o)
    0x1006eb54   0x1006eb54   0x00000034   Code   RO         3846    i.is_slave          libbluenrg1_stack.a(multi_master_time.o)
    0x1006eb88   0x1006eb88   0x00000020   Code   RO         3537    i.isr_Acl_Data_Indication_Queue_Full  libbluenrg1_stack.a(acl.o)
    0x1006eba8   0x1006eba8   0x00000020   Code   RO         3538    i.isr_Acl_Data_TX_Cmpl_Queue_Full  libbluenrg1_stack.a(acl.o)
    0x1006ebc8   0x1006ebc8   0x00000390   Code   RO         3356    i.isr_advertise_state  libbluenrg1_stack.a(ll_isr.o)
    0x1006ef58   0x1006ef58   0x000007d4   Code   RO         3358    i.isr_connect_slave_state  libbluenrg1_stack.a(ll_isr.o)
    0x1006f72c   0x1006f72c   0x00000600   Code   RO         3800    i.isr_event_handler  libbluenrg1_stack.a(ll_routines_master.o)
    0x1006fd2c   0x1006fd2c   0x00000002   Code   RO         3802    i.isr_event_handler_scan_data_ucfg  libbluenrg1_stack.a(ll_routines_master.o)
    0x1006fd2e   0x1006fd2e   0x00000002   PAD
    0x1006fd30   0x1006fd30   0x000001f4   Code   RO         3718    i.isr_postproc      libbluenrg1_stack.a(isr_postproc.o)
    0x1006ff24   0x1006ff24   0x00000110   Code   RO         3933    i.isr_postproc1     libbluenrg1_stack.a(rom_ll_isr_postproc.o)
    0x10070034   0x10070034   0x00000016   Code   RO         3934    i.isr_postproc_encrypt_data  libbluenrg1_stack.a(rom_ll_isr_postproc.o)
    0x1007004a   0x1007004a   0x00000002   PAD
    0x1007004c   0x1007004c   0x00000038   Code   RO         3360    i.isr_test_rx_state  libbluenrg1_stack.a(ll_isr.o)
    0x10070084   0x10070084   0x00000068   Code   RO         3361    i.isr_test_tx_state  libbluenrg1_stack.a(ll_isr.o)
    0x100700ec   0x100700ec   0x0000002c   Code   RO         3362    i.isr_unknown_state  libbluenrg1_stack.a(ll_isr.o)
    0x10070118   0x10070118   0x0000000a   Code   RO         3946    i.le2ByteToInt16    libbluenrg1_stack.a(rom_ll_isr_routines.o)
    0x10070122   0x10070122   0x00000016   Code   RO         3947    i.le4ByteToInt32    libbluenrg1_stack.a(rom_ll_isr_routines.o)
    0x10070138   0x10070138   0x00000016   Code   RO         3979    i.le4ByteToInt32    libbluenrg1_stack.a(rom_ll_ll_routines.o)
    0x1007014e   0x1007014e   0x00000002   PAD
    0x10070150   0x10070150   0x00000078   Code   RO         3387    i.ll_write_supported_data  libbluenrg1_stack.a(ll_routines.o)
    0x100701c8   0x100701c8   0x00000008   Code   RO         2530    i.ll_write_supported_data_ucfg  stack_user_cfg.o
    0x100701d0   0x100701d0   0x00000020   Code   RO         4009    i.machine_time_trans  libbluenrg1_stack.a(rom_ll_timehandling.o)
    0x100701f0   0x100701f0   0x00000068   Code   RO         3085    i.main              sensordemo_main.o
    0x10070258   0x10070258   0x000000a4   Code   RO         3815    i.mem_alloc_ctx_init  libbluenrg1_stack.a(mem_alloc.o)
    0x100702fc   0x100702fc   0x00000008   Code   RO         4024    i.microseconds_to_machine_time  libbluenrg1_stack.a(routines_support.o)
    0x10070304   0x10070304   0x0000001c   Code   RO         4003    i.modulo_37         libbluenrg1_stack.a(rom_ll_routines_support.o)
    0x10070320   0x10070320   0x00000060   Code   RO         2622    i.nextRF_transaction  system_bluenrg1.o
    0x10070380   0x10070380   0x0000001c   Code   RO         3847    i.nsar_init         libbluenrg1_stack.a(multi_master_time.o)
    0x1007039c   0x1007039c   0x00000020   Code   RO         3848    i.nsar_insertSlotListEntry  libbluenrg1_stack.a(multi_master_time.o)
    0x100703bc   0x100703bc   0x000000c4   Code   RO         3849    i.nsar_searchBestFreeSlot  libbluenrg1_stack.a(multi_master_time.o)
    0x10070480   0x10070480   0x00000022   Code   RO         3851    i.nsar_updateBestFreeSlot  libbluenrg1_stack.a(multi_master_time.o)
    0x100704a2   0x100704a2   0x00000002   PAD
    0x100704a4   0x100704a4   0x0000006c   Code   RO         3852    i.nsar_updateSlotListEntry  libbluenrg1_stack.a(multi_master_time.o)
    0x10070510   0x10070510   0x0000007c   Code   RO         3389    i.read_rssi         libbluenrg1_stack.a(ll_routines.o)
    0x1007058c   0x1007058c   0x000000b4   Code   RO         3857    i.schedule_advertise_slot  libbluenrg1_stack.a(multi_master_time.o)
    0x10070640   0x10070640   0x00000164   Code   RO         4047    i.sdb_delete        libbluenrg1_stack.a(sdb.o)
    0x100707a4   0x100707a4   0x000000c8   Code   RO         4048    i.sdb_find_client_data  libbluenrg1_stack.a(sdb.o)
    0x1007086c   0x1007086c   0x00000018   Code   RO         4049    i.sdb_get_gatt_db_start_address  libbluenrg1_stack.a(sdb.o)
    0x10070884   0x10070884   0x00000020   Code   RO         4050    i.sdb_invalidate_record  libbluenrg1_stack.a(sdb.o)
    0x100708a4   0x100708a4   0x00000024   Code   RO         4051    i.sdb_read_record   libbluenrg1_stack.a(sdb.o)
    0x100708c8   0x100708c8   0x00000010   Code   RO         4052    i.sdb_read_record_validity  libbluenrg1_stack.a(sdb.o)
    0x100708d8   0x100708d8   0x0000007c   Code   RO         4053    i.sdb_write_record  libbluenrg1_stack.a(sdb.o)
    0x10070954   0x10070954   0x00000004   Code   RO         4168    i.secure_connections_csr_ucfg  libbluenrg1_stack.a(smp_scv42_sap.o)
    0x10070958   0x10070958   0x00000100   Code   RO         3597    i.setGapAdvData     libbluenrg1_stack.a(gap.o)
    0x10070a58   0x10070a58   0x00000088   Code   RO         4010    i.set_freq          libbluenrg1_stack.a(rom_ll_timehandling.o)
    0x10070ae0   0x10070ae0   0x0000001c   Code   RO         4011    i.set_sca           libbluenrg1_stack.a(rom_ll_timehandling.o)
    0x10070afc   0x10070afc   0x00000010   Code   RO         3263    i.set_string        libbluenrg1_stack.a(hal.o)
    0x10070b0c   0x10070b0c   0x000001a8   Code   RO         4025    i.slave_advance     libbluenrg1_stack.a(routines_support.o)
    0x10070cb4   0x10070cb4   0x00000110   Code   RO         4062    i.sm_RepeatedAttacks_Protection  libbluenrg1_stack.a(securitymgr.o)
    0x10070dc4   0x10070dc4   0x000000ca   Code   RO         4256    i.sma_CMAC_generate_tag  libbluenrg1_stack.a(smp_algo_sap.o)
    0x10070e8e   0x10070e8e   0x00000038   Code   RO         4257    i.sma_Calculate_Hash  libbluenrg1_stack.a(smp_algo_sap.o)
    0x10070ec6   0x10070ec6   0x00000080   Code   RO         4258    i.sma_generate_subkeys  libbluenrg1_stack.a(smp_algo_sap.o)
    0x10070f46   0x10070f46   0x0000002c   Code   RO         4259    i.sma_left_shift    libbluenrg1_stack.a(smp_algo_sap.o)
    0x10070f72   0x10070f72   0x00000018   Code   RO         4063    i.smp_Build_AuthReq_Field  libbluenrg1_stack.a(securitymgr.o)
    0x10070f8a   0x10070f8a   0x00000002   PAD
    0x10070f8c   0x10070f8c   0x00000044   Code   RO         4064    i.smp_Build_Pairing_ReqResp_Packet  libbluenrg1_stack.a(securitymgr.o)
    0x10070fd0   0x10070fd0   0x0000003c   Code   RO         4065    i.smp_Check_Incoming_Pairing_Parameters  libbluenrg1_stack.a(securitymgr.o)
    0x1007100c   0x1007100c   0x000000b8   Code   RO         4066    i.smp_Determine_Key_Association_Method  libbluenrg1_stack.a(securitymgr.o)
    0x100710c4   0x100710c4   0x00000190   Code   RO         4067    i.smp_Execute_Actions_wrt_Current_State  libbluenrg1_stack.a(securitymgr.o)
    0x10071254   0x10071254   0x00000002   Code   RO         4069    i.smp_Execute_Actions_wrt_Current_State_MI_excerpt_ucfg  libbluenrg1_stack.a(securitymgr.o)
    0x10071256   0x10071256   0x00000002   Code   RO         4073    i.smp_Execute_Actions_wrt_Current_State_sc_excerpt_phase2as2_ucfg  libbluenrg1_stack.a(securitymgr.o)
    0x10071258   0x10071258   0x00000004   Code   RO         4075    i.smp_Execute_Actions_wrt_Current_State_sc_excerpt_phase_1_to_2_ucfg  libbluenrg1_stack.a(securitymgr.o)
    0x1007125c   0x1007125c   0x00000090   Code   RO         4076    i.smp_Get_Long_Term_Key  libbluenrg1_stack.a(securitymgr.o)
    0x100712ec   0x100712ec   0x00000088   Code   RO         4077    i.smp_Get_Pairing_Parameters_From_Peer_Packet  libbluenrg1_stack.a(securitymgr.o)
    0x10071374   0x10071374   0x00000034   Code   RO         4146    i.smp_Keys_Distribution_Complete  libbluenrg1_stack.a(smp_common.o)
    0x100713a8   0x100713a8   0x0000011c   Code   RO         4078    i.smp_Keys_Distribution_Send  libbluenrg1_stack.a(securitymgr.o)
    0x100714c4   0x100714c4   0x00000004   Code   RO         4081    i.smp_MI_Start_Encryption_ucfg  libbluenrg1_stack.a(securitymgr.o)
    0x100714c8   0x100714c8   0x00000004   Code   RO         4083    i.smp_Process_Rx_Packet_Exception_Cases_sc_excerpt_ucfg  libbluenrg1_stack.a(securitymgr.o)
    0x100714cc   0x100714cc   0x000000f4   Code   RO         4084    i.smp_Process_Rx_Packet_wrt_Current_State  libbluenrg1_stack.a(securitymgr.o)
    0x100715c0   0x100715c0   0x00000004   Code   RO         4086    i.smp_Process_Rx_Packet_wrt_Current_State_MI_excerpt_ucfg  libbluenrg1_stack.a(securitymgr.o)
    0x100715c4   0x100715c4   0x00000004   Code   RO         4088    i.smp_Process_Rx_Packet_wrt_Current_State_sc_excerpt_ucfg  libbluenrg1_stack.a(securitymgr.o)
    0x100715c8   0x100715c8   0x00000020   Code   RO         4089    i.smp_Reset_Timer   libbluenrg1_stack.a(securitymgr.o)
    0x100715e8   0x100715e8   0x00000174   Code   RO         4090    i.smp_SR_Compute_c1_Confirm_Value  libbluenrg1_stack.a(securitymgr.o)
    0x1007175c   0x1007175c   0x00000078   Code   RO         4091    i.smp_Set_Key_Association_Method  libbluenrg1_stack.a(securitymgr.o)
    0x100717d4   0x100717d4   0x00000010   Code   RO         4147    i.smp____PairingFailed_Receive  libbluenrg1_stack.a(smp_common.o)
    0x100717e4   0x100717e4   0x00000074   Code   RO         4148    i.smp____Pairing_Process_Abort  libbluenrg1_stack.a(smp_common.o)
    0x10071858   0x10071858   0x0000007c   Code   RO         4097    i.smp____SR_PairingConfirm_Receive  libbluenrg1_stack.a(securitymgr.o)
    0x100718d4   0x100718d4   0x00000130   Code   RO         4098    i.smp____SR_PairingRandom_Receive  libbluenrg1_stack.a(securitymgr.o)
    0x10071a04   0x10071a04   0x000001c0   Code   RO         4099    i.smp____SR_PairingRequest_Receive  libbluenrg1_stack.a(securitymgr.o)
    0x10071bc4   0x10071bc4   0x0000014c   Code   RO         4149    i.smp_add_to_sdb    libbluenrg1_stack.a(smp_common.o)
    0x10071d10   0x10071d10   0x00000040   Code   RO         4150    i.smp_find_remote_device_index  libbluenrg1_stack.a(smp_common.o)
    0x10071d50   0x10071d50   0x0000001e   Code   RO         4151    i.smp_get_CSRK      libbluenrg1_stack.a(smp_common.o)
    0x10071d6e   0x10071d6e   0x00000002   PAD
    0x10071d70   0x10071d70   0x00000040   Code   RO         4152    i.smp_get_local_identity_address  libbluenrg1_stack.a(smp_common.o)
    0x10071db0   0x10071db0   0x00000036   Code   RO         4154    i.smp_keys_distribution_start  libbluenrg1_stack.a(smp_common.o)
    0x10071de6   0x10071de6   0x000000d6   Code   RO         4155    i.smp_keys_receiving  libbluenrg1_stack.a(smp_common.o)
    0x10071ebc   0x10071ebc   0x0000003c   Code   RO         4156    i.smp_oob_check_is_remote_data_present  libbluenrg1_stack.a(smp_common.o)
    0x10071ef8   0x10071ef8   0x00000036   Code   RO         4158    i.smp_pairing_2octets_packet_send  libbluenrg1_stack.a(smp_common.o)
    0x10071f2e   0x10071f2e   0x00000002   PAD
    0x10071f30   0x10071f30   0x00000090   Code   RO         4159    i.smp_pairing_completed  libbluenrg1_stack.a(smp_common.o)
    0x10071fc0   0x10071fc0   0x0000002a   Code   RO         4160    i.smp_pairing_failed_send  libbluenrg1_stack.a(smp_common.o)
    0x10071fea   0x10071fea   0x00000002   Code   RO         4111    i.smp_sc_SR_PairingConfirm_Receive_sc_excerpt_ucfg  libbluenrg1_stack.a(securitymgr.o)
    0x10071fec   0x10071fec   0x00000002   Code   RO         4113    i.smp_sc_SR_PairingRandom_Receive_sc_excerpt_ucfg  libbluenrg1_stack.a(securitymgr.o)
    0x10071fee   0x10071fee   0x00000002   Code   RO         4115    i.smp_sc_SR_Pairing_Phase_2AS1_Start_sc_excerpt_ucfg  libbluenrg1_stack.a(securitymgr.o)
    0x10071ff0   0x10071ff0   0x00000002   Code   RO         4267    i.smp_sc_check_for_ecc_pk_generation_request_ucfg  libbluenrg1_stack.a(smp_scv42_caf.o)
    0x10071ff2   0x10071ff2   0x00000004   Code   RO         4269    i.smp_sc_continue_on_exclusive_sc_pairing_ucfg  libbluenrg1_stack.a(smp_scv42_caf.o)
    0x10071ff6   0x10071ff6   0x00000002   Code   RO         4170    i.smp_sc_hci_le_generate_dhkey_complete_evt_hndl_ucfg  libbluenrg1_stack.a(smp_scv42_sap.o)
    0x10071ff8   0x10071ff8   0x00000002   Code   RO         4172    i.smp_sc_hci_le_read_local_p256_public_key_complete_evt_hndl_ucfg  libbluenrg1_stack.a(smp_scv42_sap.o)
    0x10071ffa   0x10071ffa   0x00000002   Code   RO         4274    i.smp_sc_init_ucfg  libbluenrg1_stack.a(smp_scv42_caf.o)
    0x10071ffc   0x10071ffc   0x00000038   Code   RO         4275    i.smp_sc_is_any_other_sc_pairing_ongoing  libbluenrg1_stack.a(smp_scv42_caf.o)
    0x10072034   0x10072034   0x00000002   Code   RO         4284    i.smp_sc_update_statistics_on_pairing_complete_ucfg  libbluenrg1_stack.a(smp_scv42_caf.o)
    0x10072036   0x10072036   0x0000001e   Code   RO         4116    i.smp_send_packet   libbluenrg1_stack.a(securitymgr.o)
    0x10072054   0x10072054   0x000000bc   Code   RO         3858    i.start_timebase    libbluenrg1_stack.a(multi_master_time.o)
    0x10072110   0x10072110   0x00000002   Code   RO         3363    i.state_func_call_init_csr_ucfg  libbluenrg1_stack.a(ll_isr.o)
    0x10072112   0x10072112   0x0000001e   Code   RO         3715    i.store_data        libbluenrg1_stack.a(gatt_server.o)
    0x10072130   0x10072130   0x0000013c   Code   RO         4026    i.swap_slaves       libbluenrg1_stack.a(routines_support.o)
    0x1007226c   0x1007226c   0x0000000a   Code   RO         3859    i.swap_u16          libbluenrg1_stack.a(multi_master_time.o)
    0x10072276   0x10072276   0x0000000a   Code   RO         4027    i.swap_u16          libbluenrg1_stack.a(routines_support.o)
    0x10072280   0x10072280   0x0000000a   Code   RO         4028    i.swap_u32          libbluenrg1_stack.a(routines_support.o)
    0x1007228a   0x1007228a   0x0000000a   Code   RO         4029    i.swap_u8           libbluenrg1_stack.a(routines_support.o)
    0x10072294   0x10072294   0x00000010   Code   RO         4012    i.system_time_trans  libbluenrg1_stack.a(rom_ll_timehandling.o)
    0x100722a4   0x100722a4   0x00000030   Code   RO         4013    i.system_time_trans_ext  libbluenrg1_stack.a(rom_ll_timehandling.o)
    0x100722d4   0x100722d4   0x0000000e   Code   RO         4014    i.time_offset1      libbluenrg1_stack.a(rom_ll_timehandling.o)
    0x100722e2   0x100722e2   0x00000002   PAD
    0x100722e4   0x100722e4   0x00000010   Code   RO         4015    i.time_offset2      libbluenrg1_stack.a(rom_ll_timehandling.o)
    0x100722f4   0x100722f4   0x0000003c   Code   RO         3860    i.timebase_start_connect  libbluenrg1_stack.a(multi_master_time.o)
    0x10072330   0x10072330   0x0000002e   Code   RO         3948    i.unpack_channel_map  libbluenrg1_stack.a(rom_ll_isr_routines.o)
    0x1007235e   0x1007235e   0x00000048   Code   RO         3949    i.unpack_update_request  libbluenrg1_stack.a(rom_ll_isr_routines.o)
    0x100723a6   0x100723a6   0x00000024   Code   RO         3935    i.wait_for_aes_ready  libbluenrg1_stack.a(rom_ll_isr_postproc.o)
    0x100723ca   0x100723ca   0x00000002   PAD
    0x100723cc   0x100723cc   0x00000003   Data   RO         1965    .constdata          lsm6ds3.o
    0x100723cf   0x100723cf   0x00000001   PAD
    0x100723d0   0x100723d0   0x00000004   Data   RO         2248    .constdata          sdk_eval_config.o
    0x100723d4   0x100723d4   0x00000004   Data   RO         2249    .constdata          sdk_eval_config.o
    0x100723d8   0x100723d8   0x00000004   Data   RO         2250    .constdata          sdk_eval_config.o
    0x100723dc   0x100723dc   0x00000004   Data   RO         2251    .constdata          sdk_eval_config.o
    0x100723e0   0x100723e0   0x00000004   Data   RO         2252    .constdata          sdk_eval_config.o
    0x100723e4   0x100723e4   0x00000004   Data   RO         2253    .constdata          sdk_eval_config.o
    0x100723e8   0x100723e8   0x00000004   Data   RO         2254    .constdata          sdk_eval_config.o
    0x100723ec   0x100723ec   0x00000004   Data   RO         2255    .constdata          sdk_eval_config.o
    0x100723f0   0x100723f0   0x0000000c   Data   RO         2260    .constdata          sdk_eval_config.o
    0x100723fc   0x100723fc   0x00000004   Data   RO         2261    .constdata          sdk_eval_config.o
    0x10072400   0x10072400   0x00000004   Data   RO         2265    .constdata          sdk_eval_config.o
    0x10072404   0x10072404   0x00000004   Data   RO         2266    .constdata          sdk_eval_config.o
    0x10072408   0x10072408   0x00000004   Data   RO         2267    .constdata          sdk_eval_config.o
    0x1007240c   0x1007240c   0x00000004   Data   RO         2268    .constdata          sdk_eval_config.o
    0x10072410   0x10072410   0x00000004   Data   RO         2269    .constdata          sdk_eval_config.o
    0x10072414   0x10072414   0x00000004   Data   RO         2270    .constdata          sdk_eval_config.o
    0x10072418   0x10072418   0x00000004   Data   RO         2271    .constdata          sdk_eval_config.o
    0x1007241c   0x1007241c   0x00000034   Data   RO         3086    .constdata          sensordemo_main.o
    0x10072450   0x10072450   0x0000001a   Data   RO         3364    .constdata          libbluenrg1_stack.a(ll_isr.o)
    0x1007246a   0x1007246a   0x00000002   PAD
    0x1007246c   0x1007246c   0x0000011c   Data   RO         3526    .constdata          libbluenrg1_stack.a(aci_events.o)
    0x10072588   0x10072588   0x00000010   Data   RO         4016    .constdata          libbluenrg1_stack.a(rom_ll_timehandling.o)
    0x10072598   0x10072598   0x00000019   Data   RO         4117    .constdata          libbluenrg1_stack.a(securitymgr.o)
    0x100725b1   0x100725b1   0x00000010   Data   RO         4205    .constdata          libbluenrg1_stack.a(att.o)
    0x100725c1   0x100725c1   0x00000003   PAD
    0x100725c4   0x100725c4   0x00000090   Data   RO         4395    Region$$Table       anon$$obj.o


    Execution Region BLOCK_STACKLIB_FLASH_DATA (Exec base: 0x1007f000, Load base: 0x10072654, Size: 0x00000838, Max: 0x00001000, ABSOLUTE, UNINIT)

    Exec Addr    Load Addr    Size         Type   Attr      Idx    E Section Name        Object

    0x1007f000        -       0x00000800   Zero   RW         3089    .noinit.stacklib_flash_data  sensordemo_main.o
    0x1007f800        -       0x00000038   Zero   RW         3090    .noinit.stacklib_stored_device_id_data  sensordemo_main.o


    Execution Region ota_sw_activation_block (Exec base: 0x20000004, Load base: 0x10072654, Size: 0x00000000, Max: 0x00000004, ABSOLUTE, UNINIT)

    **** No section assigned to this execution region ****


    Execution Region savedMSP_block (Exec base: 0x20000008, Load base: 0x10072654, Size: 0x00000004, Max: 0x00000004, ABSOLUTE)

    Exec Addr    Load Addr    Size         Type   Attr      Idx    E Section Name        Object

    0x20000008   0x10072654   0x00000004   Data   RW         2635    .savedMSP           system_bluenrg1.o


    Execution Region wakeupFromSleepFlag_block (Exec base: 0x2000000c, Load base: 0x10072658, Size: 0x00000004, Max: 0x00000004, ABSOLUTE)

    Exec Addr    Load Addr    Size         Type   Attr      Idx    E Section Name        Object

    0x2000000c   0x10072658   0x00000001   Data   RW         2636    .wakeupFromSleepFlag  system_bluenrg1.o


    Execution Region app_base_block (Exec base: 0x20000010, Load base: 0x1007265c, Size: 0x00000004, Max: 0x00000004, ABSOLUTE)

    Exec Addr    Load Addr    Size         Type   Attr      Idx    E Section Name        Object

    0x20000010   0x1007265c   0x00000004   Data   RW         2624    .app_base           system_bluenrg1.o


    Execution Region flash_sw_lock_block (Exec base: 0x20000014, Load base: 0x10072660, Size: 0x00000004, Max: 0x00000004, ABSOLUTE)

    Exec Addr    Load Addr    Size         Type   Attr      Idx    E Section Name        Object

    0x20000014   0x10072660   0x00000004   Data   RW         2631    .flash_sw_lock      system_bluenrg1.o


    Execution Region rfTimeout_block (Exec base: 0x20000018, Load base: 0x10072664, Size: 0x00000004, Max: 0x00000004, ABSOLUTE)

    Exec Addr    Load Addr    Size         Type   Attr      Idx    E Section Name        Object

    0x20000018   0x10072664   0x00000004   Data   RW         2634    .rfTimeout          system_bluenrg1.o


    Execution Region Blue_Flag_Ram_block (Exec base: 0x20000030, Load base: 0x10072668, Size: 0x00000004, Max: 0x00000004, ABSOLUTE)

    Exec Addr    Load Addr    Size         Type   Attr      Idx    E Section Name        Object

    0x20000030   0x10072668   0x00000004   Data   RW         2623    .__blueflag_RAM     system_bluenrg1.o


    Execution Region Crash_Info_block (Exec base: 0x20000034, Load base: 0x1007266c, Size: 0x00000000, Max: 0x00000028, ABSOLUTE, UNINIT)

    **** No section assigned to this execution region ****


    Execution Region BLUE (Exec base: 0x200000c0, Load base: 0x1007266c, Size: 0x0000020c, Max: 0x0000020c, ABSOLUTE, COMPRESSED[0x00000008])

    Exec Addr    Load Addr    Size         Type   Attr      Idx    E Section Name        Object

    0x200000c0   COMPRESSED   0x0000020c   Data   RW         2626    .bss.__blue_RAM     system_bluenrg1.o


    Execution Region REGION_RAM2 (Exec base: 0x200002cc, Load base: 0x10072674, Size: 0x00000920, Max: 0x00005d34, ABSOLUTE, COMPRESSED[0x000000b0])

    Exec Addr    Load Addr    Size         Type   Attr      Idx    E Section Name        Object

    0x200002cc   COMPRESSED   0x00000004   Data   RW           10    .data               clock.o
    0x200002d0   COMPRESSED   0x00000004   Data   RW          202    .data               sleep.o
    0x200002d4   COMPRESSED   0x00000008   Data   RW          747    .data               bluenrg1_i2c.o
    0x200002dc   COMPRESSED   0x00000012   Data   RW         1738    .data               ota_btl.o
    0x200002ee   COMPRESSED   0x00000002   PAD
    0x200002f0   COMPRESSED   0x00000038   Data   RW         1739    .data               ota_btl.o
    0x20000328   COMPRESSED   0x00000034   Data   RW         1891    .data               lps25hb.o
    0x2000035c   COMPRESSED   0x00000001   Data   RW         1892    .data               lps25hb.o
    0x2000035d   COMPRESSED   0x00000003   PAD
    0x20000360   COMPRESSED   0x00000040   Data   RW         1966    .data               lsm6ds3.o
    0x200003a0   COMPRESSED   0x0000000c   Data   RW         1967    .data               lsm6ds3.o
    0x200003ac   COMPRESSED   0x00000001   Data   RW         2272    .data               sdk_eval_config.o
    0x200003ad   COMPRESSED   0x00000003   PAD
    0x200003b0   COMPRESSED   0x00000004   Data   RW         2273    .data               sdk_eval_config.o
    0x200003b4   COMPRESSED   0x00000004   Data   RW         2627    .data               system_bluenrg1.o
    0x200003b8   COMPRESSED   0x00000004   Data   RW         2628    .data               system_bluenrg1.o
    0x200003bc   COMPRESSED   0x00000004   Data   RW         2629    .data               system_bluenrg1.o
    0x200003c0   COMPRESSED   0x00000007   Data   RW         2630    .data               system_bluenrg1.o
    0x200003c7   COMPRESSED   0x00000001   PAD
    0x200003c8   COMPRESSED   0x0000000c   Data   RW         2900    .data               gatt_db.o
    0x200003d4   COMPRESSED   0x00000018   Data   RW         2998    .data               sensor.o
    0x200003ec   COMPRESSED   0x00000002   Data   RW         3087    .data               sensordemo_main.o
    0x200003ee   COMPRESSED   0x00000002   PAD
    0x200003f0   COMPRESSED   0x00000048   Data   RW         3365    .data               libbluenrg1_stack.a(ll_isr.o)
    0x20000438   COMPRESSED   0x00000004   Data   RW         3817    .data               libbluenrg1_stack.a(mem_alloc.o)
    0x2000043c        -       0x00000060   Zero   RW          201    .bss                sleep.o
    0x2000049c        -       0x000006c0   Zero   RW         1737    .bss                ota_btl.o
    0x20000b5c        -       0x00000020   Zero   RW         2625    .bss                system_bluenrg1.o
    0x20000b7c        -       0x00000030   Zero   RW         2899    .bss                gatt_db.o
    0x20000bac        -       0x0000000c   Zero   RW         2997    .bss                sensor.o
    0x20000bb8        -       0x00000034   Zero   RW         3816    .bss                libbluenrg1_stack.a(mem_alloc.o)


    Execution Region REGION_RAM3 (Exec base: 0x20000bec, Load base: 0x10072724, Size: 0x00002c5c, Max: 0x00005d34, ABSOLUTE, UNINIT)

    Exec Addr    Load Addr    Size         Type   Attr      Idx    E Section Name        Object

    0x20000bec        -       0x00002c5c   Zero   RW         3088    .noinit.data        sensordemo_main.o


    Execution Region ARM_LIB_STACKHEAP (Exec base: 0x20005400, Load base: 0x10072724, Size: 0x00000c00, Max: 0x00000c00, ABSOLUTE)

    Exec Addr    Load Addr    Size         Type   Attr      Idx    E Section Name        Object

    0x20005400        -       0x00000c00   Zero   RW            2    ARM_LIB_STACKHEAP.bss  anon$$obj.o


==============================================================================

Image component sizes


      Code (inc. data)   RO Data    RW Data    ZI Data      Debug   Object Name

       180         46          0          0          0       3043   bluenrg1_flash.o
       396         18          0          0          0       6877   bluenrg1_gpio.o
       294         22          0          8          0       7188   bluenrg1_i2c.o
       100         12          0          0          0       3969   bluenrg1_it.o
        20          0          0          0          0        532   bluenrg1_pka.o
       348         64          0          0          0       7284   bluenrg1_spi.o
       180         20          0          0          0       1708   bluenrg1_sysctrl.o
       392         26          0          0          0       3312   bluenrg1_uart.o
        16          6          0          4          0      53135   clock.o
       160         36          0          0          0        528   context_switch.o
      1336        102          0         12         48      23215   gatt_db.o
       524         44          0         53          0       9222   lps25hb.o
      2800        256          3         76          0      27677   lsm6ds3.o
       160         16          0          0          0       7577   misc.o
       108         14          0          0          0      10250   miscutil.o
        24          0          0          0          0       1946   osal.o
      1810        108          0         74       1728      22253   ota_btl.o
       196         16          0          0          0       1963   sdk_eval_com.o
        24         10         76          5          0       3881   sdk_eval_config.o
       760         54          0          0          0       3316   sdk_eval_i2c.o
       154          4          0          0          0       3536   sdk_eval_led.o
       508         42          0          0          0       3016   sdk_eval_spi.o
       622         80          0         24         12       9429   sensor.o
       144         10         52          2      13460       4672   sensordemo_main.o
      1976        214          0          4         96      13352   sleep.o
        44          0          0          0          0       4550   stack_user_cfg.o
      1040        126        192        564         32      20889   system_bluenrg1.o

    ----------------------------------------------------------------------
     14350       1346        468        840      20496     258320   Object Totals
         0          0        144          0       5120          0   (incl. Generated)
        34          0          1         14          0          0   (incl. Padding)

    ----------------------------------------------------------------------

      Code (inc. data)   RO Data    RW Data    ZI Data      Debug   Library Member Name

      3110        270        284          0          0          0   aci_events.o
       468         38          0          0          0          0   acl.o
       268          0          0          0          0          0   acl_list.o
      1596         40          0          0          0          0   advance_wakeup_time.o
      5784         66         16          0          0          0   att.o
       358         14          0          0          0          0   bluenrg_gap_aci.o
       288          0          0          0          0          0   bluenrg_gatt_aci.o
        16          0          0          0          0          0   bluenrg_hal_aci.o
        24          0          0          0          0          0   bluenrg_l2cap_aci.o
      1020        102          0          0          0          0   bluenrg_main_func.o
       268         24          0          0          0          0   bluenrg_main_func_speed.o
       296         18          0          0          0          0   device_id_data.o
      1978         80          0          0          0          0   gap.o
        60          4          0          0          0          0   gatt_client.o
      8210        230          0          0          0          0   gatt_server.o
       766         46          0          0          0          0   hal.o
       492         30          0          0          0          0   hci.o
       960        124          0          0          0          0   host_timer.o
       500         32          0          0          0          0   isr_postproc.o
       344         18          0          0          0          0   isr_routines.o
      2026         68          0          0          0          0   l2cap.o
      4254        200         26         72          0          0   ll_isr.o
       452         42          0          0          0          0   ll_privacy.o
      1340         88          0          0          0          0   ll_routines.o
      1964         38          0          0          0          0   ll_routines_master.o
       316         34          0          0          0          0   ll_routines_support.o
       796         20          0          4         52          0   mem_alloc.o
      1122          0          0          0          0          0   mem_buff.o
      2972        158          0          0          0          0   multi_master_time.o
        76         16          0          0          0          0   nvm.o
       690         42          0          0          0          0   pm.o
       344          0          0          0          0          0   rom_att.o
       700         36          0          0          0          0   rom_gap.o
       156         16          0          0          0          0   rom_gap_rom.o
       146          4          0          0          0          0   rom_gatt_server.o
       114          0          0          0          0          0   rom_list.o
       330          8          0          0          0          0   rom_ll_isr_postproc.o
      1168         54          0          0          0          0   rom_ll_isr_routines.o
      3108        190          0          0          0          0   rom_ll_ll_routines.o
       124         22          0          0          0          0   rom_ll_routines_support.o
       316         44         16          0          0          0   rom_ll_timehandling.o
      1278         52          0          0          0          0   routines_support.o
      2536         64          0          0          0          0   sdb.o
      3680        104         25          0          0          0   securitymgr.o
       832         26          0          0          0          0   smp_algo_sap.o
      3242         90          0          0          0          0   smp_common.o
        66          4          0          0          0          0   smp_scv42_caf.o
        40          0          0          0          0          0   smp_scv42_sap.o
        44          0          0          0          0          0   utils.o
        86          0          0          0          0          0   __dczerorl2.o
         0          0          0          0          0          0   entry.o
         0          0          0          0          0          0   entry10a.o
         0          0          0          0          0          0   entry11a.o
         8          4          0          0          0          0   entry3.o
         4          0          0          0          0          0   entry5.o
         0          0          0          0          0          0   entry7b.o
         0          0          0          0          0          0   entry8b.o
         8          4          0          0          0          0   entry9a.o
        30          0          0          0          0          0   handlers.o
        40          0          0          0          0         72   idiv.o
        36          8          0          0          0         68   init.o
         0          0          0          0          0          0   iusefp.o
        26          0          0          0          0         72   memcmp.o
        66          0          0          0          0         68   memmove.o
        36          0          0          0          0        100   memseta.o
        44          0          0          0          0         72   uidiv.o
        20          0          0          0          0         60   uread4.o
       178          0          0          0          0        108   fadd.o
       124          0          0          0          0         72   fdiv.o
       130          0          0          0          0        144   fepilogue.o
        50          0          0          0          0         60   ffixi.o
        22          0          0          0          0         68   fflti.o
        14          0          0          0          0         68   ffltui.o
       122          0          0          0          0         72   fmul.o
        24          0          0          0          0         60   fscalb.o

    ----------------------------------------------------------------------
     62206       2572        372         76         52       1164   Library Totals
       100          0          5          0          0          0   (incl. Padding)

    ----------------------------------------------------------------------

      Code (inc. data)   RO Data    RW Data    ZI Data      Debug   Library Name

     61038       2556        367         76         52          0   libbluenrg1_stack.a
       404         16          0          0          0        512   mc_p.l
       664          0          0          0          0        652   mf_p.l

    ----------------------------------------------------------------------
     62206       2572        372         76         52       1164   Library Totals

    ----------------------------------------------------------------------

==============================================================================


      Code (inc. data)   RO Data    RW Data    ZI Data      Debug   

     76556       3918        840        916      20548     251876   Grand Totals
     76556       3918        840        208      20548     251876   ELF Image Totals (compressed)
     76556       3918        840        208          0          0   ROM Totals

==============================================================================

    Total RO  Size (Code + RO Data)                77396 (  75.58kB)
    Total RW  Size (RW Data + ZI Data)             21464 (  20.96kB)
    Total ROM Size (Code + RO Data + RW Data)      77604 (  75.79kB)

==============================================================================

