<html>
<body>
<pre>
<h1>µVision Build Log</h1>
<h2>Tool Versions:</h2>
IDE-Version: µVision V5.29.0.0
Copyright (C) 2019 ARM Ltd and ARM Germany GmbH. All rights reserved.
License Information: w blzm9, e, LIC=H7GU5-GG7Q0-IWXJA-EJPKQ-3FT8E-5DIH8
 
Tool Versions:
Toolchain:       MDK-ARM Cortex-M0/M0+ for ST  Version: 5.29.0.0
Toolchain Path:  C:\Keil_v5\ARM\ARMCC\Bin
C Compiler:      Armcc.exe V5.06 update 6 (build 750)
Assembler:       Armasm.exe V5.06 update 6 (build 750)
Linker/Locator:  ArmLink.exe V5.06 update 6 (build 750)
Library Manager: ArmAr.exe V5.06 update 6 (build 750)
Hex Converter:   FromElf.exe V5.06 update 6 (build 750)
CPU DLL:         SARMCM3.DLL V5.29.0.0
Dialog DLL:      DARMCM1.DLL V1.19.2.0
Target DLL:      STLink\ST-LINKIII-KEIL_SWO.dll V3.0.7.0
Dialog DLL:      TARMCM1.DLL V1.14.1.0
 
<h2>Project:</h2>
C:\Users\blzm9\Desktop\BlueNRG-1_2 DK 3.1.0\Project\BLE_Examples\BLE_SensorDemo_BlueMSapp\MDK-ARM\BlueNRG-2\BLE_SensorDemo_BlueMSapp.uvprojx
Project File Date:  03/08/2020

<h2>Output:</h2>
*** Using Compiler 'V5.06 update 6 (build 750)', folder: 'C:\Keil_v5\ARM\ARMCC\Bin'
Build target 'Release'
compiling SensorDemo_BlueMS_main.c...
../../src/SensorDemo_BlueMS_main.c(230): warning:  #177-D: variable "ret"  was declared but never referenced
    uint8_t ret;
../../src/SensorDemo_BlueMS_main.c(231): warning:  #550-D: variable "status"  was set but never used
  	int status;
../../src/SensorDemo_BlueMS_main.c(232): warning:  #177-D: variable "dataReady"  was declared but never referenced
  	uint8_t byteData,sensorState=0, dataReady;
../../src/SensorDemo_BlueMS_main.c: 3 warnings, 0 errors
linking...
Program Size: Code=37288 RO-data=844 RW-data=764 ZI-data=5204  
FromELF: creating hex file...
After Build - User command #1: fromelf.exe --bin Release\Objects\BLE_SensorDemo_BlueMSapp.axf --output Release\Objects\BLE_SensorDemo_BlueMSapp.bin
".\Release\Objects\BLE_SensorDemo_BlueMSapp.axf" - 0 Error(s), 3 Warning(s).

<h2>Software Packages used:</h2>

Package Vendor: Keil
                http://www.keil.com/pack/Keil.STBlueNRG-2_DFP.1.0.1.pack
                Keil.STBlueNRG-2_DFP.1.0.1
                STMicroelectronics BlueNRG-2 Series Device Support

<h2>Collection of Component include folders:</h2>
  .\RTE\_Release

<h2>Collection of Component Files used:</h2>
Build Time Elapsed:  00:00:01
</pre>
</body>
</html>
