Component: ARM Compiler 5.06 update 6 (build 750) Tool: armlink [4d35ed]

==============================================================================

Section Cross References

    clock.o(i.Clock_Time) refers to clock.o(.data) for .data
    clock.o(i.Clock_Wait) refers to clock.o(.data) for .data
    clock.o(i.SysCount_Handler) refers to clock.o(.data) for .data
    context_switch.o(. text) refers to system_bluenrg1.o(.savedMSP) for savedMSP
    context_switch.o(. text) refers to system_bluenrg1.o(.data) for savedICSR
    context_switch.o(. text) refers to system_bluenrg1.o(.data) for savedSHCSR
    context_switch.o(. text) refers to system_bluenrg1.o(.data) for savedNVIC_ISPR
    miscutil.o(i.BLEPLAT_get_part_info) refers to miscutil.o(i.HAL_GetPartInfo) for HAL_GetPartInfo
    miscutil.o(i.HAL_CrashHandler) refers to uwrite4.o(.text) for __aeabi_uwrite4
    miscutil.o(i.HAL_CrashHandler) refers to miscutil.o(.__crash_RAM) for .__crash_RAM
    miscutil.o(i.HAL_GetCrashInfo) refers to memmove.o(.text) for __aeabi_memcpy
    miscutil.o(i.HAL_GetCrashInfo) refers to uwrite4.o(.text) for __aeabi_uwrite4
    miscutil.o(i.HAL_GetCrashInfo) refers to miscutil.o(.__crash_RAM) for .__crash_RAM
    osal.o(i.Osal_MemCmp) refers to memcmp.o(.text) for memcmp
    osal.o(i.Osal_MemCpy) refers to memmove.o(.text) for memcpy
    osal.o(i.Osal_MemSet) refers to memseta.o(.text) for memset
    sleep.o(i.BlueNRG_InternalSleep) refers to miscutil.o(i.HAL_GetPartInfo) for HAL_GetPartInfo
    sleep.o(i.BlueNRG_InternalSleep) refers to system_bluenrg1.o(i.SET_BORconfigStatus) for SET_BORconfigStatus
    sleep.o(i.BlueNRG_InternalSleep) refers to misc.o(i.SystemSleepCmd) for SystemSleepCmd
    sleep.o(i.BlueNRG_InternalSleep) refers to context_switch.o(. text) for CS_contextSave
    sleep.o(i.BlueNRG_InternalSleep) refers to system_bluenrg1.o(.intvec) for __vector_table
    sleep.o(i.BlueNRG_InternalSleep) refers to sleep.o(.data) for .data
    sleep.o(i.BlueNRG_InternalSleep) refers to sleep.o(.bss) for .bss
    sleep.o(i.BlueNRG_InternalSleep) refers to system_bluenrg1.o(.flash_sw_lock) for flash_sw_lock
    sleep.o(i.BlueNRG_InternalSleep) refers to system_bluenrg1.o(.rfTimeout) for rfTimeout
    sleep.o(i.BlueNRG_InternalSleep) refers to system_bluenrg1.o(.wakeupFromSleepFlag) for wakeupFromSleepFlag
    sleep.o(i.BlueNRG_InternalSleep) refers to system_bluenrg1.o(i.DeviceConfiguration) for DeviceConfiguration
    sleep.o(i.BlueNRG_InternalSleep) refers to bluenrg1_sysctrl.o(i.SysCtrl_GetWakeupResetReason) for SysCtrl_GetWakeupResetReason
    sleep.o(i.BlueNRG_InternalSleep) refers to system_bluenrg1.o(.data) for savedNVIC_ISPR
    sleep.o(i.BlueNRG_InternalSleep) refers to system_bluenrg1.o(.data) for savedSHCSR
    sleep.o(i.BlueNRG_InternalSleep) refers to system_bluenrg1.o(.data) for savedICSR
    sleep.o(i.BlueNRG_InternalSleep) refers to system_bluenrg1.o(.bss.__blue_RAM) for __blue_RAM
    sleep.o(i.BlueNRG_Sleep) refers to bluenrg_main_func_speed.o(i.BlueNRG_Stack_Perform_Deep_Sleep_Check) for BlueNRG_Stack_Perform_Deep_Sleep_Check
    sleep.o(i.BlueNRG_Sleep) refers to sensordemo_bluems_main.o(i.App_SleepMode_Check) for App_SleepMode_Check
    sleep.o(i.BlueNRG_Sleep) refers to sleep.o(i.BlueNRG_InternalSleep) for BlueNRG_InternalSleep
    sleep.o(i.BlueNRG_Sleep) refers to system_bluenrg1.o(.wakeupFromSleepFlag) for wakeupFromSleepFlag
    sleep.o(i.BlueNRG_Sleep) refers to sleep.o(.bss) for .bss
    bluenrg1_adc.o(i.ADC_ConvertBatterySensor) refers to bluenrg1_adc.o(i.ADC_ConvertSingleEndedVoltage) for ADC_ConvertSingleEndedVoltage
    bluenrg1_adc.o(i.ADC_ConvertBatterySensor) refers to fmul.o(.text) for __aeabi_fmul
    bluenrg1_adc.o(i.ADC_ConvertDifferentialVoltage) refers to ffltui.o(.text) for __aeabi_ui2f
    bluenrg1_adc.o(i.ADC_ConvertDifferentialVoltage) refers to fflti.o(.text) for __aeabi_i2f
    bluenrg1_adc.o(i.ADC_ConvertDifferentialVoltage) refers to fdiv.o(.text) for __aeabi_fdiv
    bluenrg1_adc.o(i.ADC_ConvertDifferentialVoltage) refers to fadd.o(.text) for __aeabi_fadd
    bluenrg1_adc.o(i.ADC_ConvertDifferentialVoltage) refers to fmul.o(.text) for __aeabi_fmul
    bluenrg1_adc.o(i.ADC_ConvertSingleEndedVoltage) refers to fflti.o(.text) for __aeabi_i2f
    bluenrg1_adc.o(i.ADC_ConvertSingleEndedVoltage) refers to ffltui.o(.text) for __aeabi_ui2f
    bluenrg1_adc.o(i.ADC_ConvertSingleEndedVoltage) refers to fadd.o(.text) for __aeabi_fadd
    bluenrg1_adc.o(i.ADC_ConvertSingleEndedVoltage) refers to f2d.o(.text) for __aeabi_f2d
    bluenrg1_adc.o(i.ADC_ConvertSingleEndedVoltage) refers to fdiv.o(.text) for __aeabi_fdiv
    bluenrg1_adc.o(i.ADC_ConvertSingleEndedVoltage) refers to fmul.o(.text) for __aeabi_fmul
    bluenrg1_adc.o(i.ADC_ConvertSingleEndedVoltage) refers to dadd.o(.text) for __aeabi_drsub
    bluenrg1_adc.o(i.ADC_ConvertSingleEndedVoltage) refers to dmul.o(.text) for __aeabi_dmul
    bluenrg1_adc.o(i.ADC_ConvertSingleEndedVoltage) refers to d2f.o(.text) for __aeabi_d2f
[...]
    securitymgr.o(i.smp_Execute_Actions_wrt_Current_State) refers to securitymgr.o(i.smp_Keys_Distribution_Send) for smp_Keys_Distribution_Send
    securitymgr.o(i.smp_Execute_Actions_wrt_Current_State) refers to smp_common.o(i.smp_pairing_completed) for smp_pairing_completed
    securitymgr.o(i.smp_Execute_Actions_wrt_Current_State) refers to osal.o(i.Osal_MemSet) for Osal_MemSet
    securitymgr.o(i.smp_Execute_Actions_wrt_Current_State) refers to securitymgr.o(i.smp_Execute_Actions_wrt_Current_State_sc_excerpt_phase_1_to_2_ucfg) for smp_Execute_Actions_wrt_Current_State_sc_excerpt_phase_1_to_2_ucfg
    securitymgr.o(i.smp_Execute_Actions_wrt_Current_State) refers to hal.o(i.HAL_Generate_Random_Bytes_To) for HAL_Generate_Random_Bytes_To
    securitymgr.o(i.smp_Execute_Actions_wrt_Current_State) refers to securitymgr.o(i.smp_sc_SR_Pairing_Phase_2AS1_Start_sc_excerpt_ucfg) for smp_sc_SR_Pairing_Phase_2AS1_Start_sc_excerpt_ucfg
    securitymgr.o(i.smp_Execute_Actions_wrt_Current_State) refers to smp_common.o(i.smp_keys_distribution_start) for smp_keys_distribution_start
    securitymgr.o(i.smp_Execute_Actions_wrt_Current_State) refers to mem_alloc.o(.data) for mem_alloc_ctx_p
    securitymgr.o(i.smp_Execute_Actions_wrt_Current_State_MI_excerpt) refers to hal.o(i.HAL_Generate_Random_Bytes_To) for HAL_Generate_Random_Bytes_To
    securitymgr.o(i.smp_Execute_Actions_wrt_Current_State_MI_excerpt) refers to securitymgr.o(i.smp_sc_MI_Pairing_Phase_2AS1_Start_sc_excerpt_ucfg) for smp_sc_MI_Pairing_Phase_2AS1_Start_sc_excerpt_ucfg
    securitymgr.o(i.smp_Execute_Actions_wrt_Current_State_MI_excerpt) refers to securitymgr.o(i.smp____MI_PairingConfirm_Send) for smp____MI_PairingConfirm_Send
    securitymgr.o(i.smp_Execute_Actions_wrt_Current_State_MI_excerpt) refers to securitymgr.o(i.smp_MI_Start_Encryption_ucfg) for smp_MI_Start_Encryption_ucfg
    securitymgr.o(i.smp_Execute_Actions_wrt_Current_State_MI_excerpt) refers to smp_common.o(i.smp_keys_distribution_start) for smp_keys_distribution_start
    securitymgr.o(i.smp_Execute_Actions_wrt_Current_State_sc_MI_excerpt_phase2as2) refers to securitymgr.o(i.smp____MI_PairingConfirm_Receive) for smp____MI_PairingConfirm_Receive
    securitymgr.o(i.smp_Execute_Actions_wrt_Current_State_sc_excerpt_phase2as2) refers to securitymgr.o(i.smp_Execute_Actions_wrt_Current_State_sc_MI_excerpt_phase2as2_ucfg) for smp_Execute_Actions_wrt_Current_State_sc_MI_excerpt_phase2as2_ucfg
    securitymgr.o(i.smp_Execute_Actions_wrt_Current_State_sc_excerpt_phase2as2) refers to smp_scv42_caf.o(i.smp_sc_phase_2as2_start) for smp_sc_phase_2as2_start
    securitymgr.o(i.smp_Execute_Actions_wrt_Current_State_sc_excerpt_phase2as2) refers to smp_common.o(i.smp_pairing_failed_send) for smp_pairing_failed_send
    securitymgr.o(i.smp_Execute_Actions_wrt_Current_State_sc_excerpt_phase_1_to_2) refers to utils.o(i.is_Buffer_All_Set_To) for is_Buffer_All_Set_To
    securitymgr.o(i.smp_Execute_Actions_wrt_Current_State_sc_excerpt_phase_1_to_2) refers to smp_scv42_caf.o(i.smp_sc_submit_ecc_pk_generation_request) for smp_sc_submit_ecc_pk_generation_request
    securitymgr.o(i.smp_Execute_Actions_wrt_Current_State_sc_excerpt_phase_1_to_2) refers to smp_scv42_caf.o(i.smp_sc_pairing_public_key_send) for smp_sc_pairing_public_key_send
    securitymgr.o(i.smp_Execute_Actions_wrt_Current_State_sc_excerpt_phase_1_to_2) refers to mem_alloc.o(.data) for mem_alloc_ctx_p
    securitymgr.o(i.smp_Get_Long_Term_Key) refers to osal.o(i.Osal_MemCpy) for Osal_MemCpy
    securitymgr.o(i.smp_Get_Long_Term_Key) refers to smp_algo_sap.o(i.SMA_generate_EDIV_recovery_DIV) for SMA_generate_EDIV_recovery_DIV
    securitymgr.o(i.smp_Get_Long_Term_Key) refers to osal.o(i.Osal_MemCmp) for Osal_MemCmp
    securitymgr.o(i.smp_Get_Long_Term_Key) refers to sdb.o(i.SDB_Find_Matching_LTK) for SDB_Find_Matching_LTK
    securitymgr.o(i.smp_Get_Long_Term_Key) refers to smp_algo_sap.o(i.SMA_Diversify) for SMA_Diversify
    securitymgr.o(i.smp_Get_Long_Term_Key) refers to osal.o(i.Osal_MemSet) for Osal_MemSet
    securitymgr.o(i.smp_Get_Long_Term_Key) refers to mem_alloc.o(.data) for mem_alloc_ctx_p
    securitymgr.o(i.smp_Get_Pairing_Parameters_From_Peer_Packet) refers to mem_alloc.o(.data) for mem_alloc_ctx_p
    securitymgr.o(i.smp_Keys_Distribution_Send) refers to pm.o(i.PM_Get_Pckt) for PM_Get_Pckt
    securitymgr.o(i.smp_Keys_Distribution_Send) refers to hal.o(i.HAL_Generate_Random_Bytes_To) for HAL_Generate_Random_Bytes_To
    securitymgr.o(i.smp_Keys_Distribution_Send) refers to smp_algo_sap.o(i.SMA_Diversify) for SMA_Diversify
    securitymgr.o(i.smp_Keys_Distribution_Send) refers to smp_algo_sap.o(i.SMA_generate_EDIV_recovery_DIV) for SMA_generate_EDIV_recovery_DIV
    securitymgr.o(i.smp_Keys_Distribution_Send) refers to pm.o(i.PM_Write_Pckt_Data) for PM_Write_Pckt_Data
    securitymgr.o(i.smp_Keys_Distribution_Send) refers to smp_algo_sap.o(i.SMA_Generate_IRK) for SMA_Generate_IRK
    securitymgr.o(i.smp_Keys_Distribution_Send) refers to smp_common.o(i.smp_get_local_identity_address) for smp_get_local_identity_address
    securitymgr.o(i.smp_Keys_Distribution_Send) refers to securitymgr.o(i.smp_send_packet) for smp_send_packet
    securitymgr.o(i.smp_Keys_Distribution_Send) refers to smp_algo_sap.o(i.SMA_Generate_CSRK) for SMA_Generate_CSRK
    securitymgr.o(i.smp_Keys_Distribution_Send) refers to mem_alloc.o(.data) for mem_alloc_ctx_p
    securitymgr.o(i.smp_LP_MI_Compute_c1_Confirm_Value) refers to osal.o(i.Osal_MemSet) for Osal_MemSet
    securitymgr.o(i.smp_LP_MI_Compute_c1_Confirm_Value) refers to osal.o(i.Osal_MemCpy) for Osal_MemCpy
    securitymgr.o(i.smp_LP_MI_Compute_c1_Confirm_Value) refers to securitymgr.o(i.int32ToLe4Byte) for int32ToLe4Byte
    securitymgr.o(i.smp_LP_MI_Compute_c1_Confirm_Value) refers to rom_ll_ll_routines.o(i.LL_Get_Address) for LL_Get_Address
    securitymgr.o(i.smp_LP_MI_Compute_c1_Confirm_Value) refers to ll_routines_support.o(i.LL_Encrypt_Plain_Data_ucfg) for LL_Encrypt_Plain_Data_ucfg
    securitymgr.o(i.smp_LP_MI_Compute_c1_Confirm_Value) refers to mem_alloc.o(.data) for mem_alloc_ctx_p
    securitymgr.o(i.smp_MI_Start_Encryption) refers to osal.o(i.Osal_MemSet) for Osal_MemSet
    securitymgr.o(i.smp_MI_Start_Encryption) refers to rom_ll_ll_routines_master.o(i.LL_Start_Encryption) for LL_Start_Encryption
    securitymgr.o(i.smp_Process_Rx_Packet_Exception_Cases_sc_excerpt) refers to aci_events.o(i.aci_event_fifo_push_header) for aci_event_fifo_push_header
    securitymgr.o(i.smp_Process_Rx_Packet_Exception_Cases_sc_excerpt) refers to aci_events.o(i.aci_event_fifo_push) for aci_event_fifo_push
    securitymgr.o(i.smp_Process_Rx_Packet_Exception_Cases_sc_excerpt) refers to mem_alloc.o(.data) for mem_alloc_ctx_p
    securitymgr.o(i.smp_Process_Rx_Packet_wrt_Current_State) refers to securitymgr.o(i.smp_Process_Rx_Packet_wrt_Current_State_sc_excerpt_ucfg) for smp_Process_Rx_Packet_wrt_Current_State_sc_excerpt_ucfg
    securitymgr.o(i.smp_Process_Rx_Packet_wrt_Current_State) refers to smp_common.o(i.smp_pairing_failed_send) for smp_pairing_failed_send
    securitymgr.o(i.smp_Process_Rx_Packet_wrt_Current_State) refers to smp_common.o(i.smp_keys_receiving) for smp_keys_receiving
    securitymgr.o(i.smp_Process_Rx_Packet_wrt_Current_State) refers to aci_events.o(i.aci_event_fifo_push_header) for aci_event_fifo_push_header
    securitymgr.o(i.smp_Process_Rx_Packet_wrt_Current_State) refers to aci_events.o(i.aci_event_fifo_push) for aci_event_fifo_push
    securitymgr.o(i.smp_Process_Rx_Packet_wrt_Current_State) refers to smp_common.o(i.smp_find_remote_device_index) for smp_find_remote_device_index
    securitymgr.o(i.smp_Process_Rx_Packet_wrt_Current_State) refers to securitymgr.o(i.smp_Reset_Timer) for smp_Reset_Timer
    securitymgr.o(i.smp_Process_Rx_Packet_wrt_Current_State) refers to securitymgr.o(i.smp____SR_PairingRequest_Receive) for smp____SR_PairingRequest_Receive
    securitymgr.o(i.smp_Process_Rx_Packet_wrt_Current_State) refers to securitymgr.o(i.smp____SR_PairingConfirm_Receive) for smp____SR_PairingConfirm_Receive
    securitymgr.o(i.smp_Process_Rx_Packet_wrt_Current_State) refers to securitymgr.o(i.smp____SR_PairingRandom_Receive) for smp____SR_PairingRandom_Receive
    securitymgr.o(i.smp_Process_Rx_Packet_wrt_Current_State) refers to securitymgr.o(i.smp_Process_Rx_Packet_wrt_Current_State_MI_excerpt_ucfg) for smp_Process_Rx_Packet_wrt_Current_State_MI_excerpt_ucfg
    securitymgr.o(i.smp_Process_Rx_Packet_wrt_Current_State) refers to mem_alloc.o(.data) for mem_alloc_ctx_p
    securitymgr.o(i.smp_Process_Rx_Packet_wrt_Current_State_MI_excerpt) refers to securitymgr.o(i.smp____MI_PairingRandom_Receive) for smp____MI_PairingRandom_Receive
    securitymgr.o(i.smp_Process_Rx_Packet_wrt_Current_State_MI_excerpt) refers to securitymgr.o(i.smp____MI_SecurityRequest_Receive) for smp____MI_SecurityRequest_Receive
    securitymgr.o(i.smp_Process_Rx_Packet_wrt_Current_State_MI_excerpt) refers to securitymgr.o(i.smp____MI_PairingResponse_Receive) for smp____MI_PairingResponse_Receive
    securitymgr.o(i.smp_Process_Rx_Packet_wrt_Current_State_MI_excerpt) refers to securitymgr.o(i.smp____MI_PairingConfirm_Receive) for smp____MI_PairingConfirm_Receive
    securitymgr.o(i.smp_Process_Rx_Packet_wrt_Current_State_sc_excerpt) refers to smp_scv42_caf.o(i.smp_sc_phase_2as2_dhkey_check_receive) for smp_sc_phase_2as2_dhkey_check_receive
    securitymgr.o(i.smp_Process_Rx_Packet_wrt_Current_State_sc_excerpt) refers to smp_scv42_caf.o(i.smp_sc_pairing_public_key_receive) for smp_sc_pairing_public_key_receive
    securitymgr.o(i.smp_Reset_Timer) refers to host_timer.o(i.Timer_StopOneShot) for Timer_StopOneShot
    securitymgr.o(i.smp_Reset_Timer) refers to host_timer.o(i.Timer_StartOneShot) for Timer_StartOneShot
    securitymgr.o(i.smp_SR_Compute_c1_Confirm_Value) refers to osal.o(i.Osal_MemSet) for Osal_MemSet
    securitymgr.o(i.smp_SR_Compute_c1_Confirm_Value) refers to osal.o(i.Osal_MemCpy) for Osal_MemCpy
    securitymgr.o(i.smp_SR_Compute_c1_Confirm_Value) refers to securitymgr.o(i.int32ToLe4Byte) for int32ToLe4Byte
    securitymgr.o(i.smp_SR_Compute_c1_Confirm_Value) refers to rom_ll_ll_routines.o(i.LL_Get_Address) for LL_Get_Address
    securitymgr.o(i.smp_SR_Compute_c1_Confirm_Value) refers to ll_routines_support.o(i.LL_Encrypt_Plain_Data_ucfg) for LL_Encrypt_Plain_Data_ucfg
    securitymgr.o(i.smp_SR_Compute_c1_Confirm_Value) refers to mem_alloc.o(.data) for mem_alloc_ctx_p
    securitymgr.o(i.smp_Set_Key_Association_Method) refers to securitymgr.o(i.smp_Determine_Key_Association_Method) for smp_Determine_Key_Association_Method
    securitymgr.o(i.smp_Set_Key_Association_Method) refers to aci_events.o(i.aci_event_fifo_push_header) for aci_event_fifo_push_header
    securitymgr.o(i.smp_Set_Key_Association_Method) refers to aci_events.o(i.aci_event_fifo_push) for aci_event_fifo_push
    securitymgr.o(i.smp_Set_Key_Association_Method) refers to mem_alloc.o(.data) for mem_alloc_ctx_p
    securitymgr.o(i.smp____MI_PairingConfirm_Receive) refers to pm.o(i.PM_Get_Pckt) for PM_Get_Pckt
    securitymgr.o(i.smp____MI_PairingConfirm_Receive) refers to pm.o(i.PM_Copy_Pckt_Data) for PM_Copy_Pckt_Data
    securitymgr.o(i.smp____MI_PairingConfirm_Receive) refers to pm.o(i.PM_Write_Pckt_Data) for PM_Write_Pckt_Data
    securitymgr.o(i.smp____MI_PairingConfirm_Receive) refers to securitymgr.o(i.smp_send_packet) for smp_send_packet
    securitymgr.o(i.smp____MI_PairingConfirm_Send) refers to pm.o(i.PM_Get_Pckt) for PM_Get_Pckt
    securitymgr.o(i.smp____MI_PairingConfirm_Send) refers to securitymgr.o(i.smp_sc_MI_PairingConfirm_Send_sc_excerpt_ucfg) for smp_sc_MI_PairingConfirm_Send_sc_excerpt_ucfg
    securitymgr.o(i.smp____MI_PairingConfirm_Send) refers to securitymgr.o(i.smp_LP_MI_Compute_c1_Confirm_Value) for smp_LP_MI_Compute_c1_Confirm_Value
    securitymgr.o(i.smp____MI_PairingConfirm_Send) refers to pm.o(i.PM_Write_Pckt_Data) for PM_Write_Pckt_Data
    securitymgr.o(i.smp____MI_PairingConfirm_Send) refers to securitymgr.o(i.smp_send_packet) for smp_send_packet
    securitymgr.o(i.smp____MI_PairingRandom_Receive) refers to pm.o(i.PM_Copy_Pckt_Data) for PM_Copy_Pckt_Data
    securitymgr.o(i.smp____MI_PairingRandom_Receive) refers to securitymgr.o(i.smp_sc_MI_PairingRandom_Receive_sc_excerpt1_ucfg) for smp_sc_MI_PairingRandom_Receive_sc_excerpt1_ucfg
    securitymgr.o(i.smp____MI_PairingRandom_Receive) refers to securitymgr.o(i.smp_LP_MI_Compute_c1_Confirm_Value) for smp_LP_MI_Compute_c1_Confirm_Value
    securitymgr.o(i.smp____MI_PairingRandom_Receive) refers to osal.o(i.Osal_MemCmp) for Osal_MemCmp
    securitymgr.o(i.smp____MI_PairingRandom_Receive) refers to smp_common.o(i.smp_pairing_failed_send) for smp_pairing_failed_send
    securitymgr.o(i.smp____MI_PairingRandom_Receive) refers to securitymgr.o(i.smp_sc_MI_PairingRandom_Receive_sc_excerpt2_ucfg) for smp_sc_MI_PairingRandom_Receive_sc_excerpt2_ucfg
    securitymgr.o(i.smp____MI_PairingRandom_Receive) refers to osal.o(i.Osal_MemSet) for Osal_MemSet
    securitymgr.o(i.smp____MI_PairingRandom_Receive) refers to securitymgr.o(i.int32ToLe4Byte) for int32ToLe4Byte
    securitymgr.o(i.smp____MI_PairingRandom_Receive) refers to osal.o(i.Osal_MemCpy) for Osal_MemCpy
    securitymgr.o(i.smp____MI_PairingRandom_Receive) refers to smp_algo_sap.o(i.SMA_LP_s1_Generate_STK) for SMA_LP_s1_Generate_STK
    securitymgr.o(i.smp____MI_PairingRandom_Receive) refers to securitymgr.o(i.smp_MI_Start_Encryption_ucfg) for smp_MI_Start_Encryption_ucfg
    securitymgr.o(i.smp____MI_PairingRandom_Receive) refers to mem_alloc.o(.data) for mem_alloc_ctx_p
    securitymgr.o(i.smp____MI_PairingResponse_Receive) refers to securitymgr.o(i.smp_Check_Incoming_Pairing_Parameters) for smp_Check_Incoming_Pairing_Parameters
    securitymgr.o(i.smp____MI_PairingResponse_Receive) refers to securitymgr.o(i.smp_sc_MI_PairingResponse_Receive_sc_excerpt_ucfg) for smp_sc_MI_PairingResponse_Receive_sc_excerpt_ucfg
    securitymgr.o(i.smp____MI_PairingResponse_Receive) refers to securitymgr.o(i.smp_Get_Pairing_Parameters_From_Peer_Packet) for smp_Get_Pairing_Parameters_From_Peer_Packet
    securitymgr.o(i.smp____MI_PairingResponse_Receive) refers to securitymgr.o(i.smp_Set_Key_Association_Method) for smp_Set_Key_Association_Method
    securitymgr.o(i.smp____MI_PairingResponse_Receive) refers to smp_common.o(i.smp_pairing_failed_send) for smp_pairing_failed_send
    securitymgr.o(i.smp____MI_SecurityRequest_Receive) refers to securitymgr.o(i.SMP_MI_PairingRequest_Send) for SMP_MI_PairingRequest_Send
    securitymgr.o(i.smp____MI_SecurityRequest_Receive) refers to smp_common.o(i.smp_pairing_failed_send) for smp_pairing_failed_send
    securitymgr.o(i.smp____MI_SecurityRequest_Receive) refers to mem_alloc.o(.data) for mem_alloc_ctx_p
    securitymgr.o(i.smp____SR_PairingConfirm_Receive) refers to pm.o(i.PM_Get_Pckt) for PM_Get_Pckt
    securitymgr.o(i.smp____SR_PairingConfirm_Receive) refers to pm.o(i.PM_Copy_Pckt_Data) for PM_Copy_Pckt_Data
    securitymgr.o(i.smp____SR_PairingConfirm_Receive) refers to securitymgr.o(i.smp_sc_SR_PairingConfirm_Receive_sc_excerpt_ucfg) for smp_sc_SR_PairingConfirm_Receive_sc_excerpt_ucfg
    securitymgr.o(i.smp____SR_PairingConfirm_Receive) refers to securitymgr.o(i.smp_SR_Compute_c1_Confirm_Value) for smp_SR_Compute_c1_Confirm_Value
    securitymgr.o(i.smp____SR_PairingConfirm_Receive) refers to pm.o(i.PM_Write_Pckt_Data) for PM_Write_Pckt_Data
    securitymgr.o(i.smp____SR_PairingConfirm_Receive) refers to securitymgr.o(i.smp_send_packet) for smp_send_packet
    securitymgr.o(i.smp____SR_PairingRandom_Receive) refers to pm.o(i.PM_Get_Pckt) for PM_Get_Pckt
    securitymgr.o(i.smp____SR_PairingRandom_Receive) refers to pm.o(i.PM_Copy_Pckt_Data) for PM_Copy_Pckt_Data
    securitymgr.o(i.smp____SR_PairingRandom_Receive) refers to securitymgr.o(i.smp_sc_SR_PairingRandom_Receive_sc_excerpt_ucfg) for smp_sc_SR_PairingRandom_Receive_sc_excerpt_ucfg
    securitymgr.o(i.smp____SR_PairingRandom_Receive) refers to securitymgr.o(i.smp_SR_Compute_c1_Confirm_Value) for smp_SR_Compute_c1_Confirm_Value
    securitymgr.o(i.smp____SR_PairingRandom_Receive) refers to osal.o(i.Osal_MemCmp) for Osal_MemCmp
    securitymgr.o(i.smp____SR_PairingRandom_Receive) refers to smp_common.o(i.smp_pairing_failed_send) for smp_pairing_failed_send
    securitymgr.o(i.smp____SR_PairingRandom_Receive) refers to pm.o(i.PM_Write_Pckt_Data) for PM_Write_Pckt_Data
    securitymgr.o(i.smp____SR_PairingRandom_Receive) refers to securitymgr.o(i.smp_send_packet) for smp_send_packet
    securitymgr.o(i.smp____SR_PairingRandom_Receive) refers to osal.o(i.Osal_MemSet) for Osal_MemSet
    securitymgr.o(i.smp____SR_PairingRandom_Receive) refers to securitymgr.o(i.int32ToLe4Byte) for int32ToLe4Byte
    securitymgr.o(i.smp____SR_PairingRandom_Receive) refers to osal.o(i.Osal_MemCpy) for Osal_MemCpy
    securitymgr.o(i.smp____SR_PairingRandom_Receive) refers to smp_algo_sap.o(i.SMA_LP_s1_Generate_STK) for SMA_LP_s1_Generate_STK
    securitymgr.o(i.smp____SR_PairingRandom_Receive) refers to mem_alloc.o(.data) for mem_alloc_ctx_p
    securitymgr.o(i.smp____SR_PairingRequest_Receive) refers to pm.o(i.PM_Get_Pckt) for PM_Get_Pckt
    securitymgr.o(i.smp____SR_PairingRequest_Receive) refers to smp_common.o(i.smp_add_to_sdb) for smp_add_to_sdb
    securitymgr.o(i.smp____SR_PairingRequest_Receive) refers to securitymgr.o(i.smp_Check_Incoming_Pairing_Parameters) for smp_Check_Incoming_Pairing_Parameters
    securitymgr.o(i.smp____SR_PairingRequest_Receive) refers to securitymgr.o(i.smp_Build_AuthReq_Field) for smp_Build_AuthReq_Field
    securitymgr.o(i.smp____SR_PairingRequest_Receive) refers to smp_scv42_caf.o(i.smp_sc_continue_on_exclusive_sc_pairing_ucfg) for smp_sc_continue_on_exclusive_sc_pairing_ucfg
    securitymgr.o(i.smp____SR_PairingRequest_Receive) refers to smp_common.o(i.smp_oob_check_is_remote_data_present) for smp_oob_check_is_remote_data_present
    securitymgr.o(i.smp____SR_PairingRequest_Receive) refers to securitymgr.o(i.smp_Get_Pairing_Parameters_From_Peer_Packet) for smp_Get_Pairing_Parameters_From_Peer_Packet
    securitymgr.o(i.smp____SR_PairingRequest_Receive) refers to securitymgr.o(i.smp_Set_Key_Association_Method) for smp_Set_Key_Association_Method
    securitymgr.o(i.smp____SR_PairingRequest_Receive) refers to securitymgr.o(i.smp_Build_Pairing_ReqResp_Packet) for smp_Build_Pairing_ReqResp_Packet
    securitymgr.o(i.smp____SR_PairingRequest_Receive) refers to securitymgr.o(i.smp_send_packet) for smp_send_packet
    securitymgr.o(i.smp____SR_PairingRequest_Receive) refers to smp_common.o(i.smp_pairing_failed_send) for smp_pairing_failed_send
    securitymgr.o(i.smp____SR_PairingRequest_Receive) refers to mem_alloc.o(.data) for mem_alloc_ctx_p
    securitymgr.o(i.smp_sc_MI_PairingConfirm_Send_sc_excerpt) refers to smp_algo_sap.o(i.SMA_SC_Gen_f4_Confirm) for SMA_SC_Gen_f4_Confirm
    securitymgr.o(i.smp_sc_MI_PairingConfirm_Send_sc_excerpt) refers to mem_alloc.o(.data) for mem_alloc_ctx_p
    securitymgr.o(i.smp_sc_MI_PairingRandom_Receive_sc_excerpt1) refers to smp_algo_sap.o(i.SMA_SC_Gen_f4_Confirm) for SMA_SC_Gen_f4_Confirm
    securitymgr.o(i.smp_sc_MI_PairingRandom_Receive_sc_excerpt1) refers to mem_alloc.o(.data) for mem_alloc_ctx_p
    securitymgr.o(i.smp_sc_MI_PairingRandom_Receive_sc_excerpt2) refers to smp_algo_sap.o(i.SMA_SC_Gen_g2_NumComp_Val) for SMA_SC_Gen_g2_NumComp_Val
    securitymgr.o(i.smp_sc_MI_PairingRandom_Receive_sc_excerpt2) refers to securitymgr.o(i.le4ByteToInt32) for le4ByteToInt32
    securitymgr.o(i.smp_sc_MI_PairingRandom_Receive_sc_excerpt2) refers to uidiv.o(.text) for __aeabi_uidivmod
    securitymgr.o(i.smp_sc_MI_PairingRandom_Receive_sc_excerpt2) refers to securitymgr.o(i.aci_gap_numeric_comparison_value_event_push) for aci_gap_numeric_comparison_value_event_push
    securitymgr.o(i.smp_sc_MI_PairingRandom_Receive_sc_excerpt2) refers to mem_alloc.o(.data) for mem_alloc_ctx_p
    securitymgr.o(i.smp_sc_MI_PairingResponse_Receive_sc_excerpt) refers to smp_scv42_caf.o(i.smp_sc_continue_on_exclusive_sc_pairing_ucfg) for smp_sc_continue_on_exclusive_sc_pairing_ucfg
    securitymgr.o(i.smp_sc_MI_PairingResponse_Receive_sc_excerpt) refers to mem_alloc.o(.data) for mem_alloc_ctx_p
    securitymgr.o(i.smp_sc_MI_Pairing_Phase_2AS1_Start_sc_excerpt) refers to smp_scv42_caf.o(i.smp_sc_pairing_oob_confirm_receive_verify) for smp_sc_pairing_oob_confirm_receive_verify
    securitymgr.o(i.smp_sc_MI_Pairing_Phase_2AS1_Start_sc_excerpt) refers to securitymgr.o(i.smp____MI_PairingConfirm_Send) for smp____MI_PairingConfirm_Send
    securitymgr.o(i.smp_sc_SR_PairingConfirm_Receive_sc_excerpt) refers to smp_algo_sap.o(i.SMA_SC_Gen_f4_Confirm) for SMA_SC_Gen_f4_Confirm
    securitymgr.o(i.smp_sc_SR_PairingConfirm_Receive_sc_excerpt) refers to mem_alloc.o(.data) for mem_alloc_ctx_p
    securitymgr.o(i.smp_sc_SR_PairingRandom_Receive_sc_excerpt) refers to smp_algo_sap.o(i.SMA_SC_Gen_f4_Confirm) for SMA_SC_Gen_f4_Confirm
    securitymgr.o(i.smp_sc_SR_PairingRandom_Receive_sc_excerpt) refers to osal.o(i.Osal_MemCmp) for Osal_MemCmp
    securitymgr.o(i.smp_sc_SR_PairingRandom_Receive_sc_excerpt) refers to smp_algo_sap.o(i.SMA_SC_Gen_g2_NumComp_Val) for SMA_SC_Gen_g2_NumComp_Val
    securitymgr.o(i.smp_sc_SR_PairingRandom_Receive_sc_excerpt) refers to securitymgr.o(i.le4ByteToInt32) for le4ByteToInt32
    securitymgr.o(i.smp_sc_SR_PairingRandom_Receive_sc_excerpt) refers to uidiv.o(.text) for __aeabi_uidivmod
    securitymgr.o(i.smp_sc_SR_PairingRandom_Receive_sc_excerpt) refers to securitymgr.o(i.aci_gap_numeric_comparison_value_event_push) for aci_gap_numeric_comparison_value_event_push
    securitymgr.o(i.smp_sc_SR_PairingRandom_Receive_sc_excerpt) refers to mem_alloc.o(.data) for mem_alloc_ctx_p
    securitymgr.o(i.smp_sc_SR_Pairing_Phase_2AS1_Start_sc_excerpt) refers to smp_scv42_caf.o(i.smp_sc_pairing_oob_confirm_receive_verify) for smp_sc_pairing_oob_confirm_receive_verify
    securitymgr.o(i.smp_sc_SR_Pairing_Phase_2AS1_Start_sc_excerpt) refers to securitymgr.o(i.smp____SR_PairingConfirm_Receive) for smp____SR_PairingConfirm_Receive
    securitymgr.o(i.smp_send_packet) refers to l2cap.o(i.L2C_Send_Data) for L2C_Send_Data
    securitymgr.o(i.smp_send_packet) refers to smp_common.o(i.smp_find_remote_device_index) for smp_find_remote_device_index
    securitymgr.o(i.smp_send_packet) refers to securitymgr.o(i.smp_Reset_Timer) for smp_Reset_Timer
    smp_common.o(i.SMP_Aci_Get_OOB_Data) refers to smp_common.o(i.smp_get_local_identity_address) for smp_get_local_identity_address
    smp_common.o(i.SMP_Aci_Get_OOB_Data) refers to osal.o(i.Osal_MemCpy) for Osal_MemCpy
    smp_common.o(i.SMP_Aci_Get_OOB_Data) refers to mem_alloc.o(.data) for mem_alloc_ctx_p
    smp_common.o(i.SMP_Aci_Passkey_Response) refers to smp_common.o(i.SM_Get_Remote_Device_Info) for SM_Get_Remote_Device_Info
    smp_common.o(i.SMP_Aci_Passkey_Response) refers to mem_alloc.o(.data) for mem_alloc_ctx_p
    smp_common.o(i.SMP_Aci_Set_OOB_Data) refers to smp_common.o(i.smp_is_any_Pairing_Ongoing) for smp_is_any_Pairing_Ongoing
    smp_common.o(i.SMP_Aci_Set_OOB_Data) refers to smp_common.o(i.smp_oob_get_remote_data_reference) for smp_oob_get_remote_data_reference
    smp_common.o(i.SMP_Aci_Set_OOB_Data) refers to smp_scv42_sap.o(i.secure_connections_csr_ucfg) for secure_connections_csr_ucfg
    smp_common.o(i.SMP_Aci_Set_OOB_Data) refers to smp_scv42_caf.o(i.smp_sc_generate_new_local_oob_data_ucfg) for smp_sc_generate_new_local_oob_data_ucfg
    smp_common.o(i.SMP_Aci_Set_OOB_Data) refers to osal.o(i.Osal_MemCpy) for Osal_MemCpy
    smp_common.o(i.SMP_Aci_Set_OOB_Data) refers to mem_alloc.o(.data) for mem_alloc_ctx_p
    smp_common.o(i.SMP_Allow_Rebond) refers to smp_common.o(i.SM_Get_Remote_Device_Info) for SM_Get_Remote_Device_Info
    smp_common.o(i.SMP_Authorization_Response) refers to smp_common.o(i.SM_Get_Remote_Device_Info) for SM_Get_Remote_Device_Info
    smp_common.o(i.SMP_Check_Is_Device_Bonded) refers to smp_common.o(i.SM_Get_Remote_Device_Info) for SM_Get_Remote_Device_Info
    smp_common.o(i.SMP_Check_Is_Device_Bonded) refers to sdb.o(i.SDB_Find_Record) for SDB_Find_Record
    smp_common.o(i.SMP_Forget_Device_by_ConnHandle) refers to smp_common.o(i.SM_Get_Remote_Device_Info) for SM_Get_Remote_Device_Info
    smp_common.o(i.SMP_Get_Security_Level) refers to smp_common.o(i.SM_Get_Remote_Device_Info) for SM_Get_Remote_Device_Info
    smp_common.o(i.SMP_Get_Security_Level) refers to smp_common.o(i.SM_Get_Link_Status) for SM_Get_Link_Status
    smp_common.o(i.SMP_Init) refers to acl_list.o(i.acl_list_init) for acl_list_init
    smp_common.o(i.SMP_Init) refers to smp_scv42_caf.o(i.smp_sc_init_ucfg) for smp_sc_init_ucfg
    smp_common.o(i.SMP_Init) refers to mem_alloc.o(.data) for mem_alloc_ctx_p
    smp_common.o(i.SMP_Repeated_Attacks_Timer_cb) refers to osal.o(i.Osal_MemCmp) for Osal_MemCmp
    smp_common.o(i.SMP_Repeated_Attacks_Timer_cb) refers to mem_alloc.o(.data) for mem_alloc_ctx_p
    smp_common.o(i.SMP_Set_Authentication_req) refers to osal.o(i.Osal_MemCpy) for Osal_MemCpy
    smp_common.o(i.SMP_Set_Authentication_req) refers to mem_alloc.o(.data) for mem_alloc_ctx_p
    smp_common.o(i.SMP_Set_Authorization_Request) refers to smp_common.o(i.SM_Get_Remote_Device_Info) for SM_Get_Remote_Device_Info
    smp_common.o(i.SMP_Set_Authorization_Request) refers to smp_common.o(i.aci_gap_authorization_req_event_push) for aci_gap_authorization_req_event_push
    smp_common.o(i.SMP_Set_IO_Capabilities) refers to mem_alloc.o(.data) for mem_alloc_ctx_p
    smp_common.o(i.SMP_Timer_cb) refers to smp_common.o(i.aci_gap_pairing_complete_event_push) for aci_gap_pairing_complete_event_push
    smp_common.o(i.SMP_Timer_cb) refers to smp_scv42_caf.o(i.smp_sc_update_statistics_on_pairing_complete_ucfg) for smp_sc_update_statistics_on_pairing_complete_ucfg
    smp_common.o(i.SMP_Timer_cb) refers to osal.o(i.Osal_MemSet) for Osal_MemSet
    smp_common.o(i.SMP_Timer_cb) refers to mem_alloc.o(.data) for mem_alloc_ctx_p
    smp_common.o(i.SMP_Validate_Signed_Packet) refers to smp_common.o(i.SM_Get_Remote_Device_Info) for SM_Get_Remote_Device_Info
    smp_common.o(i.SMP_Validate_Signed_Packet) refers to smp_common.o(i.smp_get_CSRK) for smp_get_CSRK
    smp_common.o(i.SMP_Validate_Signed_Packet) refers to pm.o(i.PM_Copy_Pckt_Data) for PM_Copy_Pckt_Data
    smp_common.o(i.SMP_Validate_Signed_Packet) refers to smp_algo_sap.o(i.sma_CMAC_generate_tag) for sma_CMAC_generate_tag
    smp_common.o(i.SMP_Validate_Signed_Packet) refers to osal.o(i.Osal_MemCmp) for Osal_MemCmp
    smp_common.o(i.SMP_sign_packet) refers to smp_common.o(i.SM_Get_Remote_Device_Info) for SM_Get_Remote_Device_Info
    smp_common.o(i.SMP_sign_packet) refers to smp_algo_sap.o(i.SMA_Generate_CSRK) for SMA_Generate_CSRK
    smp_common.o(i.SMP_sign_packet) refers to pm.o(i.PM_Write_Pckt_Data) for PM_Write_Pckt_Data
    smp_common.o(i.SMP_sign_packet) refers to smp_algo_sap.o(i.sma_CMAC_generate_tag) for sma_CMAC_generate_tag
    smp_common.o(i.SM_Check_Encryption_KeySize) refers to smp_common.o(i.SM_Get_Remote_Device_Info) for SM_Get_Remote_Device_Info
    smp_common.o(i.SM_Connection_Complete_Handler) refers to osal.o(i.Osal_MemCpy) for Osal_MemCpy
    smp_common.o(i.SM_Connection_Complete_Handler) refers to mem_alloc.o(.data) for mem_alloc_ctx_p
    smp_common.o(i.SM_Get_Link_Status) refers to smp_common.o(i.SM_Get_Remote_Device_Info) for SM_Get_Remote_Device_Info
    smp_common.o(i.SM_Get_Remote_Device_Info) refers to mem_alloc.o(.data) for mem_alloc_ctx_p
    smp_common.o(i.SM_L2CAP_Encryption_changed_Handler_ISR) refers to smp_common.o(i.SM_Get_Remote_Device_Info) for SM_Get_Remote_Device_Info
    smp_common.o(i.SM_L2CAP_Encryption_changed_Handler_ISR) refers to aci_events.o(i.aci_event_fifo_push_header) for aci_event_fifo_push_header
    smp_common.o(i.SM_L2CAP_Encryption_changed_Handler_ISR) refers to aci_events.o(i.aci_event_fifo_push) for aci_event_fifo_push
    smp_common.o(i.SM_L2CAP_Encryption_changed_Handler_ISR) refers to smp_common.o(i.smp_find_remote_device_index) for smp_find_remote_device_index
    smp_common.o(i.SM_L2CAP_Encryption_changed_Handler_ISR) refers to host_timer.o(i.Timer_StopOneShot) for Timer_StopOneShot
    smp_common.o(i.SM_L2CAP_Encryption_changed_Handler_ISR) refers to smp_common.o(i.aci_gap_pairing_complete_event_push) for aci_gap_pairing_complete_event_push
    smp_common.o(i.SM_L2CAP_Encryption_changed_Handler_ISR) refers to mem_alloc.o(.data) for mem_alloc_ctx_p
    smp_common.o(i.SM_L2CAP_Handler) refers to smp_common.o(i.SM_Get_Remote_Device_Info) for SM_Get_Remote_Device_Info
    smp_common.o(i.SM_L2CAP_Handler) refers to acl_list.o(i.acl_list_insert_tail) for acl_list_insert_tail
    smp_common.o(i.SM_L2CAP_Handler) refers to smp_common.o(i.smp_Keys_Distribution_Complete) for smp_Keys_Distribution_Complete
    smp_common.o(i.SM_L2CAP_Handler) refers to aci_events.o(i.aci_event_fifo_push_header) for aci_event_fifo_push_header
    smp_common.o(i.SM_L2CAP_Handler) refers to aci_events.o(i.aci_event_fifo_push) for aci_event_fifo_push
    smp_common.o(i.SM_L2CAP_Handler) refers to pm.o(i.PM_Release_Acl_Pckt) for PM_Release_Acl_Pckt
    smp_common.o(i.SM_L2CAP_Handler) refers to mem_alloc.o(.data) for mem_alloc_ctx_p
    smp_common.o(i.SM_L2CAP_Handler_ISR) refers to smp_common.o(i.SM_Get_Remote_Device_Info) for SM_Get_Remote_Device_Info
    smp_common.o(i.SM_L2CAP_Handler_ISR) refers to osal.o(i.Osal_MemCpy) for Osal_MemCpy
    smp_common.o(i.SM_L2CAP_Handler_ISR) refers to rom_ll_ll_routines.o(i.LL_Get_Address) for LL_Get_Address
    smp_common.o(i.SM_L2CAP_Handler_ISR) refers to rom_ll_ll_routines.o(i.Is_Address_Initialized) for Is_Address_Initialized
    smp_common.o(i.SM_L2CAP_Handler_ISR) refers to smp_common.o(i.SM_Connection_Complete_Handler) for SM_Connection_Complete_Handler
    smp_common.o(i.SM_L2CAP_Handler_ISR) refers to smp_common.o(i.smp_find_remote_device_index) for smp_find_remote_device_index
    smp_common.o(i.SM_L2CAP_Handler_ISR) refers to host_timer.o(i.Timer_StopOneShot) for Timer_StopOneShot
    smp_common.o(i.SM_L2CAP_Handler_ISR) refers to acl_list.o(i.acl_list_first) for acl_list_first
    smp_common.o(i.SM_L2CAP_Handler_ISR) refers to acl_list.o(i.acl_list_remove) for acl_list_remove
    smp_common.o(i.SM_L2CAP_Handler_ISR) refers to pm.o(i.PM_Release_Acl_Pckt) for PM_Release_Acl_Pckt
    smp_common.o(i.SM_L2CAP_Handler_ISR) refers to smp_scv42_caf.o(i.smp_sc_update_statistics_on_pairing_complete_ucfg) for smp_sc_update_statistics_on_pairing_complete_ucfg
    smp_common.o(i.SM_L2CAP_Handler_ISR) refers to mem_alloc.o(.data) for mem_alloc_ctx_p
    smp_common.o(i.aci_gap_authorization_req_event_push) refers to aci_events.o(i.aci_event_fifo_push_header) for aci_event_fifo_push_header
    smp_common.o(i.aci_gap_authorization_req_event_push) refers to aci_events.o(i.aci_event_fifo_push) for aci_event_fifo_push
    smp_common.o(i.aci_gap_authorization_req_event_push) refers to mem_alloc.o(.data) for mem_alloc_ctx_p
    smp_common.o(i.aci_gap_pairing_complete_event_push) refers to aci_events.o(i.aci_event_fifo_push_header) for aci_event_fifo_push_header
    smp_common.o(i.aci_gap_pairing_complete_event_push) refers to aci_events.o(i.aci_event_fifo_push) for aci_event_fifo_push
    smp_common.o(i.aci_gap_pairing_complete_event_push) refers to mem_alloc.o(.data) for mem_alloc_ctx_p
    smp_common.o(i.sm_search_blackList) refers to osal.o(i.Osal_MemCmp) for Osal_MemCmp
    smp_common.o(i.sm_search_blackList) refers to mem_alloc.o(.data) for mem_alloc_ctx_p
    smp_common.o(i.smp_Keys_Distribution_Complete) refers to smp_common.o(i.smp_pairing_completed) for smp_pairing_completed
    smp_common.o(i.smp_Keys_Distribution_Complete) refers to securitymgr.o(i.smp_MI_Start_Encryption_ucfg) for smp_MI_Start_Encryption_ucfg
    smp_common.o(i.smp____PairingFailed_Receive) refers to smp_common.o(i.smp____Pairing_Process_Abort) for smp____Pairing_Process_Abort
    smp_common.o(i.smp____Pairing_Process_Abort) refers to smp_common.o(i.smp_find_remote_device_index) for smp_find_remote_device_index
    smp_common.o(i.smp____Pairing_Process_Abort) refers to host_timer.o(i.Timer_StopOneShot) for Timer_StopOneShot
    smp_common.o(i.smp____Pairing_Process_Abort) refers to smp_scv42_caf.o(i.smp_sc_update_statistics_on_pairing_complete_ucfg) for smp_sc_update_statistics_on_pairing_complete_ucfg
    smp_common.o(i.smp____Pairing_Process_Abort) refers to securitymgr.o(i.sm_RepeatedAttacks_Protection) for sm_RepeatedAttacks_Protection
    smp_common.o(i.smp____Pairing_Process_Abort) refers to smp_common.o(i.aci_gap_pairing_complete_event_push) for aci_gap_pairing_complete_event_push
    smp_common.o(i.smp____Pairing_Process_Abort) refers to mem_alloc.o(.data) for mem_alloc_ctx_p
    smp_common.o(i.smp_add_to_sdb) refers to osal.o(i.Osal_MemSet) for Osal_MemSet
    smp_common.o(i.smp_add_to_sdb) refers to osal.o(i.Osal_MemCpy) for Osal_MemCpy
    smp_common.o(i.smp_add_to_sdb) refers to memmove.o(.text) for __aeabi_memcpy4
    smp_common.o(i.smp_add_to_sdb) refers to sdb.o(i.SDB_Add_Record) for SDB_Add_Record
    smp_common.o(i.smp_find_remote_device_index) refers to mem_alloc.o(.data) for mem_alloc_ctx_p
    smp_common.o(i.smp_get_CSRK) refers to osal.o(i.Osal_MemCpy) for Osal_MemCpy
    smp_common.o(i.smp_get_local_identity_address) refers to rom_gap_rom.o(i.Get_StaticRandAddr) for Get_StaticRandAddr
    smp_common.o(i.smp_get_local_identity_address) refers to osal.o(i.Osal_MemCpy) for Osal_MemCpy
    smp_common.o(i.smp_get_local_identity_address) refers to mem_alloc.o(.data) for mem_alloc_ctx_p
    smp_common.o(i.smp_is_any_Pairing_Ongoing) refers to mem_alloc.o(.data) for mem_alloc_ctx_p
    smp_common.o(i.smp_keys_receiving) refers to pm.o(i.PM_Copy_Pckt_Data) for PM_Copy_Pckt_Data
    smp_common.o(i.smp_keys_receiving) refers to smp_common.o(i.smp_pairing_completed) for smp_pairing_completed
    smp_common.o(i.smp_keys_receiving) refers to pm.o(i.PM_Pckt_Cmp) for PM_Pckt_Cmp
    smp_common.o(i.smp_keys_receiving) refers to smp_common.o(i.smp_keys_distribution_start) for smp_keys_distribution_start
    smp_common.o(i.smp_oob_check_is_remote_data_present) refers to osal.o(i.Osal_MemCmp) for Osal_MemCmp
    smp_common.o(i.smp_oob_check_is_remote_data_present) refers to mem_alloc.o(.data) for mem_alloc_ctx_p
    smp_common.o(i.smp_oob_get_remote_data_reference) refers to smp_common.o(i.smp_oob_check_is_remote_data_present) for smp_oob_check_is_remote_data_present
    smp_common.o(i.smp_oob_get_remote_data_reference) refers to mem_alloc.o(.data) for mem_alloc_ctx_p
    smp_common.o(i.smp_pairing_2octets_packet_send) refers to pm.o(i.PM_Get_Pckt) for PM_Get_Pckt
    smp_common.o(i.smp_pairing_2octets_packet_send) refers to l2cap.o(i.L2C_Send_Data) for L2C_Send_Data
    smp_common.o(i.smp_pairing_completed) refers to smp_common.o(i.smp_find_remote_device_index) for smp_find_remote_device_index
    smp_common.o(i.smp_pairing_completed) refers to host_timer.o(i.Timer_StopOneShot) for Timer_StopOneShot
    smp_common.o(i.smp_pairing_completed) refers to smp_common.o(i.smp_add_to_sdb) for smp_add_to_sdb
    smp_common.o(i.smp_pairing_completed) refers to osal.o(i.Osal_MemSet) for Osal_MemSet
    smp_common.o(i.smp_pairing_completed) refers to smp_scv42_caf.o(i.smp_sc_update_statistics_on_pairing_complete_ucfg) for smp_sc_update_statistics_on_pairing_complete_ucfg
    smp_common.o(i.smp_pairing_completed) refers to smp_common.o(i.aci_gap_pairing_complete_event_push) for aci_gap_pairing_complete_event_push
    smp_common.o(i.smp_pairing_completed) refers to smp_common.o(i.aci_gap_authorization_req_event_push) for aci_gap_authorization_req_event_push
    smp_common.o(i.smp_pairing_completed) refers to mem_alloc.o(.data) for mem_alloc_ctx_p
    smp_common.o(i.smp_pairing_failed_send) refers to smp_common.o(i.smp_pairing_2octets_packet_send) for smp_pairing_2octets_packet_send
    smp_common.o(i.smp_pairing_failed_send) refers to smp_common.o(i.smp____Pairing_Process_Abort) for smp____Pairing_Process_Abort
    smp_scv42_api.o(i.SMP_ACI_sc_numeric_comparison_response) refers to smp_common.o(i.SM_Get_Remote_Device_Info) for SM_Get_Remote_Device_Info
    smp_scv42_api.o(i.SMP_ACI_sc_passkey_input_type_to_notify) refers to smp_common.o(i.SM_Get_Remote_Device_Info) for SM_Get_Remote_Device_Info
    smp_scv42_api.o(i.SMP_ACI_sc_passkey_input_type_to_notify) refers to smp_common.o(i.smp_pairing_2octets_packet_send) for smp_pairing_2octets_packet_send
    smp_scv42_api.o(i.SMP_ACI_sc_passkey_input_type_to_notify) refers to mem_alloc.o(.data) for mem_alloc_ctx_p
    smp_scv42_sap.o(i.SMP_sc_force_debug_key_usage) refers to smp_scv42_caf.o(i.smp_sc_is_any_other_sc_pairing_ongoing) for smp_sc_is_any_other_sc_pairing_ongoing
    smp_scv42_sap.o(i.SMP_sc_force_debug_key_usage) refers to smp_scv42_caf.o(i.smp_sc_init_ucfg) for smp_sc_init_ucfg
    smp_scv42_sap.o(i.smp_sc_hci_le_generate_dhkey_complete_evt_hndl) refers to osal.o(i.Osal_MemCpy) for Osal_MemCpy
    smp_scv42_sap.o(i.smp_sc_hci_le_generate_dhkey_complete_evt_hndl) refers to smp_common.o(i.smp_pairing_failed_send) for smp_pairing_failed_send
    smp_scv42_sap.o(i.smp_sc_hci_le_generate_dhkey_complete_evt_hndl) refers to mem_alloc.o(.data) for mem_alloc_ctx_p
    smp_scv42_sap.o(i.smp_sc_hci_le_read_local_p256_public_key_complete_evt_hndl) refers to smp_scv42_caf.o(i.smp_sc_submit_ecc_pk_generation_request) for smp_sc_submit_ecc_pk_generation_request
    smp_scv42_sap.o(i.smp_sc_hci_le_read_local_p256_public_key_complete_evt_hndl) refers to smp_scv42_caf.o(i.smp_sc_is_debug_key_usage_forced) for smp_sc_is_debug_key_usage_forced
    smp_scv42_sap.o(i.smp_sc_hci_le_read_local_p256_public_key_complete_evt_hndl) refers to smp_scv42_caf.o(i.smp_sc_force_debug_private_key) for smp_sc_force_debug_private_key
    smp_scv42_sap.o(i.smp_sc_hci_le_read_local_p256_public_key_complete_evt_hndl) refers to osal.o(i.Osal_MemCpy) for Osal_MemCpy
    smp_scv42_sap.o(i.smp_sc_hci_le_read_local_p256_public_key_complete_evt_hndl) refers to mem_alloc.o(.data) for mem_alloc_ctx_p
    aes128cmac.o(i.AES128ECB_Wrapper) refers to crypto.o(i.AES_keyschedule_enc) for AES_keyschedule_enc
    aes128cmac.o(i.AES128ECB_Wrapper) refers to uread4.o(.text) for __aeabi_uread4
    aes128cmac.o(i.AES128ECB_Wrapper) refers to crypto.o(i.AES_general_SW_enc) for AES_general_SW_enc
    aes128cmac.o(i.AES_CMAC_Encrypt) refers to crypto.o(i.AES_CMAC_Encrypt_Init) for AES_CMAC_Encrypt_Init
    aes128cmac.o(i.AES_CMAC_Encrypt) refers to crypto.o(i.AES_CMAC_Encrypt_Append) for AES_CMAC_Encrypt_Append
    aes128cmac.o(i.AES_CMAC_Encrypt) refers to crypto.o(i.AES_CMAC_Encrypt_Finish) for AES_CMAC_Encrypt_Finish
    att.o(i.ATT_fill_error_resp) refers to osal.o(i.Osal_MemCpy) for Osal_MemCpy
    att.o(i.ATT_fill_type_val_entry) refers to pm.o(i.PM_Write_Pckt_Data) for PM_Write_Pckt_Data
    att.o(i.ATT_validate_prepare_req) refers to osal.o(i.Osal_MemCpy) for Osal_MemCpy
    att.o(i.ATT_validate_prepare_req) refers to gatt_server.o(i.Gatt_Find_Srv_Owner_Of_Handle) for Gatt_Find_Srv_Owner_Of_Handle
    att.o(i.ATT_validate_prepare_req) refers to gatt_server.o(i.Gatt_search_handle) for Gatt_search_handle
    att.o(i.Att_Check_Perms) refers to smp_common.o(i.SM_Get_Remote_Device_Info) for SM_Get_Remote_Device_Info
    att.o(i.Att_Check_Perms) refers to att.o(i.Check_Permission) for Check_Permission
    att.o(i.CheckSecForSignedWrite) refers to att.o(i.Att_Check_Perms) for Att_Check_Perms
    att.o(i.CheckSecForSignedWrite) refers to smp_common.o(i.SM_Get_Remote_Device_Info) for SM_Get_Remote_Device_Info
    att.o(i.Check_Permission) refers to smp_common.o(i.SM_Get_Link_Status) for SM_Get_Link_Status
    att.o(i.Check_Permission) refers to smp_common.o(i.SM_Check_Encryption_KeySize) for SM_Check_Encryption_KeySize
    att.o(i.Exchg_Mtu_Resp) refers to att.o(i.ATT_fill_error_resp) for ATT_fill_error_resp
    att.o(i.Exchg_Mtu_Resp) refers to osal.o(i.Osal_MemCpy) for Osal_MemCpy
    att.o(i.Exchg_Mtu_Resp) refers to aci_events.o(i.aci_event_fifo_push_header) for aci_event_fifo_push_header
    att.o(i.Exchg_Mtu_Resp) refers to aci_events.o(i.aci_event_fifo_push) for aci_event_fifo_push
    att.o(i.Exchg_Mtu_Resp) refers to mem_alloc.o(.data) for mem_alloc_ctx_p
    att.o(i.Exec_Write_Resp) refers to att.o(i.ATT_fill_error_resp) for ATT_fill_error_resp
    att.o(i.Exec_Write_Resp) refers to acl_list.o(i.acl_list_first) for acl_list_first
    att.o(i.Exec_Write_Resp) refers to osal.o(i.Osal_MemCpy) for Osal_MemCpy
    att.o(i.Exec_Write_Resp) refers to acl_list.o(i.acl_list_remove) for acl_list_remove
    att.o(i.Exec_Write_Resp) refers to att.o(i.ATT_validate_prepare_req) for ATT_validate_prepare_req
    att.o(i.Exec_Write_Resp) refers to gatt_server.o(i.Gatt_Find_Srv_Owner_Of_Handle) for Gatt_Find_Srv_Owner_Of_Handle
    att.o(i.Exec_Write_Resp) refers to gatt_server.o(i.Gatt_search_handle) for Gatt_search_handle
    att.o(i.Exec_Write_Resp) refers to gatt_server.o(i.Find_Attr_Index) for Find_Attr_Index
    att.o(i.Exec_Write_Resp) refers to pm.o(i.PM_Copy_Pckt_Data) for PM_Copy_Pckt_Data
    att.o(i.Exec_Write_Resp) refers to att.o(i.aci_gatt_attribute_modified_event_push) for aci_gatt_attribute_modified_event_push
    att.o(i.Exec_Write_Resp) refers to pm.o(i.PM_Release_Acl_Pckt) for PM_Release_Acl_Pckt
    att.o(i.Exec_Write_Resp) refers to mem_alloc.o(.data) for mem_alloc_ctx_p
    att.o(i.Find_By_Type_Val_Resp) refers to osal.o(i.Osal_MemCpy) for Osal_MemCpy
    att.o(i.Find_By_Type_Val_Resp) refers to att.o(i.Pm_Resize_Host_Acl_Pckt) for Pm_Resize_Host_Acl_Pckt
    att.o(i.Find_By_Type_Val_Resp) refers to att.o(i.ATT_fill_error_resp) for ATT_fill_error_resp
    att.o(i.Find_By_Type_Val_Resp) refers to gatt_server.o(i.Gatt_Find_Srv_Owner_Of_Handle) for Gatt_Find_Srv_Owner_Of_Handle
    att.o(i.Find_By_Type_Val_Resp) refers to pm.o(i.PM_Pckt_Cmp) for PM_Pckt_Cmp
    att.o(i.Find_By_Type_Val_Resp) refers to att.o(i.ATT_fill_type_val_entry) for ATT_fill_type_val_entry
    att.o(i.Find_By_Type_Val_Resp) refers to gatt_server.o(i.Find_Attr_Index) for Find_Attr_Index
    att.o(i.Find_By_Type_Val_Resp) refers to att.o(i.Att_Check_Perms) for Att_Check_Perms
    att.o(i.Find_By_Type_Val_Resp) refers to mem_alloc.o(.data) for mem_alloc_ctx_p
    att.o(i.Find_Info_Resp) refers to osal.o(i.Osal_MemCpy) for Osal_MemCpy
    att.o(i.Find_Info_Resp) refers to att.o(i.Pm_Resize_Host_Acl_Pckt) for Pm_Resize_Host_Acl_Pckt
    att.o(i.Find_Info_Resp) refers to att.o(i.ATT_fill_error_resp) for ATT_fill_error_resp
    att.o(i.Find_Info_Resp) refers to gatt_server.o(i.Gatt_Find_Srv_Owner_Of_Handle) for Gatt_Find_Srv_Owner_Of_Handle
    att.o(i.Find_Info_Resp) refers to pm.o(i.PM_Write_Pckt_Data) for PM_Write_Pckt_Data
    att.o(i.Pm_Resize_Host_Acl_Pckt) refers to pm.o(i.PM_Resize_Pckt_Pdu_Size) for PM_Resize_Pckt_Pdu_Size
    att.o(i.Prepare_Write_Resp) refers to osal.o(i.Osal_MemCpy) for Osal_MemCpy
    att.o(i.Prepare_Write_Resp) refers to gatt_server.o(i.Gatt_Find_Srv_Owner_Of_Handle) for Gatt_Find_Srv_Owner_Of_Handle
    att.o(i.Prepare_Write_Resp) refers to gatt_server.o(i.Gatt_search_handle) for Gatt_search_handle
    att.o(i.Prepare_Write_Resp) refers to att.o(i.Att_Check_Perms) for Att_Check_Perms
    att.o(i.Prepare_Write_Resp) refers to acl_list.o(i.acl_list_full_on_packt) for acl_list_full_on_packt
    att.o(i.Prepare_Write_Resp) refers to aci_events.o(i.aci_event_fifo_push_header) for aci_event_fifo_push_header
    att.o(i.Prepare_Write_Resp) refers to pm.o(i.PM_Copy_Pckt_Data) for PM_Copy_Pckt_Data
    att.o(i.Prepare_Write_Resp) refers to aci_events.o(i.aci_event_fifo_push) for aci_event_fifo_push
    att.o(i.Prepare_Write_Resp) refers to att.o(i.Pm_Resize_Host_Acl_Pckt) for Pm_Resize_Host_Acl_Pckt
    att.o(i.Prepare_Write_Resp) refers to acl_list.o(i.acl_list_remove) for acl_list_remove
    att.o(i.Prepare_Write_Resp) refers to pm.o(i.PM_Clone_Pckt) for PM_Clone_Pckt
    att.o(i.Prepare_Write_Resp) refers to acl_list.o(i.acl_list_insert_tail) for acl_list_insert_tail
    att.o(i.Prepare_Write_Resp) refers to att.o(i.ATT_fill_error_resp) for ATT_fill_error_resp
    att.o(i.Prepare_Write_Resp) refers to mem_alloc.o(.data) for mem_alloc_ctx_p
    att.o(i.Read_Blob_Resp) refers to osal.o(i.Osal_MemCpy) for Osal_MemCpy
    att.o(i.Read_Blob_Resp) refers to gatt_server.o(i.Gatt_Find_Srv_Owner_Of_Handle) for Gatt_Find_Srv_Owner_Of_Handle
    att.o(i.Read_Blob_Resp) refers to att.o(i.ATT_fill_error_resp) for ATT_fill_error_resp
    att.o(i.Read_Blob_Resp) refers to gatt_server.o(i.Gatt_search_handle) for Gatt_search_handle
    att.o(i.Read_Blob_Resp) refers to att.o(i.Att_Check_Perms) for Att_Check_Perms
    att.o(i.Read_Blob_Resp) refers to att.o(i.aci_gatt_read_permit_req_event_push) for aci_gatt_read_permit_req_event_push
    att.o(i.Read_Blob_Resp) refers to att.o(i.Pm_Resize_Host_Acl_Pckt) for Pm_Resize_Host_Acl_Pckt
    att.o(i.Read_Blob_Resp) refers to gatt_server.o(i.Find_Attr_Index) for Find_Attr_Index
    att.o(i.Read_Blob_Resp) refers to pm.o(i.PM_Write_Pckt_Data) for PM_Write_Pckt_Data
    att.o(i.Read_By_Grp_Type_Resp) refers to osal.o(i.Osal_MemCpy) for Osal_MemCpy
    att.o(i.Read_By_Grp_Type_Resp) refers to pm.o(i.PM_Copy_Pckt_Data) for PM_Copy_Pckt_Data
    att.o(i.Read_By_Grp_Type_Resp) refers to gatt_server.o(i.Gatt_Find_Srv_From_Handle) for Gatt_Find_Srv_From_Handle
    att.o(i.Read_By_Grp_Type_Resp) refers to att.o(i.Pm_Resize_Host_Acl_Pckt) for Pm_Resize_Host_Acl_Pckt
    att.o(i.Read_By_Grp_Type_Resp) refers to att.o(i.ATT_fill_error_resp) for ATT_fill_error_resp
    att.o(i.Read_By_Grp_Type_Resp) refers to pm.o(i.PM_Write_Pckt_Data) for PM_Write_Pckt_Data
    att.o(i.Read_By_Grp_Type_Resp) refers to mem_alloc.o(.data) for mem_alloc_ctx_p
    att.o(i.Read_By_Grp_Type_Resp) refers to att.o(.constdata) for [Anonymous Symbol]
    att.o(i.Read_By_Type_Resp) refers to osal.o(i.Osal_MemCpy) for Osal_MemCpy
    att.o(i.Read_By_Type_Resp) refers to pm.o(i.PM_Copy_Pckt_Data) for PM_Copy_Pckt_Data
    att.o(i.Read_By_Type_Resp) refers to rom_att.o(i.Accu_UuidTypes_Requiring_Auth) for Accu_UuidTypes_Requiring_Auth
    att.o(i.Read_By_Type_Resp) refers to att.o(i.aci_gatt_read_multi_permit_req_event_push) for aci_gatt_read_multi_permit_req_event_push
    att.o(i.Read_By_Type_Resp) refers to att.o(i.ATT_fill_error_resp) for ATT_fill_error_resp
    att.o(i.Read_By_Type_Resp) refers to att.o(i.Pm_Resize_Host_Acl_Pckt) for Pm_Resize_Host_Acl_Pckt
    att.o(i.Read_By_Type_Resp) refers to gatt_server.o(i.Gatt_Find_Srv_Owner_Of_Handle) for Gatt_Find_Srv_Owner_Of_Handle
    att.o(i.Read_By_Type_Resp) refers to osal.o(i.Osal_MemCmp) for Osal_MemCmp
    att.o(i.Read_By_Type_Resp) refers to pm.o(i.PM_Write_Pckt_Data) for PM_Write_Pckt_Data
    att.o(i.Read_By_Type_Resp) refers to att.o(i.Att_Check_Perms) for Att_Check_Perms
    att.o(i.Read_By_Type_Resp) refers to gatt_server.o(i.Find_Attr_Index) for Find_Attr_Index
    att.o(i.Read_By_Type_Resp) refers to mem_alloc.o(.data) for mem_alloc_ctx_p
    att.o(i.Read_By_Type_Resp) refers to att.o(.constdata) for [Anonymous Symbol]
    att.o(i.Read_Multi_Resp) refers to rom_att.o(i.Accu_Handles_Requiring_Auth) for Accu_Handles_Requiring_Auth
    att.o(i.Read_Multi_Resp) refers to att.o(i.aci_gatt_read_multi_permit_req_event_push) for aci_gatt_read_multi_permit_req_event_push
    att.o(i.Read_Multi_Resp) refers to att.o(i.Pm_Resize_Host_Acl_Pckt) for Pm_Resize_Host_Acl_Pckt
    att.o(i.Read_Multi_Resp) refers to pm.o(i.PM_Copy_Pckt_Data) for PM_Copy_Pckt_Data
    att.o(i.Read_Multi_Resp) refers to gatt_server.o(i.Gatt_Find_Srv_Owner_Of_Handle) for Gatt_Find_Srv_Owner_Of_Handle
    att.o(i.Read_Multi_Resp) refers to att.o(i.ATT_fill_error_resp) for ATT_fill_error_resp
    att.o(i.Read_Multi_Resp) refers to gatt_server.o(i.Gatt_search_handle) for Gatt_search_handle
    att.o(i.Read_Multi_Resp) refers to att.o(i.Att_Check_Perms) for Att_Check_Perms
    att.o(i.Read_Multi_Resp) refers to gatt_server.o(i.Find_Attr_Index) for Find_Attr_Index
    att.o(i.Read_Multi_Resp) refers to pm.o(i.PM_Write_Pckt_Data) for PM_Write_Pckt_Data
    att.o(i.Read_Multi_Resp) refers to mem_alloc.o(.data) for mem_alloc_ctx_p
    att.o(i.Read_Resp) refers to osal.o(i.Osal_MemCpy) for Osal_MemCpy
    att.o(i.Read_Resp) refers to gatt_server.o(i.Gatt_Find_Srv_Owner_Of_Handle) for Gatt_Find_Srv_Owner_Of_Handle
    att.o(i.Read_Resp) refers to pm.o(i.PM_Write_Pckt_Data) for PM_Write_Pckt_Data
    att.o(i.Read_Resp) refers to att.o(i.ATT_fill_error_resp) for ATT_fill_error_resp
    att.o(i.Read_Resp) refers to gatt_server.o(i.Gatt_search_handle) for Gatt_search_handle
    att.o(i.Read_Resp) refers to att.o(i.Att_Check_Perms) for Att_Check_Perms
    att.o(i.Read_Resp) refers to att.o(i.aci_gatt_read_permit_req_event_push) for aci_gatt_read_permit_req_event_push
    att.o(i.Read_Resp) refers to att.o(i.Pm_Resize_Host_Acl_Pckt) for Pm_Resize_Host_Acl_Pckt
    att.o(i.Read_Resp) refers to gatt_server.o(i.Find_Attr_Index) for Find_Attr_Index
    att.o(i.Write_Cmd) refers to osal.o(i.Osal_MemCpy) for Osal_MemCpy
    att.o(i.Write_Cmd) refers to smp_common.o(i.SMP_Validate_Signed_Packet) for SMP_Validate_Signed_Packet
    att.o(i.Write_Cmd) refers to gatt_server.o(i.Gatt_Find_Srv_Owner_Of_Handle) for Gatt_Find_Srv_Owner_Of_Handle
    att.o(i.Write_Cmd) refers to gatt_server.o(i.Gatt_search_handle) for Gatt_search_handle
    att.o(i.Write_Cmd) refers to att.o(i.CheckSecForSignedWrite) for CheckSecForSignedWrite
    att.o(i.Write_Cmd) refers to att.o(i.aci_gatt_write_permit_req_event_push) for aci_gatt_write_permit_req_event_push
    att.o(i.Write_Cmd) refers to gatt_server.o(i.Find_Attr_Index) for Find_Attr_Index
    att.o(i.Write_Cmd) refers to pm.o(i.PM_Copy_Pckt_Data) for PM_Copy_Pckt_Data
    att.o(i.Write_Cmd) refers to att.o(i.aci_gatt_attribute_modified_event_push) for aci_gatt_attribute_modified_event_push
    att.o(i.Write_Resp) refers to osal.o(i.Osal_MemCpy) for Osal_MemCpy
    att.o(i.Write_Resp) refers to gatt_server.o(i.Gatt_Find_Srv_Owner_Of_Handle) for Gatt_Find_Srv_Owner_Of_Handle
    att.o(i.Write_Resp) refers to att.o(i.ATT_fill_error_resp) for ATT_fill_error_resp
    att.o(i.Write_Resp) refers to gatt_server.o(i.Gatt_search_handle) for Gatt_search_handle
    att.o(i.Write_Resp) refers to att.o(i.Att_Check_Perms) for Att_Check_Perms
    att.o(i.Write_Resp) refers to att.o(i.aci_gatt_write_permit_req_event_push) for aci_gatt_write_permit_req_event_push
    att.o(i.Write_Resp) refers to gatt_server.o(i.Find_Attr_Index) for Find_Attr_Index
    att.o(i.Write_Resp) refers to pm.o(i.PM_Copy_Pckt_Data) for PM_Copy_Pckt_Data
    att.o(i.Write_Resp) refers to att.o(i.aci_gatt_attribute_modified_event_push) for aci_gatt_attribute_modified_event_push
    att.o(i.aci_gatt_attribute_modified_event_push) refers to aci_events.o(i.aci_event_fifo_push_header) for aci_event_fifo_push_header
    att.o(i.aci_gatt_attribute_modified_event_push) refers to osal.o(i.Osal_MemCpy) for Osal_MemCpy
    att.o(i.aci_gatt_attribute_modified_event_push) refers to aci_events.o(i.aci_event_fifo_push) for aci_event_fifo_push
    att.o(i.aci_gatt_attribute_modified_event_push) refers to mem_alloc.o(.data) for mem_alloc_ctx_p
    att.o(i.aci_gatt_read_multi_permit_req_event_push) refers to aci_events.o(i.aci_event_fifo_push_header) for aci_event_fifo_push_header
    att.o(i.aci_gatt_read_multi_permit_req_event_push) refers to osal.o(i.Osal_MemCpy) for Osal_MemCpy
    att.o(i.aci_gatt_read_multi_permit_req_event_push) refers to aci_events.o(i.aci_event_fifo_push) for aci_event_fifo_push
    att.o(i.aci_gatt_read_multi_permit_req_event_push) refers to mem_alloc.o(.data) for mem_alloc_ctx_p
    att.o(i.aci_gatt_read_permit_req_event_push) refers to aci_events.o(i.aci_event_fifo_push_header) for aci_event_fifo_push_header
    att.o(i.aci_gatt_read_permit_req_event_push) refers to aci_events.o(i.aci_event_fifo_push) for aci_event_fifo_push
    att.o(i.aci_gatt_read_permit_req_event_push) refers to mem_alloc.o(.data) for mem_alloc_ctx_p
    att.o(i.aci_gatt_write_permit_req_event_push) refers to aci_events.o(i.aci_event_fifo_push_header) for aci_event_fifo_push_header
    att.o(i.aci_gatt_write_permit_req_event_push) refers to pm.o(i.PM_Copy_Pckt_Data) for PM_Copy_Pckt_Data
    att.o(i.aci_gatt_write_permit_req_event_push) refers to aci_events.o(i.aci_event_fifo_push) for aci_event_fifo_push
    att.o(i.aci_gatt_write_permit_req_event_push) refers to mem_alloc.o(.data) for mem_alloc_ctx_p
    bluenrg_main_func_speed.o(i.BlueNRG_Stack_Perform_Deep_Sleep_Check) refers to host_timer.o(i.Set_Host_Timer_value) for Set_Host_Timer_value
    bluenrg_main_func_speed.o(i.BlueNRG_Stack_Perform_Deep_Sleep_Check) refers to mem_alloc.o(.data) for mem_alloc_ctx_p
    bluenrg_main_func_speed.o(i.LL_Sleep_Req) refers to mem_alloc.o(.data) for mem_alloc_ctx_p
    device_id_data.o(i.IDD_Initialize_Device_IDs) refers to hal.o(i.HAL_Generate_Random_Bytes_To) for HAL_Generate_Random_Bytes_To
    device_id_data.o(i.IDD_Initialize_Device_IDs) refers to hal.o(i.HAL_Flash_Store_Data) for HAL_Flash_Store_Data
    device_id_data.o(i.IDD_Initialize_Device_IDs) refers to bluenrg1_flash.o(i.FLASH_ProgramWord) for FLASH_ProgramWord
    device_id_data.o(i.IDD_Initialize_Device_IDs) refers to utils.o(i.is_Buffer_All_Set_To) for is_Buffer_All_Set_To
    device_id_data.o(i.IDD_Initialize_Device_IDs) refers to osal.o(i.Osal_MemCpy) for Osal_MemCpy
    device_id_data.o(i.IDD_Initialize_Device_IDs) refers to mem_alloc.o(.data) for mem_alloc_ctx_p
    hci_privacy.o(i.hci_le_add_device_to_resolving_list_api) refers to osal.o(i.Osal_MemCpy) for Osal_MemCpy
    hci_privacy.o(i.hci_le_add_device_to_resolving_list_api) refers to ll_privacy.o(i.LL_LE_Add_Device_To_Resolving_List) for LL_LE_Add_Device_To_Resolving_List
    hci_privacy.o(i.hci_le_clear_resolving_list_api) refers to ll_privacy.o(i.LL_LE_Clear_Resolving_List) for LL_LE_Clear_Resolving_List
    hci_privacy.o(i.hci_le_read_local_resolvable_address_api) refers to osal.o(i.Osal_MemCpy) for Osal_MemCpy
    hci_privacy.o(i.hci_le_read_local_resolvable_address_api) refers to ll_privacy.o(i.LL_LE_Read_Resolvable_Address) for LL_LE_Read_Resolvable_Address
    hci_privacy.o(i.hci_le_read_peer_resolvable_address_api) refers to osal.o(i.Osal_MemCpy) for Osal_MemCpy
    hci_privacy.o(i.hci_le_read_peer_resolvable_address_api) refers to ll_privacy.o(i.LL_LE_Read_Resolvable_Address) for LL_LE_Read_Resolvable_Address
    hci_privacy.o(i.hci_le_read_resolving_list_size_api) refers to ll_privacy.o(i.LL_LE_Read_Resolving_List_Size) for LL_LE_Read_Resolving_List_Size
    hci_privacy.o(i.hci_le_remove_device_from_resolving_list_api) refers to osal.o(i.Osal_MemCpy) for Osal_MemCpy
    hci_privacy.o(i.hci_le_remove_device_from_resolving_list_api) refers to ll_privacy.o(i.LL_LE_Remove_Device_From_Resolving_List) for LL_LE_Remove_Device_From_Resolving_List
    hci_privacy.o(i.hci_le_set_address_resolution_enable_api) refers to ll_privacy.o(i.LL_LE_Set_Address_Resolution_Enable) for LL_LE_Set_Address_Resolution_Enable
    hci_privacy.o(i.hci_le_set_resolvable_private_address_timeout_api) refers to ll_privacy.o(i.LL_LE_Set_Resolvable_Private_Address_Timeout) for LL_LE_Set_Resolvable_Private_Address_Timeout
    rom_att.o(i.ATT_fill_exchg_mtu_req) refers to osal.o(i.Osal_MemCpy) for Osal_MemCpy
    rom_att.o(i.ATT_fill_exchg_mtu_req) refers to mem_alloc.o(.data) for mem_alloc_ctx_p
    rom_att.o(i.Accu_Handles_Requiring_Auth) refers to osal.o(i.Osal_MemCpy) for Osal_MemCpy
    rom_att.o(i.Accu_Handles_Requiring_Auth) refers to gatt_server.o(i.Gatt_Find_Srv_Owner_Of_Handle) for Gatt_Find_Srv_Owner_Of_Handle
    rom_att.o(i.Accu_Handles_Requiring_Auth) refers to gatt_server.o(i.Gatt_search_handle) for Gatt_search_handle
    rom_att.o(i.Accu_UuidTypes_Requiring_Auth) refers to gatt_server.o(i.Gatt_Find_Srv_Owner_Of_Handle) for Gatt_Find_Srv_Owner_Of_Handle
    rom_att.o(i.Accu_UuidTypes_Requiring_Auth) refers to osal.o(i.Osal_MemCpy) for Osal_MemCpy
    rom_att.o(i.Accu_UuidTypes_Requiring_Auth) refers to osal.o(i.Osal_MemCmp) for Osal_MemCmp
    rom_att.o(i.Att_Send_Find_By_Typ_Val_Req_Pdu) refers to rom_att.o(i.Pm_Resize_Host_Acl_Pckt) for Pm_Resize_Host_Acl_Pckt
    rom_att.o(i.Att_Send_Find_By_Typ_Val_Req_Pdu) refers to osal.o(i.Osal_MemCpy) for Osal_MemCpy
    rom_att.o(i.Att_Send_Find_By_Typ_Val_Req_Pdu) refers to pm.o(i.PM_Write_Pckt_Data) for PM_Write_Pckt_Data
    rom_att.o(i.Att_Send_Find_Info_Req_Pdu) refers to osal.o(i.Osal_MemCpy) for Osal_MemCpy
    rom_att.o(i.Att_Send_Prp_Write_Req_Pdu) refers to rom_att.o(i.Pm_Resize_Host_Acl_Pckt) for Pm_Resize_Host_Acl_Pckt
    rom_att.o(i.Att_Send_Prp_Write_Req_Pdu) refers to osal.o(i.Osal_MemCpy) for Osal_MemCpy
    rom_att.o(i.Att_Send_Prp_Write_Req_Pdu) refers to pm.o(i.PM_Write_Pckt_Data) for PM_Write_Pckt_Data
    rom_att.o(i.Att_Send_Read_Blob_Req_Pdu) refers to osal.o(i.Osal_MemCpy) for Osal_MemCpy
    rom_att.o(i.Att_Send_Read_By_Grp_Typ_Req_Pdu) refers to osal.o(i.Osal_MemCpy) for Osal_MemCpy
    rom_att.o(i.Att_Send_Read_By_Grp_Typ_Req_Pdu) refers to pm.o(i.PM_Write_Pckt_Data) for PM_Write_Pckt_Data
    rom_att.o(i.Att_Send_Read_By_Typ_Req_Pdu) refers to osal.o(i.Osal_MemCpy) for Osal_MemCpy
    rom_att.o(i.Att_Send_Read_By_Typ_Req_Pdu) refers to pm.o(i.PM_Write_Pckt_Data) for PM_Write_Pckt_Data
    rom_att.o(i.Att_Send_Read_Multi_Req_Pdu) refers to rom_att.o(i.Pm_Resize_Host_Acl_Pckt) for Pm_Resize_Host_Acl_Pckt
    rom_att.o(i.Att_Send_Read_Multi_Req_Pdu) refers to pm.o(i.PM_Write_Pckt_Data) for PM_Write_Pckt_Data
    rom_att.o(i.Att_Send_Read_Req_Pdu) refers to osal.o(i.Osal_MemCpy) for Osal_MemCpy
    rom_att.o(i.Att_Send_Signd_Write_Cmd_Pdu) refers to osal.o(i.Osal_MemCpy) for Osal_MemCpy
    rom_att.o(i.Att_Send_Signd_Write_Cmd_Pdu) refers to pm.o(i.PM_Write_Pckt_Data) for PM_Write_Pckt_Data
    rom_att.o(i.Att_Send_Signd_Write_Cmd_Pdu) refers to smp_common.o(i.SMP_sign_packet) for SMP_sign_packet
    rom_att.o(i.Att_Send_Write_Cmd_Pdu) refers to osal.o(i.Osal_MemCpy) for Osal_MemCpy
    rom_att.o(i.Att_Send_Write_Cmd_Pdu) refers to pm.o(i.PM_Write_Pckt_Data) for PM_Write_Pckt_Data
    rom_att.o(i.Att_Send_Write_Req_Pdu) refers to rom_att.o(i.Pm_Resize_Host_Acl_Pckt) for Pm_Resize_Host_Acl_Pckt
    rom_att.o(i.Att_Send_Write_Req_Pdu) refers to osal.o(i.Osal_MemCpy) for Osal_MemCpy
    rom_att.o(i.Att_Send_Write_Req_Pdu) refers to pm.o(i.PM_Write_Pckt_Data) for PM_Write_Pckt_Data
    rom_att.o(i.Pm_Resize_Host_Acl_Pckt) refers to pm.o(i.PM_Resize_Pckt_Pdu_Size) for PM_Resize_Pckt_Pdu_Size
    smp_algo_sap.o(i.SMA_Diversify) refers to ll_routines_support.o(i.LL_Encrypt_Plain_Data_ucfg) for LL_Encrypt_Plain_Data_ucfg
    smp_algo_sap.o(i.SMA_Generate_CSRK) refers to smp_algo_sap.o(i.SMA_Diversify) for SMA_Diversify
    smp_algo_sap.o(i.SMA_Generate_CSRK) refers to mem_alloc.o(.data) for mem_alloc_ctx_p
    smp_algo_sap.o(i.SMA_Generate_IRK) refers to smp_algo_sap.o(i.SMA_Diversify) for SMA_Diversify
    smp_algo_sap.o(i.SMA_Generate_IRK) refers to mem_alloc.o(.data) for mem_alloc_ctx_p
    smp_algo_sap.o(i.SMA_LP_s1_Generate_STK) refers to osal.o(i.Osal_MemCpy) for Osal_MemCpy
    smp_algo_sap.o(i.SMA_LP_s1_Generate_STK) refers to ll_routines_support.o(i.LL_Encrypt_Plain_Data_ucfg) for LL_Encrypt_Plain_Data_ucfg
    smp_algo_sap.o(i.SMA_SC_Gen_f4_Confirm) refers to utils.o(i.copy_swap_buffer) for copy_swap_buffer
    smp_algo_sap.o(i.SMA_SC_Gen_f4_Confirm) refers to aes128cmac.o(i.AES_CMAC_Encrypt) for AES_CMAC_Encrypt
    smp_algo_sap.o(i.SMA_SC_Gen_f5_Keys) refers to memmove.o(.text) for __aeabi_memcpy4
    smp_algo_sap.o(i.SMA_SC_Gen_f5_Keys) refers to utils.o(i.copy_swap_buffer) for copy_swap_buffer
    smp_algo_sap.o(i.SMA_SC_Gen_f5_Keys) refers to aes128cmac.o(i.AES_CMAC_Encrypt) for AES_CMAC_Encrypt
    smp_algo_sap.o(i.SMA_SC_Gen_f5_Keys) refers to smp_algo_sap.o(.constdata) for [Anonymous Symbol]
    smp_algo_sap.o(i.SMA_SC_Gen_f6_Check_Val) refers to utils.o(i.copy_swap_buffer) for copy_swap_buffer
    smp_algo_sap.o(i.SMA_SC_Gen_f6_Check_Val) refers to aes128cmac.o(i.AES_CMAC_Encrypt) for AES_CMAC_Encrypt
    smp_algo_sap.o(i.SMA_SC_Gen_g2_NumComp_Val) refers to utils.o(i.copy_swap_buffer) for copy_swap_buffer
    smp_algo_sap.o(i.SMA_SC_Gen_g2_NumComp_Val) refers to aes128cmac.o(i.AES_CMAC_Encrypt) for AES_CMAC_Encrypt
    smp_algo_sap.o(i.SMA_generate_EDIV_recovery_DIV) refers to smp_algo_sap.o(i.SMA_Diversify) for SMA_Diversify
    smp_algo_sap.o(i.SMA_generate_EDIV_recovery_DIV) refers to osal.o(i.Osal_MemSet) for Osal_MemSet
    smp_algo_sap.o(i.SMA_generate_EDIV_recovery_DIV) refers to osal.o(i.Osal_MemCpy) for Osal_MemCpy
    smp_algo_sap.o(i.SMA_generate_EDIV_recovery_DIV) refers to ll_routines_support.o(i.LL_Encrypt_Plain_Data_ucfg) for LL_Encrypt_Plain_Data_ucfg
    smp_algo_sap.o(i.SMA_generate_EDIV_recovery_DIV) refers to mem_alloc.o(.data) for mem_alloc_ctx_p
    smp_algo_sap.o(i.SM_Generate_Resolvable_Private_Address) refers to smp_algo_sap.o(i.SMA_Generate_IRK) for SMA_Generate_IRK
    smp_algo_sap.o(i.SM_Generate_Resolvable_Private_Address) refers to hal.o(i.Hal_Get_Random_Number) for Hal_Get_Random_Number
    smp_algo_sap.o(i.SM_Generate_Resolvable_Private_Address) refers to smp_algo_sap.o(i.sma_Calculate_Hash) for sma_Calculate_Hash
    smp_algo_sap.o(i.SM_Generate_Resolvable_Private_Address) refers to osal.o(i.Osal_MemCpy) for Osal_MemCpy
    smp_algo_sap.o(i.SM_Resolve_Private_Address) refers to smp_algo_sap.o(i.sma_Calculate_Hash) for sma_Calculate_Hash
    smp_algo_sap.o(i.SM_Resolve_Private_Address) refers to osal.o(i.Osal_MemCmp) for Osal_MemCmp
    smp_algo_sap.o(i.sma_CMAC_generate_tag) refers to smp_algo_sap.o(i.sma_generate_subkeys) for sma_generate_subkeys
    smp_algo_sap.o(i.sma_CMAC_generate_tag) refers to osal.o(i.Osal_MemSet) for Osal_MemSet
    smp_algo_sap.o(i.sma_CMAC_generate_tag) refers to pm.o(i.PM_Copy_Pckt_Data) for PM_Copy_Pckt_Data
    smp_algo_sap.o(i.sma_CMAC_generate_tag) refers to ll_routines_support.o(i.LL_Encrypt_Plain_Data_ucfg) for LL_Encrypt_Plain_Data_ucfg
    smp_algo_sap.o(i.sma_CMAC_generate_tag) refers to osal.o(i.Osal_MemCpy) for Osal_MemCpy
    smp_algo_sap.o(i.sma_Calculate_Hash) refers to osal.o(i.Osal_MemSet) for Osal_MemSet
    smp_algo_sap.o(i.sma_Calculate_Hash) refers to osal.o(i.Osal_MemCpy) for Osal_MemCpy
    smp_algo_sap.o(i.sma_Calculate_Hash) refers to ll_routines_support.o(i.LL_Encrypt_Plain_Data_ucfg) for LL_Encrypt_Plain_Data_ucfg
    smp_algo_sap.o(i.sma_generate_subkeys) refers to ll_routines_support.o(i.LL_Encrypt_Plain_Data_ucfg) for LL_Encrypt_Plain_Data_ucfg
    smp_algo_sap.o(i.sma_generate_subkeys) refers to smp_algo_sap.o(i.sma_left_shift) for sma_left_shift
    smp_scv42_caf.o(i.smp____SC_Phase_2AS2_DHKeyCheck_Send) refers to pm.o(i.PM_Get_Pckt) for PM_Get_Pckt
    smp_scv42_caf.o(i.smp____SC_Phase_2AS2_DHKeyCheck_Send) refers to pm.o(i.PM_Write_Pckt_Data) for PM_Write_Pckt_Data
    smp_scv42_caf.o(i.smp____SC_Phase_2AS2_DHKeyCheck_Send) refers to securitymgr.o(i.smp_send_packet) for smp_send_packet
    smp_scv42_caf.o(i.smp____SC_Phase_2AS2_DHKeyCheck_Send) refers to mem_alloc.o(.data) for mem_alloc_ctx_p
    smp_scv42_caf.o(i.smp____SC_Phase_2AS2_Generate_DHKeyCheck) refers to osal.o(i.Osal_MemSet) for Osal_MemSet
    smp_scv42_caf.o(i.smp____SC_Phase_2AS2_Generate_DHKeyCheck) refers to smp_common.o(i.smp_oob_check_is_remote_data_present) for smp_oob_check_is_remote_data_present
    smp_scv42_caf.o(i.smp____SC_Phase_2AS2_Generate_DHKeyCheck) refers to smp_common.o(i.smp_oob_get_remote_data_reference) for smp_oob_get_remote_data_reference
    smp_scv42_caf.o(i.smp____SC_Phase_2AS2_Generate_DHKeyCheck) refers to osal.o(i.Osal_MemCpy) for Osal_MemCpy
    smp_scv42_caf.o(i.smp____SC_Phase_2AS2_Generate_DHKeyCheck) refers to smp_scv42_caf.o(i.smp____SC_Phase_2AS2__Set_Addresses) for smp____SC_Phase_2AS2__Set_Addresses
    smp_scv42_caf.o(i.smp____SC_Phase_2AS2_Generate_DHKeyCheck) refers to smp_algo_sap.o(i.SMA_SC_Gen_f6_Check_Val) for SMA_SC_Gen_f6_Check_Val
    smp_scv42_caf.o(i.smp____SC_Phase_2AS2_Generate_DHKeyCheck) refers to mem_alloc.o(.data) for mem_alloc_ctx_p
    smp_scv42_caf.o(i.smp____SC_Phase_2AS2__Set_Addresses) refers to osal.o(i.Osal_MemCpy) for Osal_MemCpy
    smp_scv42_caf.o(i.smp_sc_check_for_ecc_pk_generation_request) refers to hci.o(i.hci_le_read_local_p256_public_key_api) for hci_le_read_local_p256_public_key_api
    smp_scv42_caf.o(i.smp_sc_check_for_ecc_pk_generation_request) refers to mem_alloc.o(.data) for mem_alloc_ctx_p
    smp_scv42_caf.o(i.smp_sc_continue_on_exclusive_sc_pairing) refers to smp_scv42_caf.o(i.smp_sc_is_any_other_sc_pairing_ongoing) for smp_sc_is_any_other_sc_pairing_ongoing
    smp_scv42_caf.o(i.smp_sc_continue_on_exclusive_sc_pairing) refers to mem_alloc.o(.data) for mem_alloc_ctx_p
    smp_scv42_caf.o(i.smp_sc_force_debug_private_key) refers to osal.o(i.Osal_MemCpy) for Osal_MemCpy
    smp_scv42_caf.o(i.smp_sc_force_debug_private_key) refers to smp_scv42_caf.o(.constdata) for [Anonymous Symbol]
    smp_scv42_caf.o(i.smp_sc_force_debug_private_key) refers to mem_alloc.o(.data) for mem_alloc_ctx_p
    smp_scv42_caf.o(i.smp_sc_generate_new_local_oob_data) refers to utils.o(i.is_Buffer_All_Set_To) for is_Buffer_All_Set_To
    smp_scv42_caf.o(i.smp_sc_generate_new_local_oob_data) refers to hal.o(i.HAL_Generate_Random_Bytes_To) for HAL_Generate_Random_Bytes_To
    smp_scv42_caf.o(i.smp_sc_generate_new_local_oob_data) refers to smp_algo_sap.o(i.SMA_SC_Gen_f4_Confirm) for SMA_SC_Gen_f4_Confirm
    smp_scv42_caf.o(i.smp_sc_generate_new_local_oob_data) refers to mem_alloc.o(.data) for mem_alloc_ctx_p
    smp_scv42_caf.o(i.smp_sc_init) refers to osal.o(i.Osal_MemCpy) for Osal_MemCpy
    smp_scv42_caf.o(i.smp_sc_init) refers to smp_scv42_caf.o(i.smp_sc_force_debug_private_key) for smp_sc_force_debug_private_key
    smp_scv42_caf.o(i.smp_sc_init) refers to mem_alloc.o(.data) for mem_alloc_ctx_p
    smp_scv42_caf.o(i.smp_sc_init) refers to smp_scv42_caf.o(.constdata) for [Anonymous Symbol]
    smp_scv42_caf.o(i.smp_sc_is_any_other_sc_pairing_ongoing) refers to mem_alloc.o(.data) for mem_alloc_ctx_p
    smp_scv42_caf.o(i.smp_sc_is_debug_key_usage_forced) refers to mem_alloc.o(.data) for mem_alloc_ctx_p
    smp_scv42_caf.o(i.smp_sc_pairing_oob_confirm_receive_verify) refers to smp_common.o(i.smp_oob_check_is_remote_data_present) for smp_oob_check_is_remote_data_present
    smp_scv42_caf.o(i.smp_sc_pairing_oob_confirm_receive_verify) refers to smp_common.o(i.smp_oob_get_remote_data_reference) for smp_oob_get_remote_data_reference
    smp_scv42_caf.o(i.smp_sc_pairing_oob_confirm_receive_verify) refers to smp_algo_sap.o(i.SMA_SC_Gen_f4_Confirm) for SMA_SC_Gen_f4_Confirm
    smp_scv42_caf.o(i.smp_sc_pairing_oob_confirm_receive_verify) refers to osal.o(i.Osal_MemCmp) for Osal_MemCmp
    smp_scv42_caf.o(i.smp_sc_pairing_oob_confirm_receive_verify) refers to smp_common.o(i.smp_pairing_failed_send) for smp_pairing_failed_send
    smp_scv42_caf.o(i.smp_sc_pairing_oob_confirm_receive_verify) refers to osal.o(i.Osal_MemSet) for Osal_MemSet
    smp_scv42_caf.o(i.smp_sc_pairing_oob_confirm_receive_verify) refers to mem_alloc.o(.data) for mem_alloc_ctx_p
    smp_scv42_caf.o(i.smp_sc_pairing_public_key_receive) refers to pm.o(i.PM_Copy_Pckt_Data) for PM_Copy_Pckt_Data
    smp_scv42_caf.o(i.smp_sc_pairing_public_key_receive) refers to hci.o(i.hci_le_generate_dhkey_api) for hci_le_generate_dhkey_api
    smp_scv42_caf.o(i.smp_sc_pairing_public_key_receive) refers to osal.o(i.Osal_MemCmp) for Osal_MemCmp
    smp_scv42_caf.o(i.smp_sc_pairing_public_key_receive) refers to smp_common.o(i.smp_pairing_failed_send) for smp_pairing_failed_send
    smp_scv42_caf.o(i.smp_sc_pairing_public_key_receive) refers to mem_alloc.o(.data) for mem_alloc_ctx_p
    smp_scv42_caf.o(i.smp_sc_pairing_public_key_receive) refers to smp_scv42_caf.o(.constdata) for [Anonymous Symbol]
    smp_scv42_caf.o(i.smp_sc_pairing_public_key_send) refers to pm.o(i.PM_Get_Pckt) for PM_Get_Pckt
    smp_scv42_caf.o(i.smp_sc_pairing_public_key_send) refers to pm.o(i.PM_Resize_Pckt_Pdu_Size) for PM_Resize_Pckt_Pdu_Size
    smp_scv42_caf.o(i.smp_sc_pairing_public_key_send) refers to pm.o(i.PM_Write_Pckt_Data) for PM_Write_Pckt_Data
    smp_scv42_caf.o(i.smp_sc_pairing_public_key_send) refers to securitymgr.o(i.smp_send_packet) for smp_send_packet
    smp_scv42_caf.o(i.smp_sc_pairing_public_key_send) refers to pm.o(i.PM_Release_Acl_Pckt) for PM_Release_Acl_Pckt
    smp_scv42_caf.o(i.smp_sc_pairing_public_key_send) refers to smp_scv42_caf.o(i.smp_sc_is_debug_key_usage_forced) for smp_sc_is_debug_key_usage_forced
    smp_scv42_caf.o(i.smp_sc_pairing_public_key_send) refers to mem_alloc.o(.data) for mem_alloc_ctx_p
    smp_scv42_caf.o(i.smp_sc_phase_2as2_dhkey_check_receive) refers to pm.o(i.PM_Copy_Pckt_Data) for PM_Copy_Pckt_Data
    smp_scv42_caf.o(i.smp_sc_phase_2as2_dhkey_check_receive) refers to smp_scv42_caf.o(i.smp____SC_Phase_2AS2_Generate_DHKeyCheck) for smp____SC_Phase_2AS2_Generate_DHKeyCheck
    smp_scv42_caf.o(i.smp_sc_phase_2as2_dhkey_check_receive) refers to osal.o(i.Osal_MemCmp) for Osal_MemCmp
    smp_scv42_caf.o(i.smp_sc_phase_2as2_dhkey_check_receive) refers to smp_common.o(i.smp_pairing_failed_send) for smp_pairing_failed_send
    smp_scv42_caf.o(i.smp_sc_phase_2as2_dhkey_check_receive) refers to smp_scv42_caf.o(i.smp____SC_Phase_2AS2_DHKeyCheck_Send) for smp____SC_Phase_2AS2_DHKeyCheck_Send
    smp_scv42_caf.o(i.smp_sc_phase_2as2_dhkey_check_receive) refers to osal.o(i.Osal_MemSet) for Osal_MemSet
    smp_scv42_caf.o(i.smp_sc_phase_2as2_dhkey_check_receive) refers to securitymgr.o(i.smp_MI_Start_Encryption_ucfg) for smp_MI_Start_Encryption_ucfg
    smp_scv42_caf.o(i.smp_sc_phase_2as2_start) refers to osal.o(i.Osal_MemCpy) for Osal_MemCpy
    smp_scv42_caf.o(i.smp_sc_phase_2as2_start) refers to smp_scv42_caf.o(i.smp____SC_Phase_2AS2__Set_Addresses) for smp____SC_Phase_2AS2__Set_Addresses
    smp_scv42_caf.o(i.smp_sc_phase_2as2_start) refers to smp_algo_sap.o(i.SMA_SC_Gen_f5_Keys) for SMA_SC_Gen_f5_Keys
    smp_scv42_caf.o(i.smp_sc_phase_2as2_start) refers to smp_scv42_caf.o(i.smp____SC_Phase_2AS2_Generate_DHKeyCheck) for smp____SC_Phase_2AS2_Generate_DHKeyCheck
    smp_scv42_caf.o(i.smp_sc_phase_2as2_start) refers to smp_scv42_caf.o(i.smp____SC_Phase_2AS2_DHKeyCheck_Send) for smp____SC_Phase_2AS2_DHKeyCheck_Send
    smp_scv42_caf.o(i.smp_sc_phase_2as2_start) refers to mem_alloc.o(.data) for mem_alloc_ctx_p
    smp_scv42_caf.o(i.smp_sc_submit_ecc_pk_generation_request) refers to mem_alloc.o(.data) for mem_alloc_ctx_p
    smp_scv42_caf.o(i.smp_sc_update_statistics_on_pairing_complete) refers to uidiv.o(.text) for __aeabi_uidivmod
    smp_scv42_caf.o(i.smp_sc_update_statistics_on_pairing_complete) refers to smp_scv42_caf.o(i.smp_sc_submit_ecc_pk_generation_request) for smp_sc_submit_ecc_pk_generation_request
    smp_scv42_caf.o(i.smp_sc_update_statistics_on_pairing_complete) refers to mem_alloc.o(.data) for mem_alloc_ctx_p
    crypto.o(i.AES_CMAC_Decrypt_Append) refers to crypto.o(i.AES_CMAC_Encrypt_Append) for AES_CMAC_Encrypt_Append
    crypto.o(i.AES_CMAC_Decrypt_Finish) refers to crypto.o(i.AES_CMAC_Encrypt_Append) for AES_CMAC_Encrypt_Append
    crypto.o(i.AES_CMAC_Decrypt_Finish) refers to uread4.o(.text) for __aeabi_uread4
    crypto.o(i.AES_CMAC_Decrypt_Init) refers to crypto.o(i.AES_CMAC_Encrypt_Init) for AES_CMAC_Encrypt_Init
    crypto.o(i.AES_CMAC_Encrypt_Append) refers to uread4.o(.text) for __aeabi_uread4
    crypto.o(i.AES_CMAC_Encrypt_Append) refers to crypto.o(i.AES_general_enc) for AES_general_enc
    crypto.o(i.AES_CMAC_Encrypt_Finish) refers to crypto.o(i.AES_CMAC_Encrypt_Append) for AES_CMAC_Encrypt_Append
    crypto.o(i.AES_CMAC_Encrypt_Init) refers to crypto.o(i.AESstdInit) for AESstdInit
    crypto.o(i.AES_general_SW_enc) refers to crypto.o(.constdata) for .constdata
    crypto.o(i.AES_general_enc) refers to crypto.o(i.AES_general_SW_enc) for AES_general_SW_enc
    crypto.o(i.AES_keyschedule_enc) refers to uread4.o(.text) for __aeabi_uread4
    crypto.o(i.AES_keyschedule_enc) refers to crypto.o(i.AES_keyschedule_enc_LL) for AES_keyschedule_enc_LL
    crypto.o(i.AES_keyschedule_enc_LL) refers to crypto.o(.constdata) for .constdata
    crypto.o(i.AESstdInit) refers to crypto.o(i.AES_keyschedule_enc) for AES_keyschedule_enc
    entry.o(.ARM.Collect$$$$00000000) refers (Special) to entry10a.o(.ARM.Collect$$$$0000000D) for __rt_final_cpp
    entry.o(.ARM.Collect$$$$00000000) refers (Special) to entry11a.o(.ARM.Collect$$$$0000000F) for __rt_final_exit
    entry.o(.ARM.Collect$$$$00000000) refers (Special) to entry7b.o(.ARM.Collect$$$$00000008) for _main_clock
    entry.o(.ARM.Collect$$$$00000000) refers (Special) to entry8b.o(.ARM.Collect$$$$0000000A) for _main_cpp_init
    entry.o(.ARM.Collect$$$$00000000) refers (Special) to entry9a.o(.ARM.Collect$$$$0000000B) for _main_init
    entry.o(.ARM.Collect$$$$00000000) refers (Special) to entry5.o(.ARM.Collect$$$$00000004) for _main_scatterload
    entry.o(.ARM.Collect$$$$00000000) refers (Special) to entry3.o(.ARM.Collect$$$$00000002) for _main_stk
    idiv.o(.text) refers to uidiv.o(.text) for __aeabi_uidivmod
    printfb.o(i.__0fprintf$bare) refers to printfb.o(i._printf_core) for _printf_core
    printfb.o(i.__0fprintf$bare) refers to sdk_eval_com.o(i.fputc) for fputc
    printfb.o(i.__0printf$bare) refers to printfb.o(i._printf_core) for _printf_core
    printfb.o(i.__0printf$bare) refers to sdk_eval_com.o(i.fputc) for fputc
    printfb.o(i.__0printf$bare) refers to sdk_eval_com.o(.data) for __stdout
    printfb.o(i.__0snprintf$bare) refers to printfb.o(i._printf_core) for _printf_core
    printfb.o(i.__0snprintf$bare) refers to printfb.o(i._snputc) for _snputc
    printfb.o(i.__0sprintf$bare) refers to printfb.o(i._printf_core) for _printf_core
    printfb.o(i.__0sprintf$bare) refers to printfb.o(i._sputc) for _sputc
    printfb.o(i.__0vfprintf$bare) refers to printfb.o(i._printf_core) for _printf_core
    printfb.o(i.__0vfprintf$bare) refers to sdk_eval_com.o(i.fputc) for fputc
    printfb.o(i.__0vprintf$bare) refers to printfb.o(i._printf_core) for _printf_core
    printfb.o(i.__0vprintf$bare) refers to sdk_eval_com.o(i.fputc) for fputc
    printfb.o(i.__0vprintf$bare) refers to sdk_eval_com.o(.data) for __stdout
    printfb.o(i.__0vsnprintf$bare) refers to printfb.o(i._printf_core) for _printf_core
    printfb.o(i.__0vsnprintf$bare) refers to printfb.o(i._snputc) for _snputc
    printfb.o(i.__0vsprintf$bare) refers to printfb.o(i._printf_core) for _printf_core
    printfb.o(i.__0vsprintf$bare) refers to printfb.o(i._sputc) for _sputc
    printf0.o(i.__0fprintf$0) refers to printf0.o(i._printf_core) for _printf_core
    printf0.o(i.__0fprintf$0) refers to sdk_eval_com.o(i.fputc) for fputc
    printf0.o(i.__0printf$0) refers to printf0.o(i._printf_core) for _printf_core
    printf0.o(i.__0printf$0) refers to sdk_eval_com.o(i.fputc) for fputc
    printf0.o(i.__0printf$0) refers to sdk_eval_com.o(.data) for __stdout
    printf0.o(i.__0snprintf$0) refers to printf0.o(i._printf_core) for _printf_core
    printf0.o(i.__0snprintf$0) refers to printf0.o(i._snputc) for _snputc
    printf0.o(i.__0sprintf$0) refers to printf0.o(i._printf_core) for _printf_core
    printf0.o(i.__0sprintf$0) refers to printf0.o(i._sputc) for _sputc
    printf0.o(i.__0vfprintf$0) refers to printf0.o(i._printf_core) for _printf_core
    printf0.o(i.__0vfprintf$0) refers to sdk_eval_com.o(i.fputc) for fputc
    printf0.o(i.__0vprintf$0) refers to printf0.o(i._printf_core) for _printf_core
    printf0.o(i.__0vprintf$0) refers to sdk_eval_com.o(i.fputc) for fputc
    printf0.o(i.__0vprintf$0) refers to sdk_eval_com.o(.data) for __stdout
    printf0.o(i.__0vsnprintf$0) refers to printf0.o(i._printf_core) for _printf_core
    printf0.o(i.__0vsnprintf$0) refers to printf0.o(i._snputc) for _snputc
    printf0.o(i.__0vsprintf$0) refers to printf0.o(i._printf_core) for _printf_core
    printf0.o(i.__0vsprintf$0) refers to printf0.o(i._sputc) for _sputc
    printf1.o(i.__0fprintf$1) refers to printf1.o(i._printf_core) for _printf_core
    printf1.o(i.__0fprintf$1) refers to sdk_eval_com.o(i.fputc) for fputc
    printf1.o(i.__0printf$1) refers to printf1.o(i._printf_core) for _printf_core
    printf1.o(i.__0printf$1) refers to sdk_eval_com.o(i.fputc) for fputc
    printf1.o(i.__0printf$1) refers to sdk_eval_com.o(.data) for __stdout
    printf1.o(i.__0snprintf$1) refers to printf1.o(i._printf_core) for _printf_core
    printf1.o(i.__0snprintf$1) refers to printf1.o(i._snputc) for _snputc
    printf1.o(i.__0sprintf$1) refers to printf1.o(i._printf_core) for _printf_core
    printf1.o(i.__0sprintf$1) refers to printf1.o(i._sputc) for _sputc
    printf1.o(i.__0vfprintf$1) refers to printf1.o(i._printf_core) for _printf_core
    printf1.o(i.__0vfprintf$1) refers to sdk_eval_com.o(i.fputc) for fputc
    printf1.o(i.__0vprintf$1) refers to printf1.o(i._printf_core) for _printf_core
    printf1.o(i.__0vprintf$1) refers to sdk_eval_com.o(i.fputc) for fputc
    printf1.o(i.__0vprintf$1) refers to sdk_eval_com.o(.data) for __stdout
    printf1.o(i.__0vsnprintf$1) refers to printf1.o(i._printf_core) for _printf_core
    printf1.o(i.__0vsnprintf$1) refers to printf1.o(i._snputc) for _snputc
    printf1.o(i.__0vsprintf$1) refers to printf1.o(i._printf_core) for _printf_core
    printf1.o(i.__0vsprintf$1) refers to printf1.o(i._sputc) for _sputc
    printf1.o(i._printf_core) refers to uidiv.o(.text) for __aeabi_uidivmod
    printf2.o(i.__0fprintf$2) refers to printf2.o(i._printf_core) for _printf_core
    printf2.o(i.__0fprintf$2) refers to sdk_eval_com.o(i.fputc) for fputc
    printf2.o(i.__0printf$2) refers to printf2.o(i._printf_core) for _printf_core
    printf2.o(i.__0printf$2) refers to sdk_eval_com.o(i.fputc) for fputc
    printf2.o(i.__0printf$2) refers to sdk_eval_com.o(.data) for __stdout
    printf2.o(i.__0snprintf$2) refers to printf2.o(i._printf_core) for _printf_core
    printf2.o(i.__0snprintf$2) refers to printf2.o(i._snputc) for _snputc
    printf2.o(i.__0sprintf$2) refers to printf2.o(i._printf_core) for _printf_core
    printf2.o(i.__0sprintf$2) refers to printf2.o(i._sputc) for _sputc
    printf2.o(i.__0vfprintf$2) refers to printf2.o(i._printf_core) for _printf_core
    printf2.o(i.__0vfprintf$2) refers to sdk_eval_com.o(i.fputc) for fputc
    printf2.o(i.__0vprintf$2) refers to printf2.o(i._printf_core) for _printf_core
    printf2.o(i.__0vprintf$2) refers to sdk_eval_com.o(i.fputc) for fputc
    printf2.o(i.__0vprintf$2) refers to sdk_eval_com.o(.data) for __stdout
    printf2.o(i.__0vsnprintf$2) refers to printf2.o(i._printf_core) for _printf_core
    printf2.o(i.__0vsnprintf$2) refers to printf2.o(i._snputc) for _snputc
    printf2.o(i.__0vsprintf$2) refers to printf2.o(i._printf_core) for _printf_core
    printf2.o(i.__0vsprintf$2) refers to printf2.o(i._sputc) for _sputc
    printf3.o(i.__0fprintf$3) refers to printf3.o(i._printf_core) for _printf_core
    printf3.o(i.__0fprintf$3) refers to sdk_eval_com.o(i.fputc) for fputc
    printf3.o(i.__0printf$3) refers to printf3.o(i._printf_core) for _printf_core
    printf3.o(i.__0printf$3) refers to sdk_eval_com.o(i.fputc) for fputc
    printf3.o(i.__0printf$3) refers to sdk_eval_com.o(.data) for __stdout
    printf3.o(i.__0snprintf$3) refers to printf3.o(i._printf_core) for _printf_core
    printf3.o(i.__0snprintf$3) refers to printf3.o(i._snputc) for _snputc
    printf3.o(i.__0sprintf$3) refers to printf3.o(i._printf_core) for _printf_core
    printf3.o(i.__0sprintf$3) refers to printf3.o(i._sputc) for _sputc
    printf3.o(i.__0vfprintf$3) refers to printf3.o(i._printf_core) for _printf_core
    printf3.o(i.__0vfprintf$3) refers to sdk_eval_com.o(i.fputc) for fputc
    printf3.o(i.__0vprintf$3) refers to printf3.o(i._printf_core) for _printf_core
    printf3.o(i.__0vprintf$3) refers to sdk_eval_com.o(i.fputc) for fputc
    printf3.o(i.__0vprintf$3) refers to sdk_eval_com.o(.data) for __stdout
    printf3.o(i.__0vsnprintf$3) refers to printf3.o(i._printf_core) for _printf_core
    printf3.o(i.__0vsnprintf$3) refers to printf3.o(i._snputc) for _snputc
    printf3.o(i.__0vsprintf$3) refers to printf3.o(i._printf_core) for _printf_core
    printf3.o(i.__0vsprintf$3) refers to printf3.o(i._sputc) for _sputc
    printf3.o(i._printf_core) refers to uidiv.o(.text) for __aeabi_uidivmod
    printf4.o(i.__0fprintf$4) refers to printf4.o(i._printf_core) for _printf_core
    printf4.o(i.__0fprintf$4) refers to sdk_eval_com.o(i.fputc) for fputc
    printf4.o(i.__0printf$4) refers to printf4.o(i._printf_core) for _printf_core
    printf4.o(i.__0printf$4) refers to sdk_eval_com.o(i.fputc) for fputc
    printf4.o(i.__0printf$4) refers to sdk_eval_com.o(.data) for __stdout
    printf4.o(i.__0snprintf$4) refers to printf4.o(i._printf_core) for _printf_core
    printf4.o(i.__0snprintf$4) refers to printf4.o(i._snputc) for _snputc
    printf4.o(i.__0sprintf$4) refers to printf4.o(i._printf_core) for _printf_core
    printf4.o(i.__0sprintf$4) refers to printf4.o(i._sputc) for _sputc
    printf4.o(i.__0vfprintf$4) refers to printf4.o(i._printf_core) for _printf_core
    printf4.o(i.__0vfprintf$4) refers to sdk_eval_com.o(i.fputc) for fputc
    printf4.o(i.__0vprintf$4) refers to printf4.o(i._printf_core) for _printf_core
    printf4.o(i.__0vprintf$4) refers to sdk_eval_com.o(i.fputc) for fputc
    printf4.o(i.__0vprintf$4) refers to sdk_eval_com.o(.data) for __stdout
    printf4.o(i.__0vsnprintf$4) refers to printf4.o(i._printf_core) for _printf_core
    printf4.o(i.__0vsnprintf$4) refers to printf4.o(i._snputc) for _snputc
    printf4.o(i.__0vsprintf$4) refers to printf4.o(i._printf_core) for _printf_core
    printf4.o(i.__0vsprintf$4) refers to printf4.o(i._sputc) for _sputc
    printf4.o(i._printf_core) refers to uldiv.o(.text) for __aeabi_uldivmod
    printf5.o(i.__0fprintf$5) refers to printf5.o(i._printf_core) for _printf_core
    printf5.o(i.__0fprintf$5) refers to sdk_eval_com.o(i.fputc) for fputc
    printf5.o(i.__0printf$5) refers to printf5.o(i._printf_core) for _printf_core
    printf5.o(i.__0printf$5) refers to sdk_eval_com.o(i.fputc) for fputc
    printf5.o(i.__0printf$5) refers to sdk_eval_com.o(.data) for __stdout
    printf5.o(i.__0snprintf$5) refers to printf5.o(i._printf_core) for _printf_core
    printf5.o(i.__0snprintf$5) refers to printf5.o(i._snputc) for _snputc
    printf5.o(i.__0sprintf$5) refers to printf5.o(i._printf_core) for _printf_core
    printf5.o(i.__0sprintf$5) refers to printf5.o(i._sputc) for _sputc
    printf5.o(i.__0vfprintf$5) refers to printf5.o(i._printf_core) for _printf_core
    printf5.o(i.__0vfprintf$5) refers to sdk_eval_com.o(i.fputc) for fputc
    printf5.o(i.__0vprintf$5) refers to printf5.o(i._printf_core) for _printf_core
    printf5.o(i.__0vprintf$5) refers to sdk_eval_com.o(i.fputc) for fputc
    printf5.o(i.__0vprintf$5) refers to sdk_eval_com.o(.data) for __stdout
    printf5.o(i.__0vsnprintf$5) refers to printf5.o(i._printf_core) for _printf_core
    printf5.o(i.__0vsnprintf$5) refers to printf5.o(i._snputc) for _snputc
    printf5.o(i.__0vsprintf$5) refers to printf5.o(i._printf_core) for _printf_core
    printf5.o(i.__0vsprintf$5) refers to printf5.o(i._sputc) for _sputc
    printf5.o(i._printf_core) refers to uldiv.o(.text) for __aeabi_uldivmod
    printf6.o(i.__0fprintf$6) refers to printf6.o(i._printf_core) for _printf_core
    printf6.o(i.__0fprintf$6) refers to sdk_eval_com.o(i.fputc) for fputc
    printf6.o(i.__0printf$6) refers to printf6.o(i._printf_core) for _printf_core
    printf6.o(i.__0printf$6) refers to sdk_eval_com.o(i.fputc) for fputc
    printf6.o(i.__0printf$6) refers to sdk_eval_com.o(.data) for __stdout
    printf6.o(i.__0snprintf$6) refers to printf6.o(i._printf_core) for _printf_core
    printf6.o(i.__0snprintf$6) refers to printf6.o(i._snputc) for _snputc
    printf6.o(i.__0sprintf$6) refers to printf6.o(i._printf_core) for _printf_core
    printf6.o(i.__0sprintf$6) refers to printf6.o(i._sputc) for _sputc
    printf6.o(i.__0vfprintf$6) refers to printf6.o(i._printf_core) for _printf_core
    printf6.o(i.__0vfprintf$6) refers to sdk_eval_com.o(i.fputc) for fputc
    printf6.o(i.__0vprintf$6) refers to printf6.o(i._printf_core) for _printf_core
    printf6.o(i.__0vprintf$6) refers to sdk_eval_com.o(i.fputc) for fputc
    printf6.o(i.__0vprintf$6) refers to sdk_eval_com.o(.data) for __stdout
    printf6.o(i.__0vsnprintf$6) refers to printf6.o(i._printf_core) for _printf_core
    printf6.o(i.__0vsnprintf$6) refers to printf6.o(i._snputc) for _snputc
    printf6.o(i.__0vsprintf$6) refers to printf6.o(i._printf_core) for _printf_core
    printf6.o(i.__0vsprintf$6) refers to printf6.o(i._sputc) for _sputc
    printf6.o(i._printf_core) refers to printf6.o(i._printf_pre_padding) for _printf_pre_padding
    printf6.o(i._printf_core) refers to printf6.o(i._printf_post_padding) for _printf_post_padding
    printf6.o(i._printf_core) refers to uidiv.o(.text) for __aeabi_uidivmod
    printf7.o(i.__0fprintf$7) refers to printf7.o(i._printf_core) for _printf_core
    printf7.o(i.__0fprintf$7) refers to sdk_eval_com.o(i.fputc) for fputc
    printf7.o(i.__0printf$7) refers to printf7.o(i._printf_core) for _printf_core
    printf7.o(i.__0printf$7) refers to sdk_eval_com.o(i.fputc) for fputc
    printf7.o(i.__0printf$7) refers to sdk_eval_com.o(.data) for __stdout
    printf7.o(i.__0snprintf$7) refers to printf7.o(i._printf_core) for _printf_core
    printf7.o(i.__0snprintf$7) refers to printf7.o(i._snputc) for _snputc
    printf7.o(i.__0sprintf$7) refers to printf7.o(i._printf_core) for _printf_core
    printf7.o(i.__0sprintf$7) refers to printf7.o(i._sputc) for _sputc
    printf7.o(i.__0vfprintf$7) refers to printf7.o(i._printf_core) for _printf_core
    printf7.o(i.__0vfprintf$7) refers to sdk_eval_com.o(i.fputc) for fputc
    printf7.o(i.__0vprintf$7) refers to printf7.o(i._printf_core) for _printf_core
    printf7.o(i.__0vprintf$7) refers to sdk_eval_com.o(i.fputc) for fputc
    printf7.o(i.__0vprintf$7) refers to sdk_eval_com.o(.data) for __stdout
    printf7.o(i.__0vsnprintf$7) refers to printf7.o(i._printf_core) for _printf_core
    printf7.o(i.__0vsnprintf$7) refers to printf7.o(i._snputc) for _snputc
    printf7.o(i.__0vsprintf$7) refers to printf7.o(i._printf_core) for _printf_core
    printf7.o(i.__0vsprintf$7) refers to printf7.o(i._sputc) for _sputc
    printf7.o(i._printf_core) refers to printf7.o(i._printf_pre_padding) for _printf_pre_padding
    printf7.o(i._printf_core) refers to printf7.o(i._printf_post_padding) for _printf_post_padding
    printf7.o(i._printf_core) refers to uldiv.o(.text) for __aeabi_uldivmod
    printf8.o(i.__0fprintf$8) refers to printf8.o(i._printf_core) for _printf_core
    printf8.o(i.__0fprintf$8) refers to sdk_eval_com.o(i.fputc) for fputc
    printf8.o(i.__0printf$8) refers to printf8.o(i._printf_core) for _printf_core
    printf8.o(i.__0printf$8) refers to sdk_eval_com.o(i.fputc) for fputc
    printf8.o(i.__0printf$8) refers to sdk_eval_com.o(.data) for __stdout
    printf8.o(i.__0snprintf$8) refers to printf8.o(i._printf_core) for _printf_core
    printf8.o(i.__0snprintf$8) refers to printf8.o(i._snputc) for _snputc
    printf8.o(i.__0sprintf$8) refers to printf8.o(i._printf_core) for _printf_core
    printf8.o(i.__0sprintf$8) refers to printf8.o(i._sputc) for _sputc
    printf8.o(i.__0vfprintf$8) refers to printf8.o(i._printf_core) for _printf_core
    printf8.o(i.__0vfprintf$8) refers to sdk_eval_com.o(i.fputc) for fputc
    printf8.o(i.__0vprintf$8) refers to printf8.o(i._printf_core) for _printf_core
    printf8.o(i.__0vprintf$8) refers to sdk_eval_com.o(i.fputc) for fputc
    printf8.o(i.__0vprintf$8) refers to sdk_eval_com.o(.data) for __stdout
    printf8.o(i.__0vsnprintf$8) refers to printf8.o(i._printf_core) for _printf_core
    printf8.o(i.__0vsnprintf$8) refers to printf8.o(i._snputc) for _snputc
    printf8.o(i.__0vsprintf$8) refers to printf8.o(i._printf_core) for _printf_core
    printf8.o(i.__0vsprintf$8) refers to printf8.o(i._sputc) for _sputc
    printf8.o(i._printf_core) refers to printf8.o(i._printf_pre_padding) for _printf_pre_padding
    printf8.o(i._printf_core) refers to printf8.o(i._printf_post_padding) for _printf_post_padding
    printf8.o(i._printf_core) refers to uldiv.o(.text) for __aeabi_uldivmod
    printfa.o(i.__0fprintf) refers (Special) to iusefp.o(.text) for __I$use$fp
    printfa.o(i.__0fprintf) refers to printfa.o(i._printf_core) for _printf_core
    printfa.o(i.__0fprintf) refers to sdk_eval_com.o(i.fputc) for fputc
    printfa.o(i.__0printf) refers (Special) to iusefp.o(.text) for __I$use$fp
    printfa.o(i.__0printf) refers to printfa.o(i._printf_core) for _printf_core
    printfa.o(i.__0printf) refers to sdk_eval_com.o(i.fputc) for fputc
    printfa.o(i.__0printf) refers to sdk_eval_com.o(.data) for __stdout
    printfa.o(i.__0snprintf) refers (Special) to iusefp.o(.text) for __I$use$fp
    printfa.o(i.__0snprintf) refers to printfa.o(i._printf_core) for _printf_core
    printfa.o(i.__0snprintf) refers to printfa.o(i._snputc) for _snputc
    printfa.o(i.__0sprintf) refers (Special) to iusefp.o(.text) for __I$use$fp
    printfa.o(i.__0sprintf) refers to printfa.o(i._printf_core) for _printf_core
    printfa.o(i.__0sprintf) refers to printfa.o(i._sputc) for _sputc
    printfa.o(i.__0vfprintf) refers (Special) to iusefp.o(.text) for __I$use$fp
    printfa.o(i.__0vfprintf) refers to printfa.o(i._printf_core) for _printf_core
    printfa.o(i.__0vfprintf) refers to sdk_eval_com.o(i.fputc) for fputc
    printfa.o(i.__0vprintf) refers (Special) to iusefp.o(.text) for __I$use$fp
    printfa.o(i.__0vprintf) refers to printfa.o(i._printf_core) for _printf_core
    printfa.o(i.__0vprintf) refers to sdk_eval_com.o(i.fputc) for fputc
    printfa.o(i.__0vprintf) refers to sdk_eval_com.o(.data) for __stdout
    printfa.o(i.__0vsnprintf) refers (Special) to iusefp.o(.text) for __I$use$fp
    printfa.o(i.__0vsnprintf) refers to printfa.o(i._printf_core) for _printf_core
    printfa.o(i.__0vsnprintf) refers to printfa.o(i._snputc) for _snputc
    printfa.o(i.__0vsprintf) refers (Special) to iusefp.o(.text) for __I$use$fp
    printfa.o(i.__0vsprintf) refers to printfa.o(i._printf_core) for _printf_core
    printfa.o(i.__0vsprintf) refers to printfa.o(i._sputc) for _sputc
    printfa.o(i._fp_digits) refers (Special) to iusefp.o(.text) for __I$use$fp
    printfa.o(i._fp_digits) refers to dmul.o(.text) for __aeabi_dmul
    printfa.o(i._fp_digits) refers to ddiv.o(.text) for __aeabi_ddiv
    printfa.o(i._fp_digits) refers to cdrcmple.o(.text) for __aeabi_cdrcmple
    printfa.o(i._fp_digits) refers to dadd.o(.text) for __aeabi_dadd
    printfa.o(i._fp_digits) refers to dfixul.o(.text) for __aeabi_d2ulz
    printfa.o(i._fp_digits) refers to uldiv.o(.text) for __aeabi_uldivmod
    printfa.o(i._printf_core) refers (Special) to iusefp.o(.text) for __I$use$fp
    printfa.o(i._printf_core) refers to printfa.o(i._printf_pre_padding) for _printf_pre_padding
    printfa.o(i._printf_core) refers to uldiv.o(.text) for __aeabi_uldivmod
    printfa.o(i._printf_core) refers to printfa.o(i._printf_post_padding) for _printf_post_padding
    printfa.o(i._printf_core) refers to printfa.o(i._fp_digits) for _fp_digits
    printfa.o(i._printf_core) refers to uidiv.o(.text) for __aeabi_uidivmod
    printfa.o(i._printf_post_padding) refers (Special) to iusefp.o(.text) for __I$use$fp
    printfa.o(i._printf_pre_padding) refers (Special) to iusefp.o(.text) for __I$use$fp
    printfa.o(i._snputc) refers (Special) to iusefp.o(.text) for __I$use$fp
    printfa.o(i._sputc) refers (Special) to iusefp.o(.text) for __I$use$fp
    fadd.o(.text) refers (Special) to iusefp.o(.text) for __I$use$fp
    fadd.o(.text) refers to fepilogue.o(.text) for _float_epilogue
    fmul.o(.text) refers (Special) to iusefp.o(.text) for __I$use$fp
    fdiv.o(.text) refers (Special) to iusefp.o(.text) for __I$use$fp
    fdiv.o(.text) refers to fepilogue.o(.text) for _float_round
    fscalb.o(.text) refers (Special) to iusefp.o(.text) for __I$use$fp
    dadd.o(.text) refers (Special) to iusefp.o(.text) for __I$use$fp
    dadd.o(.text) refers to llshl.o(.text) for __aeabi_llsl
    dadd.o(.text) refers to llsshr.o(.text) for __aeabi_lasr
    dadd.o(.text) refers to depilogue.o(.text) for _double_epilogue
    dmul.o(.text) refers (Special) to iusefp.o(.text) for __I$use$fp
    dmul.o(.text) refers to depilogue.o(.text) for _double_epilogue
    ddiv.o(.text) refers (Special) to iusefp.o(.text) for __I$use$fp
    ddiv.o(.text) refers to depilogue.o(.text) for _double_round
    fflti.o(.text) refers (Special) to iusefp.o(.text) for __I$use$fp
    fflti.o(.text) refers to fepilogue.o(.text) for _float_epilogue
    ffltui.o(.text) refers (Special) to iusefp.o(.text) for __I$use$fp
    ffltui.o(.text) refers to fepilogue.o(.text) for _float_epilogue
    dflti.o(.text) refers (Special) to iusefp.o(.text) for __I$use$fp
    dflti.o(.text) refers to depilogue.o(.text) for _double_epilogue
    dfltui.o(.text) refers (Special) to iusefp.o(.text) for __I$use$fp
    dfltui.o(.text) refers to depilogue.o(.text) for _double_epilogue
    ffixi.o(.text) refers (Special) to iusefp.o(.text) for __I$use$fp
    ffixui.o(.text) refers (Special) to iusefp.o(.text) for __I$use$fp
    dfixui.o(.text) refers (Special) to iusefp.o(.text) for __I$use$fp
    dfixui.o(.text) refers to llushr.o(.text) for __aeabi_llsr
    f2d.o(.text) refers (Special) to iusefp.o(.text) for __I$use$fp
    cdrcmple.o(.text) refers (Special) to iusefp.o(.text) for __I$use$fp
    d2f.o(.text) refers (Special) to iusefp.o(.text) for __I$use$fp
    d2f.o(.text) refers to fepilogue.o(.text) for _float_round
    entry3.o(.ARM.Collect$$$$00000002) refers to entry3.o(.ARM.Collect$$$$00002713) for __lit__00000000
    entry3.o(__vectab_stack_and_reset_area) refers to entry.o(.ARM.Collect$$$$00000000) for __main
    entry5.o(.ARM.Collect$$$$00000004) refers to init.o(.text) for __scatterload
    entry9a.o(.ARM.Collect$$$$0000000B) refers to sensordemo_bluems_main.o(i.main) for main
    entry9b.o(.ARM.Collect$$$$0000000C) refers to sensordemo_bluems_main.o(i.main) for main
    uldiv.o(.text) refers to llushr.o(.text) for __aeabi_llsr
    uldiv.o(.text) refers to llshl.o(.text) for __aeabi_llsl
    depilogue.o(.text) refers to depilogue.o(i.__ARM_clz) for __ARM_clz
    depilogue.o(.text) refers to llshl.o(.text) for __aeabi_llsl
    depilogue.o(.text) refers to llushr.o(.text) for __aeabi_llsr
    dfixul.o(.text) refers to llushr.o(.text) for __aeabi_llsr
    dfixul.o(.text) refers to llshl.o(.text) for __aeabi_llsl
    init.o(.text) refers to entry5.o(.ARM.Collect$$$$00000004) for __main_after_scatterload

